******************************************************************************
                  TI ARM Linker PC v18.1.3                     
******************************************************************************
>> Linked Sat Feb  9 19:33:14 2019

OUTPUT FILE NAME:   <empty_EK_TM4C129EXL_TI.out>
ENTRY POINT SYMBOL: "_c_int00"  address: 00004b21


MEMORY CONFIGURATION

         name            origin    length      used     unused   attr    fill
----------------------  --------  ---------  --------  --------  ----  --------
  FLASH                 00000000   00100000  00008eb9  000f7147  R  X
  SRAM                  20000000   00040000  00003ab0  0003c550  RW X


SEGMENT ALLOCATION MAP

run origin  load origin   length   init length attrs members
----------  ----------- ---------- ----------- ----- -------
00000000    00000000    00008ec0   00008ec0    r-x
  00000000    00000000    0000003c   0000003c    r-- .resetVecs
  00000040    00000040    00006392   00006392    r-x .text
  000063d4    000063d4    0000292b   0000292b    r-- .const
  00008d00    00008d00    000001c0   000001c0    r-- .cinit
20000000    20000000    00000360   00000000    rw-
  20000000    20000000    00000360   00000000    rw- .vecs
20000380    20000380    00003750   00000000    rw-
  20000380    20000380    00002c30   00000000    rw- .bss
  20002fb0    20002fb0    00000720   00000000    rw- .data
  200036d0    200036d0    00000400   00000000    rw- .stack


SECTION ALLOCATION MAP

 output                                  attributes/
section   page    origin      length       input sections
--------  ----  ----------  ----------   ----------------
.text      0    00000040    00006392     
                  00000040    00000430     sysbios.aem4f : BIOS.obj (.text:ti_sysbios_family_arm_m3_Hwi_excDumpRegs__I)
                  00000470    0000034c     ti.targets.arm.rtsarm.aem4f : System.oem4f (.text:xdc_runtime_System_doPrint__I)
                  000007bc    00000004     driverlib.lib : timer.obj (.text:TimerIntClear)
                  000007c0    0000031c     sysbios.aem4f : BIOS.obj (.text:ti_sysbios_knl_Semaphore_pend__E)
                  00000adc    00000204     Boot.aem4f : Boot_sysctl.oem4f (.text:ti_catalog_arm_cortexm4_tiva_ce_Boot_sysCtlClockFreqSetI__I)
                  00000ce0    000001fc     sysbios.aem4f : BIOS.obj (.text:ti_sysbios_family_arm_m3_Hwi_excHandlerMax__I)
                  00000edc    00000004     rtsv7M4_T_le_v4SPD16_eabi.lib : exit.c.obj (.text:abort:abort)
                  00000ee0    00000178     sysbios.aem4f : BIOS.obj (.text:ti_sysbios_family_arm_lm4_TimestampProvider_get64__E)
                  00001058    00000174                   : BIOS.obj (.text:ti_sysbios_family_arm_m3_Hwi_excBusFault__I)
                  000011cc    00000004     empty_pem4f.oem4f (.text:malloc)
                  000011d0    00000168     sysbios.aem4f : BIOS.obj (.text:ti_sysbios_family_arm_lm4_Timer_start__E)
                  00001338    00000164                   : BIOS.obj (.text:ti_sysbios_family_arm_m3_Hwi_excUsageFault__I)
                  0000149c    00000004     empty_pem4f.oem4f (.text:ti_sysbios_BIOS_RtsGateProxy_enter__E)
                  000014a0    00000148     sysbios.aem4f : BIOS.obj (.text:ti_sysbios_family_arm_m3_Hwi_excMemFault__I)
                  000015e8    00000144     ti.targets.arm.rtsarm.aem4f : HeapStd.oem4f (.text:xdc_runtime_HeapStd_alloc__E)
                  0000172c    00000004     empty_pem4f.oem4f (.text:ti_sysbios_BIOS_RtsGateProxy_leave__E)
                  00001730    00000140     sysbios.aem4f : BIOS.obj (.text:ti_sysbios_knl_Semaphore_post__E)
                  00001870    0000013c                   : BIOS.obj (.text:ti_sysbios_knl_Clock_workFunc__E)
                  000019ac    00000004                   : BIOS.obj (.text:ti_sysbios_family_arm_lm4_Timer_masterEnable__I)
                  000019b0    00000138                   : BIOS.obj (.text:ti_sysbios_family_arm_m3_Hwi_dispatchC__I)
                  00001ae8    00000138     empty_pem4f.oem4f (.text:ti_uia_loggers_LoggerStopMode_writeMemoryRange__E)
                  00001c20    00000130     driverlib.lib : gpio.obj (.text:GPIOPadConfigSet)
                  00001d50    0000011c     sysbios.aem4f : BIOS.obj (.text:ti_sysbios_knl_Swi_run__I)
                  00001e6c    00000118     ti.targets.arm.rtsarm.aem4f : Error.oem4f (.text:xdc_runtime_Error_policyDefault__E)
                  00001f84    00000004     empty_pem4f.oem4f (.text:ti_sysbios_family_arm_m3_TaskSupport_Module__startupDone__S)
                  00001f88    00000110     sysbios.aem4f : BIOS.obj (.text:ti_sysbios_knl_Task_schedule__I)
                  00002098    0000010c     driverlib.lib : sysctl.obj (.text:SysCtlClockGet)
                  000021a4    0000010c     empty_pem4f.oem4f (.text:ti_uia_loggers_LoggerStopMode_write8__E)
                  000022b0    00000100     ti.targets.arm.rtsarm.aem4f : Core-mem.oem4f (.text:xdc_runtime_Core_createObject__I)
                  000023b0    000000fc     sysbios.aem4f : BIOS.obj (.text:ti_sysbios_knl_Task_postInit__I)
                  000024ac    00000004     empty_pem4f.oem4f (.text:ti_sysbios_knl_Clock_TimerProxy_getMaxTicks__E)
                  000024b0    000000fc     sysbios.aem4f : BIOS.obj (.text:ti_sysbios_knl_Task_startCore__E)
                  000025ac    000000f8     main_sem.obj (.text:ledToggle)
                  000026a4    00000004     empty_pem4f.oem4f (.text:ti_sysbios_knl_Clock_TimerProxy_getPeriod__E)
                  000026a8    000000f8     sysbios.aem4f : BIOS.obj (.text:ti_sysbios_utils_Load_updateThreadContexts__E)
                  000027a0    000000f8     ti.targets.arm.rtsarm.aem4f : Startup.oem4f (.text:xdc_runtime_Startup_startMods__I)
                  00002898    000000f8     empty_pem4f.oem4f (.text:xdc_runtime_System_printfExtend__I)
                  00002990    000000f4     sysbios.aem4f : m3_Hwi_asm.obj (.text:ti_sysbios_family_arm_m3_Hwi_dispatch__I)
                  00002a84    000000f4     empty_pem4f.oem4f (.text:ti_uia_loggers_LoggerStopMode_write4__E)
                  00002b78    000000f0     driverlib.lib : sysctl.obj (.text:SysCtlClockSet)
                  00002c68    000000e8     empty_pem4f.oem4f (.text:ti_uia_loggers_LoggerStopMode_write1__E)
                  00002d50    000000e8     empty_pem4f.oem4f (.text:ti_uia_loggers_LoggerStopMode_write2__E)
                  00002e38    000000d8     sysbios.aem4f : BIOS.obj (.text:ti_sysbios_family_arm_lm4_TimestampProvider_get32__E)
                  00002f10    000000d8     empty_pem4f.oem4f (.text:ti_uia_loggers_LoggerStopMode_write0__E)
                  00002fe8    000000d0     sysbios.aem4f : BIOS.obj (.text:ti_sysbios_family_arm_m3_Hwi_Module_startup__E)
                  000030b8    000000cc     ti.targets.arm.rtsarm.aem4f : Core-smem.oem4f (.text:xdc_runtime_Core_constructObject__I)
                  00003184    000000cc                                 : HeapStd.oem4f (.text:xdc_runtime_HeapStd_Instance_init__E)
                  00003250    000000c8     sysbios.aem4f : BIOS.obj (.text:ti_sysbios_knl_Task_exit__E)
                  00003318    000000c4                   : BIOS.obj (.text:ti_sysbios_utils_Load_logLoads__I)
                  000033dc    00000004     empty_pem4f.oem4f (.text:ti_sysbios_knl_Queue_destruct)
                  000033e0    000000bc     sysbios.aem4f : BIOS.obj (.text:ti_sysbios_family_arm_m3_Hwi_excDebugMon__I)
                  0000349c    00000004     empty_pem4f.oem4f (.text:ti_sysbios_knl_Semaphore_destruct)
                  000034a0    000000bc     sysbios.aem4f : BIOS.obj (.text:ti_sysbios_family_arm_m3_Hwi_excHardFault__I)
                  0000355c    00000004     ti.uia.loggers.aem4f : LoggerStopMode.oem4f (.text:ti_uia_loggers_LoggerStopMode_getContents__E)
                  00003560    000000bc     sysbios.aem4f : BIOS.obj (.text:ti_sysbios_knl_Task_unblockI__E)
                  0000361c    00000004     empty_pem4f.oem4f (.text:ti_uia_loggers_LoggerStopMode_getFilterLevel__E)
                  00003620    000000b4     sysbios.aem4f : BIOS.obj (.text:ti_sysbios_gates_GateMutex_enter__E)
                  000036d4    00000004     ti.uia.loggers.aem4f : LoggerStopMode.oem4f (.text:ti_uia_loggers_LoggerStopMode_getInstanceId__E)
                  000036d8    000000b4     sysbios.aem4f : BIOS.obj (.text:ti_sysbios_knl_Task_checkStacks__E)
                  0000378c    00000004     ti.uia.loggers.aem4f : LoggerStopMode.oem4f (.text:ti_uia_loggers_LoggerStopMode_getMaxLength__E)
                  00003790    000000b0     sysbios.aem4f : BIOS.obj (.text:ti_sysbios_utils_Load_idleFxn__E)
                  00003840    000000b0                   : BIOS.obj (.text:ti_sysbios_utils_Load_updateLoads__E)
                  000038f0    000000ac                   : BIOS.obj (.text:ti_sysbios_family_arm_lm4_Timer_enableTiva__I)
                  0000399c    00000004     ti.uia.loggers.aem4f : LoggerStopMode.oem4f (.text:ti_uia_loggers_LoggerStopMode_getPriority__E)
                  000039a0    000000ac     sysbios.aem4f : BIOS.obj (.text:ti_sysbios_knl_Swi_post__E)
                  00003a4c    00000004     ti.uia.loggers.aem4f : LoggerStopMode.oem4f (.text:ti_uia_loggers_LoggerStopMode_getTransferType__E)
                  00003a50    000000a8     sysbios.aem4f : BIOS.obj (.text:ti_sysbios_family_arm_lm4_Timer_enableTimers__I)
                  00003af8    000000a8                   : BIOS.obj (.text:ti_sysbios_knl_Task_blockI__E)
                  00003ba0    000000a8     ti.targets.arm.rtsarm.aem4f : HeapStd.oem4f (.text:xdc_runtime_HeapStd_free__E)
                  00003c48    000000a0     auto_init.aem4f : auto_init.oem4f (.text)
                  00003ce8    000000a0     ti.targets.arm.rtsarm.aem4f : Text.oem4f (.text:xdc_runtime_Text_putMod__E)
                  00003d88    0000009c     rtsv7M4_T_le_v4SPD16_eabi.lib : memcpy_t2.asm.obj (.text)
                  00003e24    00000004     ti.targets.arm.rtsarm.aem4f : Error.oem4f (.text:xdc_runtime_Error_getSite__E)
                  00003e28    0000009c     sysbios.aem4f : BIOS.obj (.text:ti_sysbios_knl_Semaphore_Instance_init__E)
                  00003ec4    0000009a     ti.targets.arm.rtsarm.aem4f : Text.oem4f (.text:xdc_runtime_Text_putSite__E)
                  00003f5e    00000002     rtsv7M4_T_le_v4SPD16_eabi.lib : _lock.c.obj (.text:_nop)
                  00003f60    00000098     Boot.aem4f : Boot.oem4f (.text:ti_catalog_arm_cortexm4_tiva_ce_Boot_sysCtlClockFreqSet__E)
                  00003ff8    00000094     main_sem.obj (.text:hardware_init)
                  0000408c    00000004     ti.targets.arm.rtsarm.aem4f : HeapStd.oem4f (.text:xdc_runtime_HeapStd_isBlocking__E)
                  00004090    00000094     sysbios.aem4f : BIOS.obj (.text:ti_sysbios_family_arm_m3_Hwi_initNVIC__E)
                  00004124    00000004     empty_pem4f.oem4f (.text:xdc_runtime_System_Module_GateProxy_enter__E)
                  00004128    00000090     sysbios.aem4f : BIOS.obj (.text:ti_sysbios_knl_Task_Module_startup__E)
                  000041b8    00000090                   : BIOS.obj (.text:ti_sysbios_utils_Load_startup__E)
                  00004248    00000090     ti.uia.loggers.aem4f : LoggerStopMode.oem4f (.text:ti_uia_loggers_LoggerStopMode_initQueueDescriptor__E)
                  000042d8    0000008c     sysbios.aem4f : m3_TaskSupport_asm.obj (.text:ti_sysbios_family_arm_m3_TaskSupport_buildTaskStack)
                  00004364    0000007a     rtsv7M4_T_le_v4SPD16_eabi.lib : memset_t2.asm.obj (.text)
                  000043de    00000002     empty_pem4f.oem4f (.text:free)
                  000043e0    00000074     ti.uia.runtime.aem4f : QueueDescriptor.oem4f (.text:ti_uia_runtime_QueueDescriptor_addToList__E)
                  00004454    0000006d     ti.targets.arm.rtsarm.aem4f : System.oem4f (.text:xdc_runtime_System_formatNum__I)
                  000044c1    00000001     --HOLE-- [fill = 0]
                  000044c2    00000006     driverlib.lib : gpio.obj (.text:GPIOPinWrite)
                  000044c8    0000006c     sysbios.aem4f : BIOS.obj (.text:ti_sysbios_knl_Swi_restoreHwi__E)
                  00004534    00000004     empty_pem4f.oem4f (.text:xdc_runtime_System_Module_GateProxy_leave__E)
                  00004538    0000006c     sysbios.aem4f : BIOS.obj (.text:ti_sysbios_utils_Load_taskCreateHook__E)
                  000045a4    0000006c     ti.targets.arm.rtsarm.aem4f : Error.oem4f (.text:xdc_runtime_Error_print__E)
                  00004610    0000006c                                 : Memory.oem4f (.text:xdc_runtime_Memory_alloc__E)
                  0000467c    00000068     rtsv7M4_T_le_v4SPD16_eabi.lib : copy_decompress_lzss.c.obj (.text:decompress:lzss:__TI_decompress_lzss)
                  000046e4    00000004     ti.targets.arm.rtsarm.aem4f : System.oem4f (.text:xdc_runtime_System_aprintf_va__F)
                  000046e8    00000068     sysbios.aem4f : BIOS.obj (.text:ti_sysbios_utils_Load_addTask__E)
                  00004750    00000066     ti.uia.loggers.aem4f : LoggerStopMode.oem4f (.text:ti_uia_loggers_LoggerStopMode_flush__E)
                  000047b6    00000066     ti.targets.arm.rtsarm.aem4f : Core-mem.oem4f (.text:xdc_runtime_Core_deleteObject__I)
                  0000481c    00000004                                 : System.oem4f (.text:xdc_runtime_System_printf_va__F)
                  00004820    00000064     sysbios.aem4f : BIOS.obj (.text:ti_sysbios_family_arm_lm4_Timer_Module_startup__E)
                  00004884    00000060     driverlib.lib : timer.obj (.text:TimerConfigure)
                  000048e4    00000002     rtsv7M4_T_le_v4SPD16_eabi.lib : div0.asm.obj (.text)
                  000048e6    00000002     empty_pem4f.oem4f (.text:ti_sysbios_BIOS_nullFunc__I)
                  000048e8    00000060     sysbios.aem4f : BIOS.obj (.text:ti_sysbios_family_arm_lm4_Timer_isrStub__E)
                  00004948    00000060                   : BIOS.obj (.text:ti_sysbios_knl_Clock_logTick__E)
                  000049a8    00000060                   : BIOS.obj (.text:ti_sysbios_utils_Load_logCPULoad__I)
                  00004a08    00000060                   : BIOS.obj (.text:ti_sysbios_utils_Load_updateCurrentThreadTime__E)
                  00004a68    0000005c                   : BIOS.obj (.text:ti_sysbios_knl_Swi_schedule__I)
                  00004ac4    0000005b     ti.targets.arm.rtsarm.aem4f : Text.oem4f (.text:xdc_runtime_Text_putLab__E)
                  00004b1f    00000001     --HOLE-- [fill = 0]
                  00004b20    00000058     boot.aem4f : boot.oem4f (.text)
                  00004b78    00000058     rtsv7M4_T_le_v4SPD16_eabi.lib : hostwrite.c.obj (.text:HOSTwrite)
                  00004bd0    00000058     sysbios.aem4f : m3_Hwi_asm_switch.obj (.text:ti_sysbios_family_arm_m3_Hwi_initStacks__E)
                  00004c28    00000058     empty_pem4f.oem4f (.text:xdc_runtime_HeapStd_Object__create__S)
                  00004c80    00000054     sysbios.aem4f : BIOS.obj (.text:ti_sysbios_utils_Load_taskSwitchHook__E)
                  00004cd4    00000054     ti.targets.arm.rtsarm.aem4f : Assert.oem4f (.text:xdc_runtime_Assert_raise__I)
                  00004d28    00000050     Boot.aem4f : Boot_sysctl.oem4f (.text:_SysCtlFrequencyGet)
                  00004d78    00000050     ti.targets.arm.rtsarm.aem4f : Startup.oem4f (.text:xdc_runtime_Startup_exec__E)
                  00004dc8    00000050                                 : Text.oem4f (.text:xdc_runtime_Text_visitRope2__I)
                  00004e18    0000004c     rtsv7M4_T_le_v4SPD16_eabi.lib : cpy_tbl.c.obj (.text:copy_in)
                  00004e64    00000002     empty_pem4f.oem4f (.text:ti_uia_loggers_LoggerStopMode_setFilterLevel__E)
                  00004e66    00000002     ti.uia.loggers.aem4f : LoggerStopMode.oem4f (.text:ti_uia_loggers_LoggerStopMode_setPriority__E)
                  00004e68    0000004c     sysbios.aem4f : BIOS.obj (.text:ti_sysbios_knl_Swi_runLoop__I)
                  00004eb4    00000002     empty_pem4f.oem4f (.text:xdc_runtime_Startup_reset__I)
                  00004eb6    00000002     --HOLE-- [fill = 0]
                  00004eb8    0000004c     sysbios.aem4f : BIOS.obj (.text:ti_sysbios_knl_Task_allBlockedFunction__I)
                  00004f04    0000004c     ti.uia.loggers.aem4f : LoggerStopMode.oem4f (.text:ti_uia_loggers_LoggerStopMode_Module_startup__E)
                  00004f50    00000048     sysbios.aem4f : BIOS.obj (.text:ti_sysbios_family_arm_m3_Hwi_disableInterrupt__E)
                  00004f98    00000048                   : BIOS.obj (.text:ti_sysbios_family_arm_m3_Hwi_enableInterrupt__E)
                  00004fe0    00000048                   : BIOS.obj (.text:ti_sysbios_family_arm_m3_Hwi_excReserved__I)
                  00005028    00000048                   : BIOS.obj (.text:ti_sysbios_utils_Load_taskDeleteHook__E)
                  00005070    00000046     ti.targets.arm.rtsarm.aem4f : Core-params.oem4f (.text:xdc_runtime_Core_assignParams__I)
                  000050b6    00000002     --HOLE-- [fill = 0]
                  000050b8    00000044     main_sem.obj (.text:mailbox_queue)
                  000050fc    00000004     --HOLE-- [fill = 0]
                  00005100    00000044     sysbios.aem4f : BIOS.obj (.text:ti_sysbios_family_arm_lm4_Timer_stop__E)
                  00005144    00000004     --HOLE-- [fill = 0]
                  00005148    00000044                   : BIOS.obj (.text:ti_sysbios_family_arm_m3_Hwi_getStackInfo__E)
                  0000518c    00000004     --HOLE-- [fill = 0]
                  00005190    00000044                   : BIOS.obj (.text:ti_sysbios_utils_Load_removeTask__E)
                  000051d4    00000044     ti.uia.loggers.aem4f : LoggerStopMode.oem4f (.text:ti_uia_loggers_LoggerStopMode_initBuffer__I)
                  00005218    00000044     ti.targets.arm.rtsarm.aem4f : Error.oem4f (.text:xdc_runtime_Error_setX__E)
                  0000525c    00000044                                 : SysMin.oem4f (.text:xdc_runtime_SysMin_flush__E)
                  000052a0    00000044                                 : Text.oem4f (.text:xdc_runtime_Text_xprintf__I)
                  000052e4    00000040     rtsv7M4_T_le_v4SPD16_eabi.lib : u_divt2.asm.obj (.text)
                  00005324    00000004     --HOLE-- [fill = 0]
                  00005328    00000040     sysbios.aem4f : BIOS.obj (.text:ti_sysbios_family_arm_lm4_Timer_startup__E)
                  00005368    0000003c                   : BIOS.obj (.text:ti_sysbios_family_arm_m3_Hwi_excSvCall__I)
                  000053a4    00000004     --HOLE-- [fill = 0]
                  000053a8    0000003c                   : BIOS.obj (.text:ti_sysbios_heaps_HeapMem_init__I)
                  000053e4    00000004     --HOLE-- [fill = 0]
                  000053e8    0000003c                   : BIOS.obj (.text:ti_sysbios_knl_Swi_restore__E)
                  00005424    00000038     rtsv7M4_T_le_v4SPD16_eabi.lib : trgmsg.c.obj (.text:__TI_writemsg)
                  0000545c    00000004     --HOLE-- [fill = 0]
                  00005460    00000038     sysbios.aem4f : BIOS.obj (.text:ti_sysbios_family_arm_m3_Hwi_excNoIsr__I)
                  00005498    00000038                   : BIOS.obj (.text:ti_sysbios_knl_Task_processVitalTaskFlag__I)
                  000054d0    00000038     ti.targets.arm.rtsarm.aem4f : SysMin.oem4f (.text:xdc_runtime_SysMin_putch__E)
                  00005508    00000038                                 : System.oem4f (.text:xdc_runtime_System_atexit__E)
                  00005540    00000034     driverlib.lib : sysctl.obj (.text:SysCtlPeripheralEnable)
                  00005574    00000034     rtsv7M4_T_le_v4SPD16_eabi.lib : trgmsg.c.obj (.text:__TI_readmsg)
                  000055a8    00000034     sysbios.aem4f : BIOS.obj (.text:ti_sysbios_family_arm_m3_Hwi_excNmi__I)
                  000055dc    00000004     --HOLE-- [fill = 0]
                  000055e0    00000034                   : BIOS.obj (.text:ti_sysbios_hal_Hwi_checkStack)
                  00005614    00000034     ti.uia.loggers.aem4f : LoggerStopMode.oem4f (.text:ti_uia_loggers_LoggerStopMode_reset__E)
                  00005648    00000034     ti.targets.arm.rtsarm.aem4f : Core-label.oem4f (.text:xdc_runtime_Core_assignLabel__I)
                  0000567c    00000033                                 : Text.oem4f (.text:xdc_runtime_Text_printVisFxn__I)
                  000056af    00000001     --HOLE-- [fill = 0]
                  000056b0    00000032     sysbios.aem4f : BIOS.obj (.text:ti_sysbios_hal_Hwi_initStack)
                  000056e2    00000006     driverlib.lib : sysctl.obj (.text:SysCtlDelay)
                  000056e8    00000032     sysbios.aem4f : BIOS.obj (.text:ti_sysbios_knl_Semaphore_pendTimeout__I)
                  0000571a    00000002     --HOLE-- [fill = 0]
                  0000571c    00000030     empty_pem4f.oem4f (.text:ti_sysbios_BIOS_atExitFunc__I)
                  0000574c    00000004     --HOLE-- [fill = 0]
                  00005750    00000030     sysbios.aem4f : BIOS.obj (.text:ti_sysbios_family_arm_m3_TaskSupport_start__E)
                  00005780    00000030     empty_pem4f.oem4f (.text:ti_sysbios_gates_GateHwi_Object__create__S)
                  000057b0    00000030     empty_pem4f.oem4f (.text:ti_sysbios_gates_GateMutex_Object__create__S)
                  000057e0    00000030     empty_pem4f.oem4f (.text:ti_sysbios_knl_Semaphore_construct)
                  00005810    00000030     empty_pem4f.oem4f (.text:ti_uia_loggers_LoggerStopMode_Object__create__S)
                  00005840    00000030     ti.targets.arm.rtsarm.aem4f : SysMin.oem4f (.text:xdc_runtime_SysMin_abort__E)
                  00005870    00000030                                 : System.oem4f (.text:xdc_runtime_System_processAtExit__E)
                  000058a0    0000002c     empty_pem4f.oem4f (.text:ti_sysbios_knl_Clock_doTick__I)
                  000058cc    0000002c     empty_pem4f.oem4f (.text:ti_sysbios_knl_Queue_construct)
                  000058f8    0000002c     sysbios.aem4f : BIOS.obj (.text:ti_sysbios_knl_Task_restore__E)
                  00005924    0000002c     ti.targets.arm.rtsarm.aem4f : Text.oem4f (.text:xdc_runtime_Text_cordText__E)
                  00005950    0000002a     driverlib.lib : gpio.obj (.text:GPIODirModeSet)
                  0000597a    0000002a     ti.targets.arm.rtsarm.aem4f : System.oem4f (.text:xdc_runtime_System_putchar__I)
                  000059a4    00000028     empty_pem4f.oem4f (.text:ti_sysbios_BIOS_startFunc__I)
                  000059cc    00000004     --HOLE-- [fill = 0]
                  000059d0    00000028     sysbios.aem4f : BIOS.obj (.text:ti_sysbios_knl_Swi_Module_startup__E)
                  000059f8    00000026                   : m3_Hwi_asm.obj (.text:ti_sysbios_family_arm_m3_Hwi_pendSV__I)
                  00005a1e    00000026     ti.targets.arm.rtsarm.aem4f : System.oem4f (.text:xdc_runtime_System_avprintf__E)
                  00005a44    00000024     empty_pem4f.oem4f (.text:ti_sysbios_BIOS_registerRTSLock__I)
                  00005a68    00000024     empty_pem4f.oem4f (.text:ti_sysbios_BIOS_removeRTSLock__I)
                  00005a8c    00000004     --HOLE-- [fill = 0]
                  00005a90    00000024     sysbios.aem4f : BIOS.obj (.text:ti_sysbios_family_arm_m3_Hwi_doTaskRestore__I)
                  00005ab4    00000024     empty_pem4f.oem4f (.text:ti_sysbios_gates_GateMutex_Object__delete__S)
                  00005ad8    00000024     sysbios.aem4f : BIOS.obj (.text:ti_sysbios_knl_Clock_Module_startup__E)
                  00005afc    00000024     ti.targets.arm.rtsarm.aem4f : System.oem4f (.text:xdc_runtime_System_vprintf__E)
                  00005b20    00000022     sysbios.aem4f : BIOS.obj (.text:ti_sysbios_family_arm_lm4_Timer_write__I)
                  00005b42    00000022     empty_pem4f.oem4f (.text:xdc_runtime_SysMin_output__I)
                  00005b64    00000020     Boot.aem4f : Boot_sysctl.oem4f (.text:_SysCtlMemTimingGet)
                  00005b84    00000020     empty_pem4f.oem4f (.text:ti_sysbios_BIOS_rtsLock__I)
                  00005ba4    00000020     sysbios.aem4f : m3_Hwi_asm.obj (.text:ti_sysbios_family_arm_m3_Hwi_excHandlerAsm__I)
                  00005bc4    00000004     --HOLE-- [fill = 0]
                  00005bc8    00000020                   : BIOS.obj (.text:ti_sysbios_family_arm_m3_Hwi_excHandler__I)
                  00005be8    00000020     empty_pem4f.oem4f (.text:ti_sysbios_gates_GateHwi_Object__delete__S)
                  00005c08    00000020     sysbios.aem4f : BIOS.obj (.text:ti_sysbios_knl_Idle_run__E)
                  00005c28    00000020     empty_pem4f.oem4f (.text:ti_sysbios_knl_Semaphore_Object__destruct__S)
                  00005c48    00000020     empty_pem4f.oem4f (.text:ti_uia_loggers_LoggerStopMode_Object__delete__S)
                  00005c68    00000020     ti.targets.arm.rtsarm.aem4f : Registry.oem4f (.text:xdc_runtime_Registry_findById__E)
                  00005c88    00000020                                 : SysMin.oem4f (.text:xdc_runtime_SysMin_Module_startup__E)
                  00005ca8    0000001e     empty_pem4f.oem4f (.text:ti_sysbios_BIOS_errorRaiseHook__I)
                  00005cc6    0000001e     sysbios.aem4f : m3_Hwi_asm_switch.obj (.text:ti_sysbios_family_xxx_Hwi_switchAndRunFunc)
                  00005ce4    0000001c     main_sem.obj (.text:Timer_ISR)
                  00005d00    0000001c     sysbios.aem4f : BIOS.obj (.text:ti_sysbios_gates_GateMutex_Instance_init__E)
                  00005d1c    0000001c     empty_pem4f.oem4f (.text:ti_sysbios_knl_Queue_Object__destruct__S)
                  00005d38    0000001c     sysbios.aem4f : BIOS.obj (.text:ti_sysbios_knl_Queue_get__E)
                  00005d54    00000004     --HOLE-- [fill = 0]
                  00005d58    0000001c                   : BIOS.obj (.text:ti_sysbios_knl_Queue_put__E)
                  00005d74    00000004     --HOLE-- [fill = 0]
                  00005d78    0000001c                   : BIOS.obj (.text:ti_sysbios_knl_Task_enter__I)
                  00005d94    0000001c     ti.uia.loggers.aem4f : LoggerStopMode.oem4f (.text:ti_uia_loggers_LoggerStopMode_Instance_init__E)
                  00005db0    0000001c     ti.targets.arm.rtsarm.aem4f : Error.oem4f (.text:xdc_runtime_Error_raiseX__E)
                  00005dcc    0000001c     empty_pem4f.oem4f (.text:xdc_runtime_HeapStd_Object__delete__S)
                  00005de8    0000001c     ti.targets.arm.rtsarm.aem4f : Memory.oem4f (.text:xdc_runtime_Memory_valloc__E)
                  00005e04    0000001c                                 : SysMin.oem4f (.text:xdc_runtime_SysMin_exit__E)
                  00005e20    0000001c                                 : System.oem4f (.text:xdc_runtime_System_abort__E)
                  00005e3c    0000001a     empty_pem4f.oem4f (.text:ti_sysbios_family_arm_m3_Hwi_Handle__label__S)
                  00005e56    0000001a     empty_pem4f.oem4f (.text:ti_sysbios_gates_GateHwi_Handle__label__S)
                  00005e70    0000001a     empty_pem4f.oem4f (.text:ti_sysbios_gates_GateMutex_Handle__label__S)
                  00005e8a    0000001a     empty_pem4f.oem4f (.text:ti_sysbios_knl_Swi_Handle__label__S)
                  00005ea4    0000001a     empty_pem4f.oem4f (.text:ti_sysbios_knl_Task_Handle__label__S)
                  00005ebe    0000001a     empty_pem4f.oem4f (.text:ti_uia_loggers_LoggerStopMode_Handle__label__S)
                  00005ed8    0000001a     empty_pem4f.oem4f (.text:xdc_runtime_HeapStd_Handle__label__S)
                  00005ef2    0000001a     empty_pem4f.oem4f (.text:xdc_runtime_System_aprintf__E)
                  00005f0c    0000001a     empty_pem4f.oem4f (.text:xdc_runtime_System_printf__E)
                  00005f26    00000018     driverlib.lib : gpio.obj (.text:GPIOPinTypeGPIOOutput)
                  00005f3e    00000002     --HOLE-- [fill = 0]
                  00005f40    00000018     rtsv7M4_T_le_v4SPD16_eabi.lib : args_main.c.obj (.text:_args_main)
                  00005f58    00000018     empty_pem4f.oem4f (.text:ti_sysbios_BIOS_rtsUnlock__I)
                  00005f70    00000018     empty_pem4f.oem4f (.text:ti_sysbios_family_arm_lm4_Timer_Module__startupDone__F)
                  00005f88    00000018     empty_pem4f.oem4f (.text:ti_sysbios_family_arm_m3_Hwi_Module__startupDone__F)
                  00005fa0    00000018     sysbios.aem4f : m3_TaskSupport_asm.obj (.text:ti_sysbios_family_arm_m3_TaskSupport_swap__E)
                  00005fb8    00000018                   : BIOS.obj (.text:ti_sysbios_gates_GateMutex_leave__E)
                  00005fd0    00000018     ti.targets.arm.rtsarm.aem4f : Error.oem4f (.text:xdc_runtime_Error_check__E)
                  00005fe8    00000018                                 : System.oem4f (.text:xdc_runtime_System_exit__E)
                  00006000    00000018                                 : Text.oem4f (.text:xdc_runtime_Text_ropeText__E)
                  00006018    00000016     empty_pem4f.oem4f (.text:ti_sysbios_BIOS_exitFunc__I)
                  0000602e    00000016     ti.uia.loggers.aem4f : LoggerStopMode.oem4f (.text:ti_uia_loggers_LoggerStopMode_disable__E)
                  00006044    00000016                          : LoggerStopMode.oem4f (.text:ti_uia_loggers_LoggerStopMode_enable__E)
                  0000605a    00000014     rtsv7M4_T_le_v4SPD16_eabi.lib : strlen.c.obj (.text:strlen)
                  0000606e    00000002     --HOLE-- [fill = 0]
                  00006070    00000014     empty_pem4f.oem4f (.text:ti_sysbios_family_arm_m3_Hwi_Object__get__S)
                  00006084    00000004     --HOLE-- [fill = 0]
                  00006088    00000014     sysbios.aem4f : BIOS.obj (.text:ti_sysbios_family_arm_m3_Hwi_switchFromBootStack__E)
                  0000609c    00000014     empty_pem4f.oem4f (.text:ti_sysbios_knl_Swi_Object__get__S)
                  000060b0    00000014     empty_pem4f.oem4f (.text:ti_sysbios_knl_Task_Object__get__S)
                  000060c4    00000012     driverlib.lib : gpio.obj (.text:GPIOPinTypeGPIOInput)
                  000060d6    00000012                   : timer.obj (.text:TimerLoadSet)
                  000060e8    00000012     sysbios.aem4f : BIOS.obj (.text:ti_sysbios_hal_Hwi_Module_startup__E)
                  000060fa    00000012     empty_pem4f.oem4f (.text:xdc_runtime_Startup_exec__I)
                  0000610c    00000010     empty_pem4f.oem4f (.text:.bootCodeSection:ti_catalog_arm_cortexm4_tiva_ce_Boot_init__I)
                  0000611c    00000004     --HOLE-- [fill = 0]
                  00006120    00000010     sysbios.aem4f : BIOS.obj (.text:ti_sysbios_BIOS_getCpuFreq__E)
                  00006130    00000010                   : BIOS.obj (.text:ti_sysbios_BIOS_setThreadType__E)
                  00006140    00000010                   : BIOS.obj (.text:ti_sysbios_BIOS_start__E)
                  00006150    00000010                   : BIOS.obj (.text:ti_sysbios_family_arm_lm4_TimestampProvider_rolloverFunc__E)
                  00006160    00000010                   : m3_TaskSupport_asm.obj (.text:ti_sysbios_family_arm_m3_TaskSupport_glue)
                  00006170    00000010                   : BIOS.obj (.text:ti_sysbios_gates_GateMutex_Instance_finalize__E)
                  00006180    00000010     empty_pem4f.oem4f (.text:ti_sysbios_heaps_HeapMem_Object__get__S)
                  00006190    00000010     empty_pem4f.oem4f (.text:ti_sysbios_knl_Queue_Object__get__S)
                  000061a0    00000010     sysbios.aem4f : BIOS.obj (.text:ti_sysbios_knl_Semaphore_Instance_finalize__E)
                  000061b0    00000010                   : BIOS.obj (.text:ti_sysbios_knl_Swi_disable__E)
                  000061c0    00000010                   : BIOS.obj (.text:ti_sysbios_knl_Task_disable__E)
                  000061d0    00000010     empty_pem4f.oem4f (.text:ti_uia_loggers_LoggerStopMode_Object__get__S)
                  000061e0    00000010     ti.uia.loggers.aem4f : LoggerStopMode.oem4f (.text:ti_uia_loggers_LoggerStopMode_isEmpty__E)
                  000061f0    00000010     ti.targets.arm.rtsarm.aem4f : Gate.oem4f (.text:xdc_runtime_Gate_leaveSystem__E)
                  00006200    00000010                                 : Memory.oem4f (.text:xdc_runtime_Memory_free__E)
                  00006210    00000010                                 : SysMin.oem4f (.text:xdc_runtime_SysMin_ready__E)
                  00006220    00000010                                 : System.oem4f (.text:xdc_runtime_System_vsnprintf__E)
                  00006230    00000010     empty_pem4f.oem4f (.text:xdc_runtime_Text_visitRope__I)
                  00006240    0000000e     driverlib.lib : timer.obj (.text:TimerEnable)
                  0000624e    0000000e     rtsv7M4_T_le_v4SPD16_eabi.lib : copy_decompress_none.c.obj (.text:decompress:none:__TI_decompress_none)
                  0000625c    00000004     --HOLE-- [fill = 0]
                  00006260    0000000e     sysbios.aem4f : BIOS.obj (.text:ti_sysbios_knl_Idle_loop__E)
                  0000626e    00000002     --HOLE-- [fill = 0]
                  00006270    0000000e                   : BIOS.obj (.text:ti_sysbios_knl_Queue_empty__E)
                  0000627e    0000000e     ti.targets.arm.rtsarm.aem4f : HeapStd.oem4f (.text:xdc_runtime_HeapStd_getStats__E)
                  0000628c    0000000c     rtsv7M4_T_le_v4SPD16_eabi.lib : _lock.c.obj (.text:_register_lock)
                  00006298    0000000c                                   : _lock.c.obj (.text:_register_unlock)
                  000062a4    0000000c                                   : copy_zero_init.c.obj (.text:decompress:ZI:__TI_zero_init)
                  000062b0    0000000c     main_sem.obj (.text:main)
                  000062bc    00000004     --HOLE-- [fill = 0]
                  000062c0    0000000c     sysbios.aem4f : BIOS.obj (.text:ti_sysbios_family_arm_lm4_Timer_getMaxTicks__E)
                  000062cc    00000004     --HOLE-- [fill = 0]
                  000062d0    0000000c                   : BIOS.obj (.text:ti_sysbios_family_arm_lm4_TimestampProvider_startTimer__E)
                  000062dc    00000004     --HOLE-- [fill = 0]
                  000062e0    0000000c                   : BIOS.obj (.text:ti_sysbios_family_arm_m3_Hwi_disableFxn__E)
                  000062ec    00000004     --HOLE-- [fill = 0]
                  000062f0    0000000c                   : BIOS.obj (.text:ti_sysbios_family_arm_m3_TaskSupport_checkStack__E)
                  000062fc    00000004     --HOLE-- [fill = 0]
                  00006300    0000000c                   : BIOS.obj (.text:ti_sysbios_gates_GateHwi_enter__E)
                  0000630c    00000004     --HOLE-- [fill = 0]
                  00006310    0000000c                   : BIOS.obj (.text:ti_sysbios_utils_Load_taskRegHook__E)
                  0000631c    0000000c     ti.targets.arm.rtsarm.aem4f : Error.oem4f (.text:xdc_runtime_Error_init__E)
                  00006328    0000000c                                 : Gate.oem4f (.text:xdc_runtime_Gate_enterSystem__E)
                  00006334    0000000c                                 : Memory.oem4f (.text:xdc_runtime_Memory_calloc__E)
                  00006340    0000000c                                 : Memory.oem4f (.text:xdc_runtime_Memory_getMaxDefaultTypeAlign__E)
                  0000634c    0000000a     empty_pem4f.oem4f (.text:xdc_runtime_IHeap_alloc)
                  00006356    0000000a     empty_pem4f.oem4f (.text:xdc_runtime_IHeap_free)
                  00006360    00000008     driverlib.lib : timer.obj (.text:TimerIntEnable)
                  00006368    00000008     sysbios.aem4f : BIOS.obj (.text:ti_sysbios_family_arm_lm4_Timer_masterDisable__I)
                  00006370    00000008                   : BIOS.obj (.text:ti_sysbios_family_arm_m3_Hwi_doSwiRestore__I)
                  00006378    00000008                   : BIOS.obj (.text:ti_sysbios_family_arm_m3_Hwi_startup__E)
                  00006380    00000006                   : BIOS.obj (.text:ti_sysbios_family_arm_lm4_TimestampProvider_Module_startup__E)
                  00006386    00000002     --HOLE-- [fill = 0]
                  00006388    00000006                   : BIOS.obj (.text:ti_sysbios_family_arm_m3_Hwi_restoreFxn__E)
                  0000638e    00000002     --HOLE-- [fill = 0]
                  00006390    00000006                   : BIOS.obj (.text:ti_sysbios_gates_GateHwi_leave__E)
                  00006396    00000002     --HOLE-- [fill = 0]
                  00006398    00000006                   : BIOS.obj (.text:ti_sysbios_knl_Queue_Instance_init__E)
                  0000639e    00000002     --HOLE-- [fill = 0]
                  000063a0    00000006                   : BIOS.obj (.text:ti_sysbios_knl_Swi_startup__E)
                  000063a6    00000006     ti.targets.arm.rtsarm.aem4f : System.oem4f (.text:xdc_runtime_System_Module_startup__E)
                  000063ac    00000004     --HOLE-- [fill = 0]
                  000063b0    00000004     sysbios.aem4f : BIOS.obj (.text:ti_sysbios_family_arm_lm4_Timer_getPeriod__E)
                  000063b4    00000004     --HOLE-- [fill = 0]
                  000063b8    00000004                   : BIOS.obj (.text:ti_sysbios_gates_GateHwi_query__E)
                  000063bc    00000004     --HOLE-- [fill = 0]
                  000063c0    00000004                   : BIOS.obj (.text:ti_sysbios_gates_GateMutex_query__E)
                  000063c4    00000004     --HOLE-- [fill = 0]
                  000063c8    00000004                   : BIOS.obj (.text:ti_sysbios_knl_Task_startup__E)
                  000063cc    00000004     --HOLE-- [fill = 0]
                  000063d0    00000002                   : BIOS.obj (.text:ti_sysbios_gates_GateHwi_Instance_init__E)

.const     0    000063d4    0000292b     
                  000063d4    00002006     empty_pem4f.oem4f (.const:xdc_runtime_Text_charTab__A)
                  000083da    00000002     empty_pem4f.oem4f (.const:ti_catalog_arm_cortexm4_tiva_ce_Boot_Module__id__C)
                  000083dc    00000120     Boot.aem4f : Boot_sysctl.oem4f (.const:g_pppui32XTALtoVCO)
                  000084fc    00000108     empty_pem4f.oem4f (.const:xdc_runtime_Text_nodeTab__A)
                  00008604    0000006c     Boot.aem4f : Boot_sysctl.oem4f (.const:g_pui32Xtals)
                  00008670    0000006c     driverlib.lib : sysctl.obj (.const:g_pui32Xtals)
                  000086dc    00000060     empty_pem4f.oem4f (.const:ti_uia_loggers_LoggerStopMode_Module__FXNS__C)
                  0000873c    00000048     empty_pem4f.oem4f (.const:.string)
                  00008784    00000030     Boot.aem4f : Boot_sysctl.oem4f (.const:g_sXTALtoMEMTIM)
                  000087b4    00000028     empty_pem4f.oem4f (.const:ti_uia_loggers_LoggerStopMode_Object__PARAMS__C)
                  000087dc    00000028     empty_pem4f.oem4f (.const:xdc_runtime_HeapStd_Module__FXNS__C)
                  00008804    00000028     empty_pem4f.oem4f (.const:xdc_runtime_Startup_sfxnTab__A)
                  0000882c    00000024     empty_pem4f.oem4f (.const:ti_sysbios_gates_GateHwi_Module__FXNS__C)
                  00008850    00000024     empty_pem4f.oem4f (.const:ti_sysbios_gates_GateMutex_Module__FXNS__C)
                  00008874    00000024     empty_pem4f.oem4f (.const:ti_sysbios_knl_Semaphore_Object__PARAMS__C)
                  00008898    00000020     empty_pem4f.oem4f (.const:ti_sysbios_gates_GateHwi_Object__DESC__C)
                  000088b8    00000020     empty_pem4f.oem4f (.const:ti_sysbios_gates_GateMutex_Object__DESC__C)
                  000088d8    00000020     empty_pem4f.oem4f (.const:ti_sysbios_knl_Queue_Object__DESC__C)
                  000088f8    00000020     empty_pem4f.oem4f (.const:ti_sysbios_knl_Semaphore_Object__DESC__C)
                  00008918    00000020     empty_pem4f.oem4f (.const:ti_uia_loggers_LoggerStopMode_Object__DESC__C)
                  00008938    00000020     empty_pem4f.oem4f (.const:xdc_runtime_HeapStd_Object__DESC__C)
                  00008958    0000001c     empty_pem4f.oem4f (.const)
                  00008974    0000001c     empty_pem4f.oem4f (.const:xdc_runtime_HeapStd_Object__PARAMS__C)
                  00008990    00000018     empty_pem4f.oem4f (.const:ti_sysbios_gates_GateHwi_Object__PARAMS__C)
                  000089a8    00000018     empty_pem4f.oem4f (.const:ti_sysbios_gates_GateMutex_Object__PARAMS__C)
                  000089c0    00000018     empty_pem4f.oem4f (.const:ti_sysbios_knl_Queue_Object__PARAMS__C)
                  000089d8    00000018     empty_pem4f.oem4f (.const:ti_sysbios_knl_Task_hooks__A)
                  000089f0    00000014     empty_pem4f.oem4f (.const:xdc_runtime_Startup_firstFxns__A)
                  00008a04    00000014     empty_pem4f.oem4f (.const:xdc_runtime_Startup_sfxnRts__A)
                  00008a18    00000008     Boot.aem4f : Boot_sysctl.oem4f (.const)
                  00008a20    00000008     empty_pem4f.oem4f (.const:ti_sysbios_family_arm_m3_Hwi_excHookFuncs__A)
                  00008a28    00000008     empty_pem4f.oem4f (.const:ti_sysbios_knl_Idle_funcList__A)
                  00008a30    00000008     empty_pem4f.oem4f (.const:ti_sysbios_knl_Idle_funcList__C)
                  00008a38    00000008     empty_pem4f.oem4f (.const:ti_sysbios_knl_Task_hooks__C)
                  00008a40    00000008     empty_pem4f.oem4f (.const:xdc_runtime_Startup_firstFxns__C)
                  00008a48    00000008     empty_pem4f.oem4f (.const:xdc_runtime_Startup_lastFxns__C)
                  00008a50    00000004     empty_pem4f.oem4f (.const:ti_catalog_arm_cortexm4_tiva_ce_Boot_A_mustNotUseEnhancedClockMode__C)
                  00008a54    00000004     empty_pem4f.oem4f (.const:ti_catalog_arm_cortexm4_tiva_ce_Boot_Module__diagsEnabled__C)
                  00008a58    00000004     empty_pem4f.oem4f (.const:ti_catalog_arm_cortexm4_tiva_ce_Boot_Module__diagsIncluded__C)
                  00008a5c    00000004     empty_pem4f.oem4f (.const:ti_catalog_arm_cortexm4_tiva_ce_Boot_Module__diagsMask__C)
                  00008a60    00000004     empty_pem4f.oem4f (.const:ti_sysbios_family_arm_lm4_Timer_enableFunc__C)
                  00008a64    00000004     empty_pem4f.oem4f (.const:ti_sysbios_family_arm_lm4_Timer_numTimerDevices__C)
                  00008a68    00000004     empty_pem4f.oem4f (.const:ti_sysbios_family_arm_lm4_Timer_startupNeeded__C)
                  00008a6c    00000004     empty_pem4f.oem4f (.const:ti_sysbios_family_arm_m3_Hwi_E_NMI__C)
                  00008a70    00000004     empty_pem4f.oem4f (.const:ti_sysbios_family_arm_m3_Hwi_E_busFault__C)
                  00008a74    00000004     empty_pem4f.oem4f (.const:ti_sysbios_family_arm_m3_Hwi_E_debugMon__C)
                  00008a78    00000004     empty_pem4f.oem4f (.const:ti_sysbios_family_arm_m3_Hwi_E_hardFault__C)
                  00008a7c    00000004     empty_pem4f.oem4f (.const:ti_sysbios_family_arm_m3_Hwi_E_memFault__C)
                  00008a80    00000004     empty_pem4f.oem4f (.const:ti_sysbios_family_arm_m3_Hwi_E_noIsr__C)
                  00008a84    00000004     empty_pem4f.oem4f (.const:ti_sysbios_family_arm_m3_Hwi_E_reserved__C)
                  00008a88    00000004     empty_pem4f.oem4f (.const:ti_sysbios_family_arm_m3_Hwi_E_svCall__C)
                  00008a8c    00000004     empty_pem4f.oem4f (.const:ti_sysbios_family_arm_m3_Hwi_E_usageFault__C)
                  00008a90    00000004     empty_pem4f.oem4f (.const:ti_sysbios_family_arm_m3_Hwi_LD_end__C)
                  00008a94    00000004     empty_pem4f.oem4f (.const:ti_sysbios_family_arm_m3_Hwi_LM_begin__C)
                  00008a98    00000004     empty_pem4f.oem4f (.const:ti_sysbios_family_arm_m3_Hwi_Module__diagsEnabled__C)
                  00008a9c    00000004     empty_pem4f.oem4f (.const:ti_sysbios_family_arm_m3_Hwi_Module__diagsIncluded__C)
                  00008aa0    00000004     empty_pem4f.oem4f (.const:ti_sysbios_family_arm_m3_Hwi_Module__diagsMask__C)
                  00008aa4    00000004     empty_pem4f.oem4f (.const:ti_sysbios_family_arm_m3_Hwi_Module__loggerFxn1__C)
                  00008aa8    00000004     empty_pem4f.oem4f (.const:ti_sysbios_family_arm_m3_Hwi_Module__loggerFxn8__C)
                  00008aac    00000004     empty_pem4f.oem4f (.const:ti_sysbios_family_arm_m3_Hwi_Module__loggerObj__C)
                  00008ab0    00000004     empty_pem4f.oem4f (.const:ti_sysbios_family_arm_m3_Hwi_NUM_INTERRUPTS__C)
                  00008ab4    00000004     empty_pem4f.oem4f (.const:ti_sysbios_family_arm_m3_Hwi_Object__count__C)
                  00008ab8    00000004     empty_pem4f.oem4f (.const:ti_sysbios_family_arm_m3_Hwi_ccr__C)
                  00008abc    00000004     empty_pem4f.oem4f (.const:ti_sysbios_family_arm_m3_Hwi_excHandlerFunc__C)
                  00008ac0    00000004     empty_pem4f.oem4f (.const:ti_sysbios_family_arm_m3_Hwi_excHookFuncs__C)
                  00008ac4    00000004     empty_pem4f.oem4f (.const:ti_sysbios_family_arm_m3_Hwi_nullIsrFunc__C)
                  00008ac8    00000004     empty_pem4f.oem4f (.const:ti_sysbios_family_arm_m3_Hwi_priGroup__C)
                  00008acc    00000004     empty_pem4f.oem4f (.const:ti_sysbios_gates_GateMutex_A_badContext__C)
                  00008ad0    00000004     empty_pem4f.oem4f (.const:ti_sysbios_gates_GateMutex_Instance_State_sem__O)
                  00008ad4    00000004     empty_pem4f.oem4f (.const:ti_sysbios_gates_GateMutex_Module__diagsEnabled__C)
                  00008ad8    00000004     empty_pem4f.oem4f (.const:ti_sysbios_gates_GateMutex_Module__diagsIncluded__C)
                  00008adc    00000004     empty_pem4f.oem4f (.const:ti_sysbios_gates_GateMutex_Module__diagsMask__C)
                  00008ae0    00000004     empty_pem4f.oem4f (.const:ti_sysbios_hal_Hwi_E_stackOverflow__C)
                  00008ae4    00000004     empty_pem4f.oem4f (.const:ti_sysbios_heaps_HeapMem_Object__count__C)
                  00008ae8    00000004     empty_pem4f.oem4f (.const:ti_sysbios_knl_Clock_LM_begin__C)
                  00008aec    00000004     empty_pem4f.oem4f (.const:ti_sysbios_knl_Clock_LM_tick__C)
                  00008af0    00000004     empty_pem4f.oem4f (.const:ti_sysbios_knl_Clock_LW_delayed__C)
                  00008af4    00000004     empty_pem4f.oem4f (.const:ti_sysbios_knl_Clock_Module_State_clockQ__O)
                  00008af8    00000004     empty_pem4f.oem4f (.const:ti_sysbios_knl_Clock_Module__diagsEnabled__C)
                  00008afc    00000004     empty_pem4f.oem4f (.const:ti_sysbios_knl_Clock_Module__diagsIncluded__C)
                  00008b00    00000004     empty_pem4f.oem4f (.const:ti_sysbios_knl_Clock_Module__diagsMask__C)
                  00008b04    00000004     empty_pem4f.oem4f (.const:ti_sysbios_knl_Clock_Module__loggerFxn1__C)
                  00008b08    00000004     empty_pem4f.oem4f (.const:ti_sysbios_knl_Clock_Module__loggerFxn2__C)
                  00008b0c    00000004     empty_pem4f.oem4f (.const:ti_sysbios_knl_Clock_Module__loggerObj__C)
                  00008b10    00000004     empty_pem4f.oem4f (.const:ti_sysbios_knl_Semaphore_A_badContext__C)
                  00008b14    00000004     empty_pem4f.oem4f (.const:ti_sysbios_knl_Semaphore_A_noEvents__C)
                  00008b18    00000004     empty_pem4f.oem4f (.const:ti_sysbios_knl_Semaphore_A_overflow__C)
                  00008b1c    00000004     empty_pem4f.oem4f (.const:ti_sysbios_knl_Semaphore_A_pendTaskDisabled__C)
                  00008b20    00000004     empty_pem4f.oem4f (.const:ti_sysbios_knl_Semaphore_Instance_State_pendQ__O)
                  00008b24    00000004     empty_pem4f.oem4f (.const:ti_sysbios_knl_Semaphore_LM_pend__C)
                  00008b28    00000004     empty_pem4f.oem4f (.const:ti_sysbios_knl_Semaphore_LM_post__C)
                  00008b2c    00000004     empty_pem4f.oem4f (.const:ti_sysbios_knl_Semaphore_Module__diagsEnabled__C)
                  00008b30    00000004     empty_pem4f.oem4f (.const:ti_sysbios_knl_Semaphore_Module__diagsIncluded__C)
                  00008b34    00000004     empty_pem4f.oem4f (.const:ti_sysbios_knl_Semaphore_Module__diagsMask__C)
                  00008b38    00000004     empty_pem4f.oem4f (.const:ti_sysbios_knl_Semaphore_Module__loggerFxn2__C)
                  00008b3c    00000004     empty_pem4f.oem4f (.const:ti_sysbios_knl_Semaphore_Module__loggerFxn4__C)
                  00008b40    00000004     empty_pem4f.oem4f (.const:ti_sysbios_knl_Semaphore_Module__loggerObj__C)
                  00008b44    00000004     empty_pem4f.oem4f (.const:ti_sysbios_knl_Swi_LD_end__C)
                  00008b48    00000004     empty_pem4f.oem4f (.const:ti_sysbios_knl_Swi_LM_begin__C)
                  00008b4c    00000004     empty_pem4f.oem4f (.const:ti_sysbios_knl_Swi_LM_post__C)
                  00008b50    00000004     empty_pem4f.oem4f (.const:ti_sysbios_knl_Swi_Module__diagsEnabled__C)
                  00008b54    00000004     empty_pem4f.oem4f (.const:ti_sysbios_knl_Swi_Module__diagsIncluded__C)
                  00008b58    00000004     empty_pem4f.oem4f (.const:ti_sysbios_knl_Swi_Module__diagsMask__C)
                  00008b5c    00000004     empty_pem4f.oem4f (.const:ti_sysbios_knl_Swi_Module__loggerFxn1__C)
                  00008b60    00000004     empty_pem4f.oem4f (.const:ti_sysbios_knl_Swi_Module__loggerFxn4__C)
                  00008b64    00000004     empty_pem4f.oem4f (.const:ti_sysbios_knl_Swi_Module__loggerObj__C)
                  00008b68    00000004     empty_pem4f.oem4f (.const:ti_sysbios_knl_Swi_Object__count__C)
                  00008b6c    00000004     empty_pem4f.oem4f (.const:ti_sysbios_knl_Task_E_spOutOfBounds__C)
                  00008b70    00000004     empty_pem4f.oem4f (.const:ti_sysbios_knl_Task_E_stackOverflow__C)
                  00008b74    00000004     empty_pem4f.oem4f (.const:ti_sysbios_knl_Task_LD_block__C)
                  00008b78    00000004     empty_pem4f.oem4f (.const:ti_sysbios_knl_Task_LD_exit__C)
                  00008b7c    00000004     empty_pem4f.oem4f (.const:ti_sysbios_knl_Task_LD_ready__C)
                  00008b80    00000004     empty_pem4f.oem4f (.const:ti_sysbios_knl_Task_LM_switch__C)
                  00008b84    00000004     empty_pem4f.oem4f (.const:ti_sysbios_knl_Task_Module_State_inactiveQ__O)
                  00008b88    00000004     empty_pem4f.oem4f (.const:ti_sysbios_knl_Task_Module__diagsEnabled__C)
                  00008b8c    00000004     empty_pem4f.oem4f (.const:ti_sysbios_knl_Task_Module__diagsIncluded__C)
                  00008b90    00000004     empty_pem4f.oem4f (.const:ti_sysbios_knl_Task_Module__diagsMask__C)
                  00008b94    00000004     empty_pem4f.oem4f (.const:ti_sysbios_knl_Task_Module__loggerFxn2__C)
                  00008b98    00000004     empty_pem4f.oem4f (.const:ti_sysbios_knl_Task_Module__loggerFxn4__C)
                  00008b9c    00000004     empty_pem4f.oem4f (.const:ti_sysbios_knl_Task_Module__loggerObj__C)
                  00008ba0    00000004     empty_pem4f.oem4f (.const:ti_sysbios_knl_Task_Object__count__C)
                  00008ba4    00000004     empty_pem4f.oem4f (.const:ti_sysbios_knl_Task_Object__heap__C)
                  00008ba8    00000004     empty_pem4f.oem4f (.const:ti_sysbios_knl_Task_allBlockedFunc__C)
                  00008bac    00000004     empty_pem4f.oem4f (.const:ti_sysbios_knl_Task_numConstructedTasks__C)
                  00008bb0    00000004     empty_pem4f.oem4f (.const:ti_sysbios_utils_Load_LS_cpuLoad__C)
                  00008bb4    00000004     empty_pem4f.oem4f (.const:ti_sysbios_utils_Load_LS_taskLoad__C)
                  00008bb8    00000004     empty_pem4f.oem4f (.const:ti_sysbios_utils_Load_Module_State_taskList__O)
                  00008bbc    00000004     empty_pem4f.oem4f (.const:ti_sysbios_utils_Load_Module__diagsEnabled__C)
                  00008bc0    00000004     empty_pem4f.oem4f (.const:ti_sysbios_utils_Load_Module__diagsIncluded__C)
                  00008bc4    00000004     empty_pem4f.oem4f (.const:ti_sysbios_utils_Load_Module__diagsMask__C)
                  00008bc8    00000004     empty_pem4f.oem4f (.const:ti_sysbios_utils_Load_Module__loggerFxn1__C)
                  00008bcc    00000004     empty_pem4f.oem4f (.const:ti_sysbios_utils_Load_Module__loggerFxn4__C)
                  00008bd0    00000004     empty_pem4f.oem4f (.const:ti_sysbios_utils_Load_Module__loggerObj__C)
                  00008bd4    00000004     empty_pem4f.oem4f (.const:ti_sysbios_utils_Load_postUpdate__C)
                  00008bd8    00000004     empty_pem4f.oem4f (.const:ti_sysbios_utils_Load_windowInMs__C)
                  00008bdc    00000004     empty_pem4f.oem4f (.const:ti_uia_loggers_LoggerStopMode_Module__diagsEnabled__C)
                  00008be0    00000004     empty_pem4f.oem4f (.const:ti_uia_loggers_LoggerStopMode_Module__diagsIncluded__C)
                  00008be4    00000004     empty_pem4f.oem4f (.const:ti_uia_loggers_LoggerStopMode_Module__diagsMask__C)
                  00008be8    00000004     empty_pem4f.oem4f (.const:ti_uia_loggers_LoggerStopMode_Object__count__C)
                  00008bec    00000004     empty_pem4f.oem4f (.const:ti_uia_runtime_ILoggerSnapshot_Interface__BASE__C)
                  00008bf0    00000004     empty_pem4f.oem4f (.const:ti_uia_runtime_IUIATransfer_Interface__BASE__C)
                  00008bf4    00000004     empty_pem4f.oem4f (.const:xdc_runtime_Assert_E_assertFailed__C)
                  00008bf8    00000004     empty_pem4f.oem4f (.const:xdc_runtime_Core_A_initializedParams__C)
                  00008bfc    00000004     empty_pem4f.oem4f (.const:xdc_runtime_Core_Module__diagsEnabled__C)
                  00008c00    00000004     empty_pem4f.oem4f (.const:xdc_runtime_Core_Module__diagsIncluded__C)
                  00008c04    00000004     empty_pem4f.oem4f (.const:xdc_runtime_Core_Module__diagsMask__C)
                  00008c08    00000004     empty_pem4f.oem4f (.const:xdc_runtime_Error_E_memory__C)
                  00008c0c    00000004     empty_pem4f.oem4f (.const:xdc_runtime_Error_Module__diagsEnabled__C)
                  00008c10    00000004     empty_pem4f.oem4f (.const:xdc_runtime_Error_Module__diagsIncluded__C)
                  00008c14    00000004     empty_pem4f.oem4f (.const:xdc_runtime_Error_Module__diagsMask__C)
                  00008c18    00000004     empty_pem4f.oem4f (.const:xdc_runtime_Error_Module__loggerFxn8__C)
                  00008c1c    00000004     empty_pem4f.oem4f (.const:xdc_runtime_Error_Module__loggerObj__C)
                  00008c20    00000004     empty_pem4f.oem4f (.const:xdc_runtime_Error_policyFxn__C)
                  00008c24    00000004     empty_pem4f.oem4f (.const:xdc_runtime_Error_raiseHook__C)
                  00008c28    00000004     empty_pem4f.oem4f (.const:xdc_runtime_HeapStd_A_align__C)
                  00008c2c    00000004     empty_pem4f.oem4f (.const:xdc_runtime_HeapStd_A_invalidTotalFreeSize__C)
                  00008c30    00000004     empty_pem4f.oem4f (.const:xdc_runtime_HeapStd_A_zeroSize__C)
                  00008c34    00000004     empty_pem4f.oem4f (.const:xdc_runtime_HeapStd_E_noRTSMemory__C)
                  00008c38    00000004     empty_pem4f.oem4f (.const:xdc_runtime_HeapStd_Module__diagsEnabled__C)
                  00008c3c    00000004     empty_pem4f.oem4f (.const:xdc_runtime_HeapStd_Module__diagsIncluded__C)
                  00008c40    00000004     empty_pem4f.oem4f (.const:xdc_runtime_HeapStd_Module__diagsMask__C)
                  00008c44    00000004     empty_pem4f.oem4f (.const:xdc_runtime_IFilterLogger_Interface__BASE__C)
                  00008c48    00000004     empty_pem4f.oem4f (.const:xdc_runtime_IGateProvider_Interface__BASE__C)
                  00008c4c    00000004     empty_pem4f.oem4f (.const:xdc_runtime_IHeap_Interface__BASE__C)
                  00008c50    00000004     empty_pem4f.oem4f (.const:xdc_runtime_ILogger_Interface__BASE__C)
                  00008c54    00000004     empty_pem4f.oem4f (.const:xdc_runtime_IModule_Interface__BASE__C)
                  00008c58    00000004     empty_pem4f.oem4f (.const:xdc_runtime_Log_L_error__C)
                  00008c5c    00000004     empty_pem4f.oem4f (.const:xdc_runtime_Log_L_info__C)
                  00008c60    00000004     empty_pem4f.oem4f (.const:xdc_runtime_Main_Module__diagsEnabled__C)
                  00008c64    00000004     empty_pem4f.oem4f (.const:xdc_runtime_Main_Module__diagsIncluded__C)
                  00008c68    00000004     empty_pem4f.oem4f (.const:xdc_runtime_Main_Module__diagsMask__C)
                  00008c6c    00000004     empty_pem4f.oem4f (.const:xdc_runtime_Main_Module__loggerFxn4__C)
                  00008c70    00000004     empty_pem4f.oem4f (.const:xdc_runtime_Main_Module__loggerObj__C)
                  00008c74    00000004     empty_pem4f.oem4f (.const:xdc_runtime_Memory_defaultHeapInstance__C)
                  00008c78    00000004     empty_pem4f.oem4f (.const:xdc_runtime_Startup_execImpl__C)
                  00008c7c    00000004     empty_pem4f.oem4f (.const:xdc_runtime_Startup_lastFxns__A)
                  00008c80    00000004     empty_pem4f.oem4f (.const:xdc_runtime_Startup_maxPasses__C)
                  00008c84    00000004     empty_pem4f.oem4f (.const:xdc_runtime_Startup_sfxnRts__C)
                  00008c88    00000004     empty_pem4f.oem4f (.const:xdc_runtime_Startup_sfxnTab__C)
                  00008c8c    00000004     empty_pem4f.oem4f (.const:xdc_runtime_SysMin_bufSize__C)
                  00008c90    00000004     empty_pem4f.oem4f (.const:xdc_runtime_SysMin_outputFunc__C)
                  00008c94    00000004     empty_pem4f.oem4f (.const:xdc_runtime_System_Module__gateObj__C)
                  00008c98    00000004     empty_pem4f.oem4f (.const:xdc_runtime_System_abortFxn__C)
                  00008c9c    00000004     empty_pem4f.oem4f (.const:xdc_runtime_System_exitFxn__C)
                  00008ca0    00000004     empty_pem4f.oem4f (.const:xdc_runtime_System_extendFxn__C)
                  00008ca4    00000004     empty_pem4f.oem4f (.const:xdc_runtime_System_maxAtexitHandlers__C)
                  00008ca8    00000004     empty_pem4f.oem4f (.const:xdc_runtime_Text_charTab__C)
                  00008cac    00000004     empty_pem4f.oem4f (.const:xdc_runtime_Text_nameEmpty__C)
                  00008cb0    00000004     empty_pem4f.oem4f (.const:xdc_runtime_Text_nameStatic__C)
                  00008cb4    00000004     empty_pem4f.oem4f (.const:xdc_runtime_Text_nameUnknown__C)
                  00008cb8    00000004     empty_pem4f.oem4f (.const:xdc_runtime_Text_nodeTab__C)
                  00008cbc    00000004     empty_pem4f.oem4f (.const:xdc_runtime_Text_visitRopeFxn__C)
                  00008cc0    00000002     empty_pem4f.oem4f (.const:ti_sysbios_family_arm_lm4_TimestampProvider_useClockTimer__C)
                  00008cc2    00000002     empty_pem4f.oem4f (.const:ti_sysbios_family_arm_m3_Hwi_Module__id__C)
                  00008cc4    00000002     empty_pem4f.oem4f (.const:ti_sysbios_family_arm_m3_Hwi_Module__loggerDefined__C)
                  00008cc6    00000002     empty_pem4f.oem4f (.const:ti_sysbios_gates_GateMutex_Module__id__C)
                  00008cc8    00000002     empty_pem4f.oem4f (.const:ti_sysbios_hal_Hwi_Module__id__C)
                  00008cca    00000002     empty_pem4f.oem4f (.const:ti_sysbios_knl_Clock_Module__id__C)
                  00008ccc    00000002     empty_pem4f.oem4f (.const:ti_sysbios_knl_Clock_Module__loggerDefined__C)
                  00008cce    00000002     empty_pem4f.oem4f (.const:ti_sysbios_knl_Semaphore_Module__id__C)
                  00008cd0    00000002     empty_pem4f.oem4f (.const:ti_sysbios_knl_Semaphore_Module__loggerDefined__C)
                  00008cd2    00000002     empty_pem4f.oem4f (.const:ti_sysbios_knl_Swi_Module__id__C)
                  00008cd4    00000002     empty_pem4f.oem4f (.const:ti_sysbios_knl_Swi_Module__loggerDefined__C)
                  00008cd6    00000002     empty_pem4f.oem4f (.const:ti_sysbios_knl_Task_Module__id__C)
                  00008cd8    00000002     empty_pem4f.oem4f (.const:ti_sysbios_knl_Task_Module__loggerDefined__C)
                  00008cda    00000002     empty_pem4f.oem4f (.const:ti_sysbios_utils_Load_Module__id__C)
                  00008cdc    00000002     empty_pem4f.oem4f (.const:ti_sysbios_utils_Load_Module__loggerDefined__C)
                  00008cde    00000002     empty_pem4f.oem4f (.const:ti_sysbios_utils_Load_autoAddTasks__C)
                  00008ce0    00000002     empty_pem4f.oem4f (.const:ti_sysbios_utils_Load_updateInIdle__C)
                  00008ce2    00000002     empty_pem4f.oem4f (.const:ti_uia_loggers_LoggerStopMode_Module__id__C)
                  00008ce4    00000002     empty_pem4f.oem4f (.const:ti_uia_loggers_LoggerStopMode_isTimestampEnabled__C)
                  00008ce6    00000002     empty_pem4f.oem4f (.const:xdc_runtime_Core_Module__id__C)
                  00008ce8    00000002     empty_pem4f.oem4f (.const:xdc_runtime_Error_Module__loggerDefined__C)
                  00008cea    00000002     empty_pem4f.oem4f (.const:xdc_runtime_Error_maxDepth__C)
                  00008cec    00000002     empty_pem4f.oem4f (.const:xdc_runtime_HeapStd_Module__id__C)
                  00008cee    00000002     empty_pem4f.oem4f (.const:xdc_runtime_Main_Module__id__C)
                  00008cf0    00000002     empty_pem4f.oem4f (.const:xdc_runtime_Main_Module__loggerDefined__C)
                  00008cf2    00000002     empty_pem4f.oem4f (.const:xdc_runtime_Memory_Module__id__C)
                  00008cf4    00000002     empty_pem4f.oem4f (.const:xdc_runtime_SysMin_flushAtExit__C)
                  00008cf6    00000002     empty_pem4f.oem4f (.const:xdc_runtime_Text_charCnt__C)
                  00008cf8    00000002     empty_pem4f.oem4f (.const:xdc_runtime_Text_isLoaded__C)
                  00008cfa    00000002     empty_pem4f.oem4f (.const:xdc_runtime_Text_registryModsLastId__C)
                  00008cfc    00000002     empty_pem4f.oem4f (.const:xdc_runtime_Text_unnamedModsLastId__C)
                  00008cfe    00000001     empty_pem4f.oem4f (.const:xdc_runtime_Error_policy__C)

.cinit     0    00008d00    000001c0     
                  00008d00    0000018a     (.cinit..data.load) [load image, compression = lzss]
                  00008e8a    00000002     --HOLE-- [fill = 0]
                  00008e8c    0000000c     (__TI_handler_table)
                  00008e98    00000008     (.cinit..bss.load) [load image, compression = zero_init]
                  00008ea0    00000008     (.cinit..vecs.load) [load image, compression = zero_init]
                  00008ea8    00000018     (__TI_cinit_table)

.init_array 
*          0    00000000    00000000     UNINITIALIZED

.resetVecs 
*          0    00000000    0000003c     
                  00000000    0000003c     empty_pem4f.oem4f (.resetVecs)

.bss       0    20000380    00002c30     UNINITIALIZED
                  20000380    00001800     empty_pem4f.oem4f (.bss:taskStackSection)
                  20001b80    00000400     (.common:ti_uia_loggers_LoggerStopMode_Instance_State_1_packetArray__A)
                  20001f80    00000400     (.common:ti_uia_loggers_LoggerStopMode_Instance_State_2_packetArray__A)
                  20002380    00000400     (.common:xdc_runtime_SysMin_Module_State_0_outbuf__A)
                  20002780    00000360     (.common:ti_sysbios_family_arm_m3_Hwi_dispatchTable)
                  20002ae0    00000008     (.common:parmbuf)
                  20002ae8    00000004     (.common:ti_sysbios_knl_Task_Instance_State_0_hookEnv__A)
                  20002aec    00000004     (.common:ti_sysbios_knl_Task_Instance_State_1_hookEnv__A)
                  20002af0    00000004     (.common:ti_sysbios_knl_Task_Instance_State_2_hookEnv__A)
                  20002af4    0000000c     --HOLE--
                  20002b00    00000200     (.common:ti_uia_loggers_LoggerStopMode_Instance_State_0_packetArray__A)
                  20002d00    00000120     rtsv7M4_T_le_v4SPD16_eabi.lib : trgmsg.c.obj (.bss:_CIOBUF_)
                  20002e20    00000060     --HOLE--
                  20002e80    00000030     (.common:ti_uia_loggers_LoggerStopMode_Instance_State_0_hdr__A)
                  20002eb0    00000050     --HOLE--
                  20002f00    00000030     (.common:ti_uia_loggers_LoggerStopMode_Instance_State_1_hdr__A)
                  20002f30    00000050     --HOLE--
                  20002f80    00000030     (.common:ti_uia_loggers_LoggerStopMode_Instance_State_2_hdr__A)

.data      0    20002fb0    00000720     UNINITIALIZED
                  20002fb0    000000f0     empty_pem4f.oem4f (.data:ti_sysbios_knl_Task_Object__table__V)
                  200030a0    0000009c     empty_pem4f.oem4f (.data:ti_uia_loggers_LoggerStopMode_Object__table__V)
                  2000313c    00000098     empty_pem4f.oem4f (.data:ti_sysbios_utils_Load_Module__state__V)
                  200031d4    00000080     empty_pem4f.oem4f (.data:ti_sysbios_family_arm_lm4_Timer_Object__table__V)
                  20003254    00000080     empty_pem4f.oem4f (.data:ti_sysbios_knl_Swi_Module_State_0_readyQ__A)
                  200032d4    00000080     empty_pem4f.oem4f (.data:ti_sysbios_knl_Task_Module_State_0_readyQ__A)
                  20003354    00000054     empty_pem4f.oem4f (.data:ti_sysbios_utils_Load_Module_State_0_taskEnv__A)
                  200033a8    00000048     empty_pem4f.oem4f (.data:ti_sysbios_family_arm_m3_Hwi_Object__table__V)
                  200033f0    00000044     empty_pem4f.oem4f (.data:ti_sysbios_knl_Task_Module__state__V)
                  20003434    00000040     empty_pem4f.oem4f (.data:ti_sysbios_family_arm_lm4_Timer_Module_State_0_device__A)
                  20003474    0000003c     empty_pem4f.oem4f (.data:ti_sysbios_knl_Semaphore_Object__table__V)
                  200034b0    00000038     empty_pem4f.oem4f (.data:ti_sysbios_gates_GateMutex_Object__table__V)
                  200034e8    00000034     empty_pem4f.oem4f (.data:ti_sysbios_family_arm_m3_Hwi_Module__state__V)
                  2000351c    00000030     empty_pem4f.oem4f (.data:ti_sysbios_knl_Swi_Object__table__V)
                  2000354c    0000002c     empty_pem4f.oem4f (.data:ti_sysbios_knl_Clock_Module__state__V)
                  20003578    00000024     empty_pem4f.oem4f (.data:ti_sysbios_BIOS_Module__state__V)
                  2000359c    00000020     empty_pem4f.oem4f (.data:ti_sysbios_family_arm_lm4_Timer_Module_State_0_handles__A)
                  200035bc    00000020     empty_pem4f.oem4f (.data:xdc_runtime_System_Module_State_0_atexitHandlers__A)
                  200035dc    0000001c     empty_pem4f.oem4f (.data:ti_sysbios_knl_Swi_Module__state__V)
                  200035f8    0000000c     empty_pem4f.oem4f (.data:ti_sysbios_family_arm_lm4_Timer_Module__state__V)
                  20003604    0000000c     empty_pem4f.oem4f (.data:ti_sysbios_knl_Task_Module__root__V)
                  20003610    0000000c     empty_pem4f.oem4f (.data:ti_uia_runtime_QueueDescriptor_Module__state__V)
                  2000361c    0000000c     empty_pem4f.oem4f (.data:xdc_runtime_HeapStd_Object__table__V)
                  20003628    0000000c     empty_pem4f.oem4f (.data:xdc_runtime_SysMin_Module__state__V)
                  20003634    00000008     rtsv7M4_T_le_v4SPD16_eabi.lib : _lock.c.obj (.data:$O1$$)
                  2000363c    00000008     ti.uia.runtime.aem4f : QueueDescriptor.oem4f (.data)
                  20003644    00000008     empty_pem4f.oem4f (.data:ti_sysbios_family_arm_lm4_TimestampProvider_Module__state__V)
                  2000364c    00000008     empty_pem4f.oem4f (.data:ti_sysbios_gates_GateHwi_Module__root__V)
                  20003654    00000008     empty_pem4f.oem4f (.data:ti_sysbios_gates_GateMutex_Module__root__V)
                  2000365c    00000008     empty_pem4f.oem4f (.data:ti_sysbios_hal_Hwi_Object__table__V)
                  20003664    00000008     empty_pem4f.oem4f (.data:ti_sysbios_knl_Queue_Module__root__V)
                  2000366c    00000008     empty_pem4f.oem4f (.data:ti_sysbios_knl_Queue_Object__table__V)
                  20003674    00000008     empty_pem4f.oem4f (.data:ti_sysbios_knl_Semaphore_Module__root__V)
                  2000367c    00000008     empty_pem4f.oem4f (.data:ti_uia_loggers_LoggerStopMode_Module__root__V)
                  20003684    00000008     empty_pem4f.oem4f (.data:xdc_runtime_HeapStd_Module__root__V)
                  2000368c    00000008     empty_pem4f.oem4f (.data:xdc_runtime_Registry_Module__state__V)
                  20003694    00000008     empty_pem4f.oem4f (.data:xdc_runtime_Startup_Module__state__V)
                  2000369c    00000008     empty_pem4f.oem4f (.data:xdc_runtime_System_Module__state__V)
                  200036a4    00000004     rtsv7M4_T_le_v4SPD16_eabi.lib : stkdepth_vars.c.obj (.data)
                  200036a8    00000004     empty_pem4f.oem4f (.data:ti_sysbios_family_arm_m3_Hwi_Module_State_0_excContext__A)
                  200036ac    00000004     empty_pem4f.oem4f (.data:ti_sysbios_family_arm_m3_Hwi_Module_State_0_excStack__A)
                  200036b0    00000004     empty_pem4f.oem4f (.data:ti_sysbios_gates_GateHwi_Object__table__V)
                  200036b4    00000004     empty_pem4f.oem4f (.data:ti_sysbios_knl_Task_Module_State_0_idleTask__A)
                  200036b8    00000004     empty_pem4f.oem4f (.data:ti_sysbios_utils_Load_Module_State_0_runningTask__A)
                  200036bc    00000004     empty_pem4f.oem4f (.data:ti_sysbios_utils_Load_Module_State_0_taskStartTime__A)
                  200036c0    00000004     empty_pem4f.oem4f (.data:xdc_runtime_HeapStd_Module__state__V)
                  200036c4    00000004     empty_pem4f.oem4f (.data:xdc_runtime_Memory_Module__state__V)
                  200036c8    00000002     main_sem.obj (.data)
                  200036ca    00000002     empty_pem4f.oem4f (.data:ti_sysbios_family_arm_m3_Hwi_Module_State_0_excActive__A)
                  200036cc    00000002     empty_pem4f.oem4f (.data:xdc_runtime_Error_Module__state__V)
                  200036ce    00000002     empty_pem4f.oem4f (.data:xdc_runtime_Main_Module__root__V)

.stack     0    200036d0    00000400     UNINITIALIZED
                  200036d0    00000400     --HOLE--

.bootVecs 
*          0    00000000    00000008     DSECT
                  00000000    00000008     boot.aem4f : boot.oem4f (.bootVecs)

.vecs      0    20000000    00000360     UNINITIALIZED
                  20000000    00000360     empty_pem4f.oem4f (.vecs)

xdc.meta   0    00000000    000000ef     COPY SECTION
                  00000000    000000ef     empty_pem4f.oem4f (xdc.meta)

MODULE SUMMARY

       Module                       code    ro data   rw data
       ------                       ----    -------   -------
    .\
       main_sem.obj                 504     0         2      
    +--+----------------------------+-------+---------+---------+
       Total:                       504     0         2      
                                                             
    C:\Users\inano\Desktop\ProySepa\empty_EK_TM4C129EXL_TI\Debug\configPkg\package\cfg\
       empty_pem4f.oem4f            3122    10039     13414  
    +--+----------------------------+-------+---------+---------+
       Total:                       3122    10039     13414  
                                                             
    C:/ti/tirtos_tivac_2_16_00_08/products/TivaWare_C_Series-2.1.1.71b/driverlib/ccs/Debug/driverlib.lib
       sysctl.obj                   566     108       0      
       gpio.obj                     394     0         0      
       timer.obj                    140     0         0      
    +--+----------------------------+-------+---------+---------+
       Total:                       1100    108       0      
                                                             
    C:\Users\inano\Desktop\ProySepa\empty_EK_TM4C129EXL_TI\src\sysbios\sysbios.aem4f
       BIOS.obj                     12756   0         0      
       m3_Hwi_asm.obj               314     0         0      
       m3_TaskSupport_asm.obj       180     0         0      
       m3_Hwi_asm_switch.obj        118     0         0      
    +--+----------------------------+-------+---------+---------+
       Total:                       13368   0         0      
                                                             
    C:\ti\ccsv8\tools\compiler\ti-cgt-arm_18.1.3.LTS\lib\rtsv7M4_T_le_v4SPD16_eabi.lib
       trgmsg.c.obj                 108     0         288    
       memcpy_t2.asm.obj            156     0         0      
       memset_t2.asm.obj            122     0         0      
       copy_decompress_lzss.c.obj   104     0         0      
       hostwrite.c.obj              88      0         0      
       cpy_tbl.c.obj                76      0         0      
       u_divt2.asm.obj              64      0         0      
       _lock.c.obj                  26      0         8      
       args_main.c.obj              24      0         0      
       strlen.c.obj                 20      0         0      
       copy_decompress_none.c.obj   14      0         0      
       copy_zero_init.c.obj         12      0         0      
       hostopen.c.obj               0       0         8      
       exit.c.obj                   4       0         0      
       stkdepth_vars.c.obj          0       0         4      
       div0.asm.obj                 2       0         0      
    +--+----------------------------+-------+---------+---------+
       Total:                       820     0         308    
                                                             
    C:\ti\tirtos_tivac_2_16_00_08\products\bios_6_45_01_29\packages\ti\catalog\arm\cortexm4\tiva\ce\lib\Boot.aem4f
       Boot_sysctl.oem4f            628     452       0      
       Boot.oem4f                   152     0         0      
    +--+----------------------------+-------+---------+---------+
       Total:                       780     452       0      
                                                             
    C:\ti\tirtos_tivac_2_16_00_08\products\bios_6_45_01_29\packages\ti\targets\arm\rtsarm\lib\auto_init.aem4f
       auto_init.oem4f              160     0         0      
    +--+----------------------------+-------+---------+---------+
       Total:                       160     0         0      
                                                             
    C:\ti\tirtos_tivac_2_16_00_08\products\bios_6_45_01_29\packages\ti\targets\arm\rtsarm\lib\boot.aem4f
       boot.oem4f                   88      0         0      
    +--+----------------------------+-------+---------+---------+
       Total:                       88      0         0      
                                                             
    C:\ti\tirtos_tivac_2_16_00_08\products\bios_6_45_01_29\packages\ti\targets\arm\rtsarm\lib\ti.targets.arm.rtsarm.aem4f
       System.oem4f                 1255    0         0      
       HeapStd.oem4f                714     0         0      
       Text.oem4f                   672     0         0      
       Error.oem4f                  524     0         0      
       Core-mem.oem4f               358     0         0      
       Startup.oem4f                328     0         0      
       SysMin.oem4f                 248     0         0      
       Core-smem.oem4f              204     0         0      
       Memory.oem4f                 176     0         0      
       Assert.oem4f                 84      0         0      
       Core-params.oem4f            70      0         0      
       Core-label.oem4f             52      0         0      
       Registry.oem4f               32      0         0      
       Gate.oem4f                   28      0         0      
    +--+----------------------------+-------+---------+---------+
       Total:                       4745    0         0      
                                                             
    C:\ti\tirtos_tivac_2_16_00_08\products\uia_2_00_05_50\packages\ti\uia\loggers\lib\release\ti.uia.loggers.aem4f
       LoggerStopMode.oem4f         552     0         0      
    +--+----------------------------+-------+---------+---------+
       Total:                       552     0         0      
                                                             
    C:\ti\tirtos_tivac_2_16_00_08\products\uia_2_00_05_50\packages\ti\uia\runtime\lib\release\ti.uia.runtime.aem4f
       QueueDescriptor.oem4f        116     0         8      
    +--+----------------------------+-------+---------+---------+
       Total:                       116     0         8      
                                                             
       Stack:                       0       0         1024   
       Linker Generated:            0       446       0      
    +--+----------------------------+-------+---------+---------+
       Grand Total:                 25355   11045     14756  


LINKER GENERATED COPY TABLES

__TI_cinit_table @ 00008ea8 records: 3, size/record: 8, table size: 24
	.data: load addr=00008d00, load size=0000018a bytes, run addr=20002fb0, run size=00000720 bytes, compression=lzss
	.bss: load addr=00008e98, load size=00000008 bytes, run addr=20000380, run size=00002c30 bytes, compression=zero_init
	.vecs: load addr=00008ea0, load size=00000008 bytes, run addr=20000000, run size=00000360 bytes, compression=zero_init


LINKER GENERATED HANDLER TABLE

__TI_handler_table @ 00008e8c records: 3, size/record: 4, table size: 12
	index: 0, handler: __TI_decompress_lzss
	index: 1, handler: __TI_decompress_none
	index: 2, handler: __TI_zero_init


GLOBAL SYMBOLS: SORTED ALPHABETICALLY BY Name 

address   name                                                                 
-------   ----                                                                 
00000edd  C$$EXIT                                                              
00005453  C$$IO$$                                                              
00005951  GPIODirModeSet                                                       
00001c21  GPIOPadConfigSet                                                     
000060c5  GPIOPinTypeGPIOInput                                                 
00005f27  GPIOPinTypeGPIOOutput                                                
[...]
00008ac0  ti_sysbios_family_arm_m3_Hwi_excHookFuncs__C                         
00008ac4  ti_sysbios_family_arm_m3_Hwi_nullIsrFunc__C                          
00008ac8  ti_sysbios_family_arm_m3_Hwi_priGroup__C                             
00008acc  ti_sysbios_gates_GateMutex_A_badContext__C                           
00008ad0  ti_sysbios_gates_GateMutex_Instance_State_sem__O                     
00008ad4  ti_sysbios_gates_GateMutex_Module__diagsEnabled__C                   
00008ad8  ti_sysbios_gates_GateMutex_Module__diagsIncluded__C                  
00008adc  ti_sysbios_gates_GateMutex_Module__diagsMask__C                      
00008ae0  ti_sysbios_hal_Hwi_E_stackOverflow__C                                
00008ae4  ti_sysbios_heaps_HeapMem_Object__count__C                            
00008ae8  ti_sysbios_knl_Clock_LM_begin__C                                     
00008aec  ti_sysbios_knl_Clock_LM_tick__C                                      
00008af0  ti_sysbios_knl_Clock_LW_delayed__C                                   
00008af4  ti_sysbios_knl_Clock_Module_State_clockQ__O                          
00008af8  ti_sysbios_knl_Clock_Module__diagsEnabled__C                         
00008afc  ti_sysbios_knl_Clock_Module__diagsIncluded__C                        
00008b00  ti_sysbios_knl_Clock_Module__diagsMask__C                            
00008b04  ti_sysbios_knl_Clock_Module__loggerFxn1__C                           
00008b08  ti_sysbios_knl_Clock_Module__loggerFxn2__C                           
00008b0c  ti_sysbios_knl_Clock_Module__loggerObj__C                            
00008b10  ti_sysbios_knl_Semaphore_A_badContext__C                             
00008b14  ti_sysbios_knl_Semaphore_A_noEvents__C                               
00008b18  ti_sysbios_knl_Semaphore_A_overflow__C                               
00008b1c  ti_sysbios_knl_Semaphore_A_pendTaskDisabled__C                       
00008b20  ti_sysbios_knl_Semaphore_Instance_State_pendQ__O                     
00008b24  ti_sysbios_knl_Semaphore_LM_pend__C                                  
00008b28  ti_sysbios_knl_Semaphore_LM_post__C                                  
00008b2c  ti_sysbios_knl_Semaphore_Module__diagsEnabled__C                     
00008b30  ti_sysbios_knl_Semaphore_Module__diagsIncluded__C                    
00008b34  ti_sysbios_knl_Semaphore_Module__diagsMask__C                        
00008b38  ti_sysbios_knl_Semaphore_Module__loggerFxn2__C                       
00008b3c  ti_sysbios_knl_Semaphore_Module__loggerFxn4__C                       
00008b40  ti_sysbios_knl_Semaphore_Module__loggerObj__C                        
00008b44  ti_sysbios_knl_Swi_LD_end__C                                         
00008b48  ti_sysbios_knl_Swi_LM_begin__C                                       
00008b4c  ti_sysbios_knl_Swi_LM_post__C                                        
00008b50  ti_sysbios_knl_Swi_Module__diagsEnabled__C                           
00008b54  ti_sysbios_knl_Swi_Module__diagsIncluded__C                          
00008b58  ti_sysbios_knl_Swi_Module__diagsMask__C                              
00008b5c  ti_sysbios_knl_Swi_Module__loggerFxn1__C                             
00008b60  ti_sysbios_knl_Swi_Module__loggerFxn4__C                             
00008b64  ti_sysbios_knl_Swi_Module__loggerObj__C                              
00008b68  ti_sysbios_knl_Swi_Object__count__C                                  
00008b6c  ti_sysbios_knl_Task_E_spOutOfBounds__C                               
00008b70  ti_sysbios_knl_Task_E_stackOverflow__C                               
00008b74  ti_sysbios_knl_Task_LD_block__C                                      
00008b78  ti_sysbios_knl_Task_LD_exit__C                                       
00008b7c  ti_sysbios_knl_Task_LD_ready__C                                      
00008b80  ti_sysbios_knl_Task_LM_switch__C                                     
00008b84  ti_sysbios_knl_Task_Module_State_inactiveQ__O                        
00008b88  ti_sysbios_knl_Task_Module__diagsEnabled__C                          
00008b8c  ti_sysbios_knl_Task_Module__diagsIncluded__C                         
00008b90  ti_sysbios_knl_Task_Module__diagsMask__C                             
00008b94  ti_sysbios_knl_Task_Module__loggerFxn2__C                            
00008b98  ti_sysbios_knl_Task_Module__loggerFxn4__C                            
00008b9c  ti_sysbios_knl_Task_Module__loggerObj__C                             
00008ba0  ti_sysbios_knl_Task_Object__count__C                                 
00008ba4  ti_sysbios_knl_Task_Object__heap__C                                  
00008ba8  ti_sysbios_knl_Task_allBlockedFunc__C                                
00008bac  ti_sysbios_knl_Task_numConstructedTasks__C                           
00008bb0  ti_sysbios_utils_Load_LS_cpuLoad__C                                  
00008bb4  ti_sysbios_utils_Load_LS_taskLoad__C                                 
00008bb8  ti_sysbios_utils_Load_Module_State_taskList__O                       
00008bbc  ti_sysbios_utils_Load_Module__diagsEnabled__C                        
00008bc0  ti_sysbios_utils_Load_Module__diagsIncluded__C                       
00008bc4  ti_sysbios_utils_Load_Module__diagsMask__C                           
00008bc8  ti_sysbios_utils_Load_Module__loggerFxn1__C                          
00008bcc  ti_sysbios_utils_Load_Module__loggerFxn4__C                          
00008bd0  ti_sysbios_utils_Load_Module__loggerObj__C                           
00008bd4  ti_sysbios_utils_Load_postUpdate__C                                  
00008bd8  ti_sysbios_utils_Load_windowInMs__C                                  
00008bdc  ti_uia_loggers_LoggerStopMode_Module__diagsEnabled__C                
00008be0  ti_uia_loggers_LoggerStopMode_Module__diagsIncluded__C               
00008be4  ti_uia_loggers_LoggerStopMode_Module__diagsMask__C                   
00008be8  ti_uia_loggers_LoggerStopMode_Object__count__C                       
00008bec  ti_uia_runtime_ILoggerSnapshot_Interface__BASE__C                    
00008bf0  ti_uia_runtime_IUIATransfer_Interface__BASE__C                       
00008bf4  xdc_runtime_Assert_E_assertFailed__C                                 
00008bf8  xdc_runtime_Core_A_initializedParams__C                              
00008bfc  xdc_runtime_Core_Module__diagsEnabled__C                             
00008c00  xdc_runtime_Core_Module__diagsIncluded__C                            
00008c04  xdc_runtime_Core_Module__diagsMask__C                                
00008c08  xdc_runtime_Error_E_memory__C                                        
00008c0c  xdc_runtime_Error_Module__diagsEnabled__C                            
00008c10  xdc_runtime_Error_Module__diagsIncluded__C                           
00008c14  xdc_runtime_Error_Module__diagsMask__C                               
00008c18  xdc_runtime_Error_Module__loggerFxn8__C                              
00008c1c  xdc_runtime_Error_Module__loggerObj__C                               
00008c20  xdc_runtime_Error_policyFxn__C                                       
00008c24  xdc_runtime_Error_raiseHook__C                                       
00008c28  xdc_runtime_HeapStd_A_align__C                                       
00008c2c  xdc_runtime_HeapStd_A_invalidTotalFreeSize__C                        
00008c30  xdc_runtime_HeapStd_A_zeroSize__C                                    
00008c34  xdc_runtime_HeapStd_E_noRTSMemory__C                                 
00008c38  xdc_runtime_HeapStd_Module__diagsEnabled__C                          
00008c3c  xdc_runtime_HeapStd_Module__diagsIncluded__C                         
00008c40  xdc_runtime_HeapStd_Module__diagsMask__C                             
00008c44  xdc_runtime_IFilterLogger_Interface__BASE__C                         
00008c48  xdc_runtime_IGateProvider_Interface__BASE__C                         
00008c4c  xdc_runtime_IHeap_Interface__BASE__C                                 
00008c50  xdc_runtime_ILogger_Interface__BASE__C                               
00008c54  xdc_runtime_IModule_Interface__BASE__C                               
00008c58  xdc_runtime_Log_L_error__C                                           
00008c5c  xdc_runtime_Log_L_info__C                                            
00008c60  xdc_runtime_Main_Module__diagsEnabled__C                             
00008c64  xdc_runtime_Main_Module__diagsIncluded__C                            
00008c68  xdc_runtime_Main_Module__diagsMask__C                                
00008c6c  xdc_runtime_Main_Module__loggerFxn4__C                               
00008c70  xdc_runtime_Main_Module__loggerObj__C                                
00008c74  xdc_runtime_Memory_defaultHeapInstance__C                            
00008c78  xdc_runtime_Startup_execImpl__C                                      
00008c7c  xdc_runtime_Startup_lastFxns__A                                      
00008c80  xdc_runtime_Startup_maxPasses__C                                     
00008c84  xdc_runtime_Startup_sfxnRts__C                                       
00008c88  xdc_runtime_Startup_sfxnTab__C                                       
00008c8c  xdc_runtime_SysMin_bufSize__C                                        
00008c90  xdc_runtime_SysMin_outputFunc__C                                     
00008c94  xdc_runtime_System_Module__gateObj__C                                
00008c98  xdc_runtime_System_abortFxn__C                                       
00008c9c  xdc_runtime_System_exitFxn__C                                        
00008ca0  xdc_runtime_System_extendFxn__C                                      
00008ca4  xdc_runtime_System_maxAtexitHandlers__C                              
00008ca8  xdc_runtime_Text_charTab__C                                          
00008cac  xdc_runtime_Text_nameEmpty__C                                        
00008cb0  xdc_runtime_Text_nameStatic__C                                       
00008cb4  xdc_runtime_Text_nameUnknown__C                                      
00008cb8  xdc_runtime_Text_nodeTab__C                                          
00008cbc  xdc_runtime_Text_visitRopeFxn__C                                     
00008cc0  ti_sysbios_family_arm_lm4_TimestampProvider_useClockTimer__C         
00008cc2  ti_sysbios_family_arm_m3_Hwi_Module__id__C                           
00008cc4  ti_sysbios_family_arm_m3_Hwi_Module__loggerDefined__C                
00008cc6  ti_sysbios_gates_GateMutex_Module__id__C                             
00008cc8  ti_sysbios_hal_Hwi_Module__id__C                                     
00008cca  ti_sysbios_knl_Clock_Module__id__C                                   
00008ccc  ti_sysbios_knl_Clock_Module__loggerDefined__C                        
00008cce  ti_sysbios_knl_Semaphore_Module__id__C                               
00008cd0  ti_sysbios_knl_Semaphore_Module__loggerDefined__C                    
00008cd2  ti_sysbios_knl_Swi_Module__id__C                                     
00008cd4  ti_sysbios_knl_Swi_Module__loggerDefined__C                          
00008cd6  ti_sysbios_knl_Task_Module__id__C                                    
00008cd8  ti_sysbios_knl_Task_Module__loggerDefined__C                         
00008cda  ti_sysbios_utils_Load_Module__id__C                                  
00008cdc  ti_sysbios_utils_Load_Module__loggerDefined__C                       
00008cde  ti_sysbios_utils_Load_autoAddTasks__C                                
00008ce0  ti_sysbios_utils_Load_updateInIdle__C                                
00008ce2  ti_uia_loggers_LoggerStopMode_Module__id__C                          
00008ce4  ti_uia_loggers_LoggerStopMode_isTimestampEnabled__C                  
00008ce6  xdc_runtime_Core_Module__id__C                                       
00008ce8  xdc_runtime_Error_Module__loggerDefined__C                           
00008cea  xdc_runtime_Error_maxDepth__C                                        
00008cec  xdc_runtime_HeapStd_Module__id__C                                    
00008cee  xdc_runtime_Main_Module__id__C                                       
00008cf0  xdc_runtime_Main_Module__loggerDefined__C                            
00008cf2  xdc_runtime_Memory_Module__id__C                                     
00008cf4  xdc_runtime_SysMin_flushAtExit__C                                    
00008cf6  xdc_runtime_Text_charCnt__C                                          
00008cf8  xdc_runtime_Text_isLoaded__C                                         
00008cfa  xdc_runtime_Text_registryModsLastId__C                               
00008cfc  xdc_runtime_Text_unnamedModsLastId__C                                
00008cfe  xdc_runtime_Error_policy__C                                          
00008d00  __TI_static_base__                                                   
00008e8c  __TI_Handler_Table_Base                                              
00008e98  __TI_Handler_Table_Limit                                             
00008ea8  __TI_CINIT_Base                                                      
00008ec0  __TI_CINIT_Limit                                                     
20000000  ti_sysbios_family_arm_m3_Hwi_ramVectors                              
20000380  ti_sysbios_knl_Task_Instance_State_0_stack__A                        
20000b80  ti_sysbios_knl_Task_Instance_State_1_stack__A                        
20001380  ti_sysbios_knl_Task_Instance_State_2_stack__A                        
20001b80  ti_uia_loggers_LoggerStopMode_Instance_State_1_packetArray__A        
20001f80  ti_uia_loggers_LoggerStopMode_Instance_State_2_packetArray__A        
20002380  xdc_runtime_SysMin_Module_State_0_outbuf__A                          
20002780  ti_sysbios_family_arm_m3_Hwi_dispatchTable                           
20002ae0  parmbuf                                                              
20002ae8  ti_sysbios_knl_Task_Instance_State_0_hookEnv__A                      
20002aec  ti_sysbios_knl_Task_Instance_State_1_hookEnv__A                      
20002af0  ti_sysbios_knl_Task_Instance_State_2_hookEnv__A                      
20002b00  ti_uia_loggers_LoggerStopMode_Instance_State_0_packetArray__A        
20002d00  __CIOBUF_                                                            
20002e80  ti_uia_loggers_LoggerStopMode_Instance_State_0_hdr__A                
20002f00  ti_uia_loggers_LoggerStopMode_Instance_State_1_hdr__A                
20002f80  ti_uia_loggers_LoggerStopMode_Instance_State_2_hdr__A                
20002fb0  ti_sysbios_knl_Task_Object__table__V                                 
200030a0  ti_uia_loggers_LoggerStopMode_Object__table__V                       
2000313c  ti_sysbios_utils_Load_Module__state__V                               
200031d4  ti_sysbios_family_arm_lm4_Timer_Object__table__V                     
20003254  ti_sysbios_knl_Swi_Module_State_0_readyQ__A                          
200032d4  ti_sysbios_knl_Task_Module_State_0_readyQ__A                         
20003354  ti_sysbios_utils_Load_Module_State_0_taskEnv__A                      
200033a8  ti_sysbios_family_arm_m3_Hwi_Object__table__V                        
200033f0  ti_sysbios_knl_Task_Module__state__V                                 
20003434  ti_sysbios_family_arm_lm4_Timer_Module_State_0_device__A             
20003474  ti_sysbios_knl_Semaphore_Object__table__V                            
200034b0  ti_sysbios_gates_GateMutex_Object__table__V                          
200034e8  ti_sysbios_family_arm_m3_Hwi_Module__state__V                        
2000351c  ti_sysbios_knl_Swi_Object__table__V                                  
2000354c  ti_sysbios_knl_Clock_Module__state__V                                
20003578  ti_sysbios_BIOS_Module__state__V                                     
2000359c  ti_sysbios_family_arm_lm4_Timer_Module_State_0_handles__A            
200035bc  xdc_runtime_System_Module_State_0_atexitHandlers__A                  
200035dc  ti_sysbios_knl_Swi_Module__state__V                                  
200035f8  ti_sysbios_family_arm_lm4_Timer_Module__state__V                     
20003604  ti_sysbios_knl_Task_Module__root__V                                  
20003610  ti_uia_runtime_QueueDescriptor_Module__state__V                      
2000361c  xdc_runtime_HeapStd_Object__table__V                                 
20003628  xdc_runtime_SysMin_Module__state__V                                  
20003634  _lock                                                                
20003638  _unlock                                                              
2000363c  ti_uia_runtime_QueueDescriptor_gPtrToFirstDescriptor                 
20003640  ti_uia_runtime_QueueDescriptor_gUpdateCount                          
20003644  ti_sysbios_family_arm_lm4_TimestampProvider_Module__state__V         
2000364c  ti_sysbios_gates_GateHwi_Module__root__V                             
20003654  ti_sysbios_gates_GateMutex_Module__root__V                           
2000365c  ti_sysbios_hal_Hwi_Object__table__V                                  
20003664  ti_sysbios_knl_Queue_Module__root__V                                 
2000366c  ti_sysbios_knl_Queue_Object__table__V                                
20003674  ti_sysbios_knl_Semaphore_Module__root__V                             
2000367c  ti_uia_loggers_LoggerStopMode_Module__root__V                        
20003684  xdc_runtime_HeapStd_Module__root__V                                  
2000368c  xdc_runtime_Registry_Module__state__V                                
20003694  xdc_runtime_Startup_Module__state__V                                 
2000369c  xdc_runtime_System_Module__state__V                                  
200036a4  main_func_sp                                                         
200036a8  ti_sysbios_family_arm_m3_Hwi_Module_State_0_excContext__A            
200036ac  ti_sysbios_family_arm_m3_Hwi_Module_State_0_excStack__A              
200036b0  ti_sysbios_gates_GateHwi_Object__table__V                            
200036b4  ti_sysbios_knl_Task_Module_State_0_idleTask__A                       
200036b8  ti_sysbios_utils_Load_Module_State_0_runningTask__A                  
200036bc  ti_sysbios_utils_Load_Module_State_0_taskStartTime__A                
200036c0  xdc_runtime_HeapStd_Module__state__V                                 
200036c4  xdc_runtime_Memory_Module__state__V                                  
200036c8  i16ToggleCount                                                       
200036ca  ti_sysbios_family_arm_m3_Hwi_Module_State_0_excActive__A             
200036cc  xdc_runtime_Error_Module__state__V                                   
200036ce  xdc_runtime_Main_Module__root__V                                     
200036d0  __stack                                                              
20003ad0  __STACK_END                                                          
e000e000  ti_sysbios_family_arm_m3_Hwi_nvic                                    
ffffffff  __TI_pprof_out_hndl                                                  
ffffffff  __TI_prof_data_size                                                  
ffffffff  __TI_prof_data_start                                                 
ffffffff  __binit__                                                            
ffffffff  __c_args__                                                           
ffffffff  binit                                                                
UNDEFED   SHT$$INIT_ARRAY$$Base                                                
UNDEFED   SHT$$INIT_ARRAY$$Limit                                               

[680 symbols]
