******************************************************************************
                  TI ARM Linker PC v18.1.3                     
******************************************************************************
>> Linked Thu Feb 14 19:41:53 2019

OUTPUT FILE NAME:   <Proy_sem.out>
ENTRY POINT SYMBOL: "_c_int00"  address: 00005381


MEMORY CONFIGURATION

         name            origin    length      used     unused   attr    fill
----------------------  --------  ---------  --------  --------  ----  --------
  FLASH                 00000000   00100000  00009c82  000f637e  R  X
  SRAM                  20000000   00040000  00003aac  0003c554  RW X


SEGMENT ALLOCATION MAP

run origin  load origin   length   init length attrs members
----------  ----------- ---------- ----------- ----- -------
00000000    00000000    00009c88   00009c88    r-x
  00000000    00000000    0000003c   0000003c    r-- .resetVecs
  00000040    00000040    00006e02   00006e02    r-x .text
  00006e44    00006e44    00002b54   00002b54    r-- .const
  00009998    00009998    000002f0   000002f0    r-- .cinit
20000000    20000000    00000360   00000000    rw-
  20000000    20000000    00000360   00000000    rw- .vecs
20000380    20000380    00003750   00000000    rw-
  20000380    20000380    00002c30   00000000    rw- .bss
  20002fb0    20002fb0    0000071c   00000000    rw- .data
  200036d0    200036d0    00000400   00000000    rw- .stack


SECTION ALLOCATION MAP

 output                                  attributes/
section   page    origin      length       input sections
--------  ----  ----------  ----------   ----------------
.text      0    00000040    00006e02     
                  00000040    00000430     sysbios.aem4f : BIOS.obj (.text:ti_sysbios_family_arm_m3_Hwi_excDumpRegs__I)
                  00000470    000003e4     main_sem.obj (.text:mov_AGV)
                  00000854    0000034c     ti.targets.arm.rtsarm.aem4f : System.oem4f (.text:xdc_runtime_System_doPrint__I)
                  00000ba0    0000031c     sysbios.aem4f : BIOS.obj (.text:ti_sysbios_knl_Semaphore_pend__E)
                  00000ebc    00000004     driverlib.lib : timer.obj (.text:TimerIntClear)
                  00000ec0    00000208     sysbios.aem4f : BIOS.obj (.text:ti_sysbios_knl_Task_sleep__E)
                  000010c8    00000204     driverlib.lib : sysctl.obj (.text:SysCtlClockFreqSet)
                  000012cc    00000204     Boot.aem4f : Boot_sysctl.oem4f (.text:ti_catalog_arm_cortexm4_tiva_ce_Boot_sysCtlClockFreqSetI__I)
                  000014d0    000001fc     sysbios.aem4f : BIOS.obj (.text:ti_sysbios_family_arm_m3_Hwi_excHandlerMax__I)
                  000016cc    000001a8     main_sem.obj (.text:ini_hardware)
                  00001874    00000004     rtsv7M4_T_le_v4SPD16_eabi.lib : exit.c.obj (.text:abort:abort)
                  00001878    00000178     sysbios.aem4f : BIOS.obj (.text:ti_sysbios_family_arm_lm4_TimestampProvider_get64__E)
                  000019f0    00000174                   : BIOS.obj (.text:ti_sysbios_family_arm_m3_Hwi_excBusFault__I)
                  00001b64    00000004     empty_pem4f.oem4f (.text:malloc)
                  00001b68    00000168     sysbios.aem4f : BIOS.obj (.text:ti_sysbios_family_arm_lm4_Timer_start__E)
                  00001cd0    00000164                   : BIOS.obj (.text:ti_sysbios_family_arm_m3_Hwi_excUsageFault__I)
                  00001e34    00000004     empty_pem4f.oem4f (.text:ti_sysbios_BIOS_RtsGateProxy_enter__E)
                  00001e38    00000148     sysbios.aem4f : BIOS.obj (.text:ti_sysbios_family_arm_m3_Hwi_excMemFault__I)
                  00001f80    00000144     ti.targets.arm.rtsarm.aem4f : HeapStd.oem4f (.text:xdc_runtime_HeapStd_alloc__E)
                  000020c4    00000004     empty_pem4f.oem4f (.text:ti_sysbios_BIOS_RtsGateProxy_leave__E)
                  000020c8    00000140     sysbios.aem4f : BIOS.obj (.text:ti_sysbios_knl_Semaphore_post__E)
                  00002208    0000013c                   : BIOS.obj (.text:ti_sysbios_knl_Clock_workFunc__E)
                  00002344    00000004                   : BIOS.obj (.text:ti_sysbios_family_arm_lm4_Timer_masterEnable__I)
                  00002348    00000138                   : BIOS.obj (.text:ti_sysbios_family_arm_m3_Hwi_dispatchC__I)
                  00002480    00000138     empty_pem4f.oem4f (.text:ti_uia_loggers_LoggerStopMode_writeMemoryRange__E)
                  000025b8    00000130     driverlib.lib : gpio.obj (.text:GPIOPadConfigSet)
                  000026e8    0000011c     sysbios.aem4f : BIOS.obj (.text:ti_sysbios_knl_Swi_run__I)
                  00002804    00000118     ti.targets.arm.rtsarm.aem4f : Error.oem4f (.text:xdc_runtime_Error_policyDefault__E)
                  0000291c    00000004     empty_pem4f.oem4f (.text:ti_sysbios_family_arm_m3_TaskSupport_Module__startupDone__S)
                  00002920    00000110     sysbios.aem4f : BIOS.obj (.text:ti_sysbios_knl_Task_schedule__I)
                  00002a30    0000010c     driverlib.lib : sysctl.obj (.text:SysCtlClockGet)
                  00002b3c    0000010c     empty_pem4f.oem4f (.text:ti_uia_loggers_LoggerStopMode_write8__E)
                  00002c48    00000100     ti.targets.arm.rtsarm.aem4f : Core-mem.oem4f (.text:xdc_runtime_Core_createObject__I)
                  00002d48    000000fc     sysbios.aem4f : BIOS.obj (.text:ti_sysbios_knl_Task_postInit__I)
                  00002e44    00000004     empty_pem4f.oem4f (.text:ti_sysbios_knl_Clock_TimerProxy_getMaxTicks__E)
                  00002e48    000000fc     sysbios.aem4f : BIOS.obj (.text:ti_sysbios_knl_Task_startCore__E)
                  00002f44    00000004     empty_pem4f.oem4f (.text:ti_sysbios_knl_Clock_TimerProxy_getPeriod__E)
                  00002f48    000000f8     sysbios.aem4f : BIOS.obj (.text:ti_sysbios_utils_Load_updateThreadContexts__E)
                  00003040    000000f8     ti.targets.arm.rtsarm.aem4f : Startup.oem4f (.text:xdc_runtime_Startup_startMods__I)
                  00003138    000000f8     empty_pem4f.oem4f (.text:xdc_runtime_System_printfExtend__I)
                  00003230    000000f4     sysbios.aem4f : m3_Hwi_asm.obj (.text:ti_sysbios_family_arm_m3_Hwi_dispatch__I)
                  00003324    000000f4     empty_pem4f.oem4f (.text:ti_uia_loggers_LoggerStopMode_write4__E)
                  00003418    000000e8     empty_pem4f.oem4f (.text:ti_uia_loggers_LoggerStopMode_write1__E)
                  00003500    000000e8     empty_pem4f.oem4f (.text:ti_uia_loggers_LoggerStopMode_write2__E)
                  000035e8    000000d8     sysbios.aem4f : BIOS.obj (.text:ti_sysbios_family_arm_lm4_TimestampProvider_get32__E)
                  000036c0    000000d8     empty_pem4f.oem4f (.text:ti_uia_loggers_LoggerStopMode_write0__E)
                  00003798    000000d0     sysbios.aem4f : BIOS.obj (.text:ti_sysbios_family_arm_m3_Hwi_Module_startup__E)
                  00003868    000000cc     ti.targets.arm.rtsarm.aem4f : Core-smem.oem4f (.text:xdc_runtime_Core_constructObject__I)
                  00003934    000000cc                                 : HeapStd.oem4f (.text:xdc_runtime_HeapStd_Instance_init__E)
                  00003a00    000000c8     sysbios.aem4f : BIOS.obj (.text:ti_sysbios_knl_Task_exit__E)
                  00003ac8    000000c4                   : BIOS.obj (.text:ti_sysbios_utils_Load_logLoads__I)
                  00003b8c    00000004     empty_pem4f.oem4f (.text:ti_sysbios_knl_Queue_destruct)
                  00003b90    000000bc     sysbios.aem4f : BIOS.obj (.text:ti_sysbios_family_arm_m3_Hwi_excDebugMon__I)
                  00003c4c    00000004     empty_pem4f.oem4f (.text:ti_sysbios_knl_Semaphore_destruct)
                  00003c50    000000bc     sysbios.aem4f : BIOS.obj (.text:ti_sysbios_family_arm_m3_Hwi_excHardFault__I)
                  00003d0c    00000004     ti.uia.loggers.aem4f : LoggerStopMode.oem4f (.text:ti_uia_loggers_LoggerStopMode_getContents__E)
                  00003d10    000000bc     sysbios.aem4f : BIOS.obj (.text:ti_sysbios_knl_Task_unblockI__E)
                  00003dcc    00000004     empty_pem4f.oem4f (.text:ti_uia_loggers_LoggerStopMode_getFilterLevel__E)
                  00003dd0    000000b4     sysbios.aem4f : BIOS.obj (.text:ti_sysbios_gates_GateMutex_enter__E)
                  00003e84    00000004     ti.uia.loggers.aem4f : LoggerStopMode.oem4f (.text:ti_uia_loggers_LoggerStopMode_getInstanceId__E)
                  00003e88    000000b4     sysbios.aem4f : BIOS.obj (.text:ti_sysbios_knl_Task_checkStacks__E)
                  00003f3c    00000004     ti.uia.loggers.aem4f : LoggerStopMode.oem4f (.text:ti_uia_loggers_LoggerStopMode_getMaxLength__E)
                  00003f40    000000b0     sysbios.aem4f : BIOS.obj (.text:ti_sysbios_utils_Load_idleFxn__E)
                  00003ff0    000000b0                   : BIOS.obj (.text:ti_sysbios_utils_Load_updateLoads__E)
                  000040a0    000000ac                   : BIOS.obj (.text:ti_sysbios_family_arm_lm4_Timer_enableTiva__I)
                  0000414c    00000004     ti.uia.loggers.aem4f : LoggerStopMode.oem4f (.text:ti_uia_loggers_LoggerStopMode_getPriority__E)
                  00004150    000000ac     sysbios.aem4f : BIOS.obj (.text:ti_sysbios_knl_Swi_post__E)
                  000041fc    00000004     ti.uia.loggers.aem4f : LoggerStopMode.oem4f (.text:ti_uia_loggers_LoggerStopMode_getTransferType__E)
                  00004200    000000a8     sysbios.aem4f : BIOS.obj (.text:ti_sysbios_family_arm_lm4_Timer_enableTimers__I)
                  000042a8    000000a8                   : BIOS.obj (.text:ti_sysbios_knl_Task_blockI__E)
                  00004350    000000a8     ti.targets.arm.rtsarm.aem4f : HeapStd.oem4f (.text:xdc_runtime_HeapStd_free__E)
                  000043f8    000000a0     auto_init.aem4f : auto_init.oem4f (.text)
                  00004498    000000a0     ti.targets.arm.rtsarm.aem4f : Text.oem4f (.text:xdc_runtime_Text_putMod__E)
                  00004538    0000009c     rtsv7M4_T_le_v4SPD16_eabi.lib : memcpy_t2.asm.obj (.text)
                  000045d4    00000004     ti.targets.arm.rtsarm.aem4f : Error.oem4f (.text:xdc_runtime_Error_getSite__E)
                  000045d8    0000009c     sysbios.aem4f : BIOS.obj (.text:ti_sysbios_knl_Semaphore_Instance_init__E)
                  00004674    0000009a     ti.targets.arm.rtsarm.aem4f : Text.oem4f (.text:xdc_runtime_Text_putSite__E)
                  0000470e    00000002     rtsv7M4_T_le_v4SPD16_eabi.lib : _lock.c.obj (.text:_nop)
                  00004710    00000098     Boot.aem4f : Boot.oem4f (.text:ti_catalog_arm_cortexm4_tiva_ce_Boot_sysCtlClockFreqSet__E)
                  000047a8    00000094     sysbios.aem4f : BIOS.obj (.text:ti_sysbios_family_arm_m3_Hwi_initNVIC__E)
                  0000483c    00000004     ti.targets.arm.rtsarm.aem4f : HeapStd.oem4f (.text:xdc_runtime_HeapStd_isBlocking__E)
                  00004840    00000090     sysbios.aem4f : BIOS.obj (.text:ti_sysbios_knl_Task_Module_startup__E)
                  000048d0    00000090                   : BIOS.obj (.text:ti_sysbios_utils_Load_startup__E)
                  00004960    00000090     ti.uia.loggers.aem4f : LoggerStopMode.oem4f (.text:ti_uia_loggers_LoggerStopMode_initQueueDescriptor__E)
                  000049f0    0000008c     sysbios.aem4f : m3_TaskSupport_asm.obj (.text:ti_sysbios_family_arm_m3_TaskSupport_buildTaskStack)
                  00004a7c    0000007a     driverlib.lib : adc.obj (.text:ADCSequenceStepConfigure)
                  00004af6    0000007a     rtsv7M4_T_le_v4SPD16_eabi.lib : memset_t2.asm.obj (.text)
                  00004b70    00000074     ti.uia.runtime.aem4f : QueueDescriptor.oem4f (.text:ti_uia_runtime_QueueDescriptor_addToList__E)
                  00004be4    0000006d     ti.targets.arm.rtsarm.aem4f : System.oem4f (.text:xdc_runtime_System_formatNum__I)
                  00004c51    00000001     --HOLE-- [fill = 0]
                  00004c52    00000006     driverlib.lib : gpio.obj (.text:GPIOPinWrite)
                  00004c58    0000006c     sysbios.aem4f : BIOS.obj (.text:ti_sysbios_knl_Swi_restoreHwi__E)
                  00004cc4    00000004     empty_pem4f.oem4f (.text:xdc_runtime_System_Module_GateProxy_enter__E)
                  00004cc8    0000006c     sysbios.aem4f : BIOS.obj (.text:ti_sysbios_utils_Load_taskCreateHook__E)
                  00004d34    0000006c     ti.targets.arm.rtsarm.aem4f : Error.oem4f (.text:xdc_runtime_Error_print__E)
                  00004da0    0000006c                                 : Memory.oem4f (.text:xdc_runtime_Memory_alloc__E)
                  00004e0c    00000068     driverlib.lib : interrupt.obj (.text:IntEnable)
                  00004e74    00000068     rtsv7M4_T_le_v4SPD16_eabi.lib : copy_decompress_lzss.c.obj (.text:decompress:lzss:__TI_decompress_lzss)
                  00004edc    00000068     main_sem.obj (.text:leeUART)
                  00004f44    00000004     empty_pem4f.oem4f (.text:xdc_runtime_System_Module_GateProxy_leave__E)
                  00004f48    00000068     sysbios.aem4f : BIOS.obj (.text:ti_sysbios_utils_Load_addTask__E)
                  00004fb0    00000066     ti.uia.loggers.aem4f : LoggerStopMode.oem4f (.text:ti_uia_loggers_LoggerStopMode_flush__E)
                  00005016    00000066     ti.targets.arm.rtsarm.aem4f : Core-mem.oem4f (.text:xdc_runtime_Core_deleteObject__I)
                  0000507c    00000004                                 : System.oem4f (.text:xdc_runtime_System_aprintf_va__F)
                  00005080    00000064     sysbios.aem4f : BIOS.obj (.text:ti_sysbios_family_arm_lm4_Timer_Module_startup__E)
                  000050e4    00000060     driverlib.lib : timer.obj (.text:TimerConfigure)
                  00005144    00000004     ti.targets.arm.rtsarm.aem4f : System.oem4f (.text:xdc_runtime_System_printf_va__F)
                  00005148    00000060     sysbios.aem4f : BIOS.obj (.text:ti_sysbios_family_arm_lm4_Timer_isrStub__E)
                  000051a8    00000060                   : BIOS.obj (.text:ti_sysbios_knl_Clock_logTick__E)
                  00005208    00000060                   : BIOS.obj (.text:ti_sysbios_utils_Load_logCPULoad__I)
                  00005268    00000060                   : BIOS.obj (.text:ti_sysbios_utils_Load_updateCurrentThreadTime__E)
                  000052c8    0000005c                   : BIOS.obj (.text:ti_sysbios_knl_Swi_schedule__I)
                  00005324    0000005b     ti.targets.arm.rtsarm.aem4f : Text.oem4f (.text:xdc_runtime_Text_putLab__E)
                  0000537f    00000001     --HOLE-- [fill = 0]
                  00005380    00000058     boot.aem4f : boot.oem4f (.text)
                  000053d8    00000058     rtsv7M4_T_le_v4SPD16_eabi.lib : hostwrite.c.obj (.text:HOSTwrite)
                  00005430    00000058     sysbios.aem4f : m3_Hwi_asm_switch.obj (.text:ti_sysbios_family_arm_m3_Hwi_initStacks__E)
                  00005488    00000058     empty_pem4f.oem4f (.text:xdc_runtime_HeapStd_Object__create__S)
                  000054e0    00000054     sysbios.aem4f : BIOS.obj (.text:ti_sysbios_utils_Load_taskSwitchHook__E)
                  00005534    00000054     ti.targets.arm.rtsarm.aem4f : Assert.oem4f (.text:xdc_runtime_Assert_raise__I)
                  00005588    00000050     Boot.aem4f : Boot_sysctl.oem4f (.text:_SysCtlFrequencyGet)
                  000055d8    00000050     ti.targets.arm.rtsarm.aem4f : Startup.oem4f (.text:xdc_runtime_Startup_exec__E)
                  00005628    00000050                                 : Text.oem4f (.text:xdc_runtime_Text_visitRope2__I)
                  00005678    0000004c     rtsv7M4_T_le_v4SPD16_eabi.lib : cpy_tbl.c.obj (.text:copy_in)
                  000056c4    00000002     empty_pem4f.oem4f (.text:free)
                  000056c6    00000002     rtsv7M4_T_le_v4SPD16_eabi.lib : div0.asm.obj (.text)
                  000056c8    0000004c     sysbios.aem4f : BIOS.obj (.text:ti_sysbios_knl_Swi_runLoop__I)
                  00005714    00000002     empty_pem4f.oem4f (.text:ti_sysbios_BIOS_nullFunc__I)
                  00005716    00000002     empty_pem4f.oem4f (.text:ti_uia_loggers_LoggerStopMode_setFilterLevel__E)
                  00005718    0000004c     sysbios.aem4f : BIOS.obj (.text:ti_sysbios_knl_Task_allBlockedFunction__I)
                  00005764    0000004c     ti.uia.loggers.aem4f : LoggerStopMode.oem4f (.text:ti_uia_loggers_LoggerStopMode_Module_startup__E)
                  000057b0    00000048     driverlib.lib : gpio.obj (.text:GPIOPinConfigure)
                  000057f8    00000048                   : sysctl.obj (.text:_SysCtlFrequencyGet)
                  00005840    00000048     sysbios.aem4f : BIOS.obj (.text:ti_sysbios_family_arm_m3_Hwi_disableInterrupt__E)
                  00005888    00000048                   : BIOS.obj (.text:ti_sysbios_family_arm_m3_Hwi_enableInterrupt__E)
                  000058d0    00000048                   : BIOS.obj (.text:ti_sysbios_family_arm_m3_Hwi_excReserved__I)
                  00005918    00000048                   : BIOS.obj (.text:ti_sysbios_utils_Load_taskDeleteHook__E)
                  00005960    00000046     ti.targets.arm.rtsarm.aem4f : Core-params.oem4f (.text:xdc_runtime_Core_assignParams__I)
                  000059a6    00000002     ti.uia.loggers.aem4f : LoggerStopMode.oem4f (.text:ti_uia_loggers_LoggerStopMode_setPriority__E)
                  000059a8    00000044     sysbios.aem4f : BIOS.obj (.text:ti_sysbios_family_arm_lm4_Timer_stop__E)
                  000059ec    00000002     empty_pem4f.oem4f (.text:xdc_runtime_Startup_reset__I)
                  000059ee    00000002     --HOLE-- [fill = 0]
                  000059f0    00000044     sysbios.aem4f : BIOS.obj (.text:ti_sysbios_family_arm_m3_Hwi_getStackInfo__E)
                  00005a34    00000004     --HOLE-- [fill = 0]
                  00005a38    00000044                   : BIOS.obj (.text:ti_sysbios_utils_Load_removeTask__E)
                  00005a7c    00000044     ti.uia.loggers.aem4f : LoggerStopMode.oem4f (.text:ti_uia_loggers_LoggerStopMode_initBuffer__I)
                  00005ac0    00000044     ti.targets.arm.rtsarm.aem4f : Error.oem4f (.text:xdc_runtime_Error_setX__E)
                  00005b04    00000044                                 : SysMin.oem4f (.text:xdc_runtime_SysMin_flush__E)
                  00005b48    00000044                                 : Text.oem4f (.text:xdc_runtime_Text_xprintf__I)
                  00005b8c    00000042     driverlib.lib : uart.obj (.text:UARTConfigSetExpClk)
                  00005bce    00000040     rtsv7M4_T_le_v4SPD16_eabi.lib : u_divt2.asm.obj (.text)
                  00005c0e    00000002     --HOLE-- [fill = 0]
                  00005c10    00000040     sysbios.aem4f : BIOS.obj (.text:ti_sysbios_family_arm_lm4_Timer_startup__E)
                  00005c50    0000003e     driverlib.lib : adc.obj (.text:ADCSequenceConfigure)
                  00005c8e    0000003c                   : ssi.obj (.text:SSIConfigSetExpClk)
                  00005cca    00000006     ti.targets.arm.rtsarm.aem4f : System.oem4f (.text:xdc_runtime_System_Module_startup__E)
                  00005cd0    0000003c     sysbios.aem4f : BIOS.obj (.text:ti_sysbios_family_arm_m3_Hwi_excSvCall__I)
                  00005d0c    00000004     --HOLE-- [fill = 0]
                  00005d10    0000003c                   : BIOS.obj (.text:ti_sysbios_heaps_HeapMem_init__I)
                  00005d4c    00000004     --HOLE-- [fill = 0]
                  00005d50    0000003c                   : BIOS.obj (.text:ti_sysbios_knl_Swi_restore__E)
                  00005d8c    00000038     rtsv7M4_T_le_v4SPD16_eabi.lib : trgmsg.c.obj (.text:__TI_writemsg)
                  00005dc4    00000004     --HOLE-- [fill = 0]
                  00005dc8    00000038     sysbios.aem4f : BIOS.obj (.text:ti_sysbios_family_arm_m3_Hwi_excNoIsr__I)
                  00005e00    00000038                   : BIOS.obj (.text:ti_sysbios_knl_Task_processVitalTaskFlag__I)
                  00005e38    00000038     ti.targets.arm.rtsarm.aem4f : SysMin.oem4f (.text:xdc_runtime_SysMin_putch__E)
                  00005e70    00000038                                 : System.oem4f (.text:xdc_runtime_System_atexit__E)
                  00005ea8    00000034     driverlib.lib : sysctl.obj (.text:SysCtlPeripheralEnable)
                  00005edc    00000034     rtsv7M4_T_le_v4SPD16_eabi.lib : trgmsg.c.obj (.text:__TI_readmsg)
                  00005f10    00000034     sysbios.aem4f : BIOS.obj (.text:ti_sysbios_family_arm_m3_Hwi_excNmi__I)
                  00005f44    00000004     --HOLE-- [fill = 0]
                  00005f48    00000034                   : BIOS.obj (.text:ti_sysbios_hal_Hwi_checkStack)
                  00005f7c    00000034     ti.uia.loggers.aem4f : LoggerStopMode.oem4f (.text:ti_uia_loggers_LoggerStopMode_reset__E)
                  00005fb0    00000034     ti.targets.arm.rtsarm.aem4f : Core-label.oem4f (.text:xdc_runtime_Core_assignLabel__I)
                  00005fe4    00000033                                 : Text.oem4f (.text:xdc_runtime_Text_printVisFxn__I)
                  00006017    00000001     --HOLE-- [fill = 0]
                  00006018    00000032     sysbios.aem4f : BIOS.obj (.text:ti_sysbios_hal_Hwi_initStack)
                  0000604a    00000006     --HOLE-- [fill = 0]
                  00006050    00000032                   : BIOS.obj (.text:ti_sysbios_knl_Semaphore_pendTimeout__I)
                  00006082    00000002     --HOLE-- [fill = 0]
                  00006084    00000030     empty_pem4f.oem4f (.text:ti_sysbios_BIOS_atExitFunc__I)
                  000060b4    00000004     --HOLE-- [fill = 0]
                  000060b8    00000030     sysbios.aem4f : BIOS.obj (.text:ti_sysbios_family_arm_m3_TaskSupport_start__E)
                  000060e8    00000030     empty_pem4f.oem4f (.text:ti_sysbios_gates_GateHwi_Object__create__S)
                  00006118    00000030     empty_pem4f.oem4f (.text:ti_sysbios_gates_GateMutex_Object__create__S)
                  00006148    00000030     empty_pem4f.oem4f (.text:ti_sysbios_knl_Semaphore_construct)
                  00006178    00000030     empty_pem4f.oem4f (.text:ti_uia_loggers_LoggerStopMode_Object__create__S)
                  000061a8    00000030     ti.targets.arm.rtsarm.aem4f : SysMin.oem4f (.text:xdc_runtime_SysMin_abort__E)
                  000061d8    00000030                                 : System.oem4f (.text:xdc_runtime_System_processAtExit__E)
                  00006208    0000002c     empty_pem4f.oem4f (.text:ti_sysbios_knl_Clock_doTick__I)
                  00006234    0000002c     empty_pem4f.oem4f (.text:ti_sysbios_knl_Queue_construct)
                  00006260    0000002c     sysbios.aem4f : BIOS.obj (.text:ti_sysbios_knl_Task_restore__E)
                  0000628c    0000002c     ti.targets.arm.rtsarm.aem4f : Text.oem4f (.text:xdc_runtime_Text_cordText__E)
                  000062b8    0000002a     driverlib.lib : gpio.obj (.text:GPIODirModeSet)
                  000062e2    0000002a     ti.targets.arm.rtsarm.aem4f : System.oem4f (.text:xdc_runtime_System_putchar__I)
                  0000630c    00000028     main_sem.obj (.text:ISR)
                  00006334    00000028     empty_pem4f.oem4f (.text:ti_sysbios_BIOS_startFunc__I)
                  0000635c    00000004     --HOLE-- [fill = 0]
                  00006360    00000028     sysbios.aem4f : BIOS.obj (.text:ti_sysbios_knl_Swi_Module_startup__E)
                  00006388    00000026                   : m3_Hwi_asm.obj (.text:ti_sysbios_family_arm_m3_Hwi_pendSV__I)
                  000063ae    00000026     ti.targets.arm.rtsarm.aem4f : System.oem4f (.text:xdc_runtime_System_avprintf__E)
                  000063d4    00000024     empty_pem4f.oem4f (.text:ti_sysbios_BIOS_registerRTSLock__I)
                  000063f8    00000024     empty_pem4f.oem4f (.text:ti_sysbios_BIOS_removeRTSLock__I)
                  0000641c    00000004     --HOLE-- [fill = 0]
                  00006420    00000024     sysbios.aem4f : BIOS.obj (.text:ti_sysbios_family_arm_m3_Hwi_doTaskRestore__I)
                  00006444    00000024     empty_pem4f.oem4f (.text:ti_sysbios_gates_GateMutex_Object__delete__S)
                  00006468    00000024     sysbios.aem4f : BIOS.obj (.text:ti_sysbios_knl_Clock_Module_startup__E)
                  0000648c    00000024     ti.targets.arm.rtsarm.aem4f : System.oem4f (.text:xdc_runtime_System_vprintf__E)
                  000064b0    00000022     sysbios.aem4f : BIOS.obj (.text:ti_sysbios_family_arm_lm4_Timer_write__I)
                  000064d2    00000022     empty_pem4f.oem4f (.text:xdc_runtime_SysMin_output__I)
                  000064f4    00000020     Boot.aem4f : Boot_sysctl.oem4f (.text:_SysCtlMemTimingGet)
                  00006514    00000020     empty_pem4f.oem4f (.text:ti_sysbios_BIOS_rtsLock__I)
                  00006534    00000020     sysbios.aem4f : m3_Hwi_asm.obj (.text:ti_sysbios_family_arm_m3_Hwi_excHandlerAsm__I)
                  00006554    00000004     --HOLE-- [fill = 0]
                  00006558    00000020                   : BIOS.obj (.text:ti_sysbios_family_arm_m3_Hwi_excHandler__I)
                  00006578    00000020     empty_pem4f.oem4f (.text:ti_sysbios_gates_GateHwi_Object__delete__S)
                  00006598    00000020     sysbios.aem4f : BIOS.obj (.text:ti_sysbios_knl_Idle_run__E)
                  000065b8    00000020     empty_pem4f.oem4f (.text:ti_sysbios_knl_Semaphore_Object__destruct__S)
                  000065d8    00000020     empty_pem4f.oem4f (.text:ti_uia_loggers_LoggerStopMode_Object__delete__S)
                  000065f8    00000020     ti.targets.arm.rtsarm.aem4f : Registry.oem4f (.text:xdc_runtime_Registry_findById__E)
                  00006618    00000020                                 : SysMin.oem4f (.text:xdc_runtime_SysMin_Module_startup__E)
                  00006638    0000001e     empty_pem4f.oem4f (.text:ti_sysbios_BIOS_errorRaiseHook__I)
                  00006656    0000001e     sysbios.aem4f : m3_Hwi_asm_switch.obj (.text:ti_sysbios_family_xxx_Hwi_switchAndRunFunc)
                  00006674    0000001c     driverlib.lib : uart.obj (.text:UARTDisable)
                  00006690    0000001c                   : sysctl.obj (.text:_SysCtlMemTimingGet)
                  000066ac    00000004     --HOLE-- [fill = 0]
                  000066b0    0000001c     sysbios.aem4f : BIOS.obj (.text:ti_sysbios_gates_GateMutex_Instance_init__E)
                  000066cc    0000001c     empty_pem4f.oem4f (.text:ti_sysbios_knl_Queue_Object__destruct__S)
                  000066e8    0000001c     sysbios.aem4f : BIOS.obj (.text:ti_sysbios_knl_Queue_get__E)
                  00006704    00000004     --HOLE-- [fill = 0]
                  00006708    0000001c                   : BIOS.obj (.text:ti_sysbios_knl_Queue_put__E)
                  00006724    00000004     --HOLE-- [fill = 0]
                  00006728    0000001c                   : BIOS.obj (.text:ti_sysbios_knl_Task_enter__I)
                  00006744    0000001c     ti.uia.loggers.aem4f : LoggerStopMode.oem4f (.text:ti_uia_loggers_LoggerStopMode_Instance_init__E)
                  00006760    0000001c     ti.targets.arm.rtsarm.aem4f : Error.oem4f (.text:xdc_runtime_Error_raiseX__E)
                  0000677c    0000001c     empty_pem4f.oem4f (.text:xdc_runtime_HeapStd_Object__delete__S)
                  00006798    0000001c     ti.targets.arm.rtsarm.aem4f : Memory.oem4f (.text:xdc_runtime_Memory_valloc__E)
                  000067b4    0000001c                                 : SysMin.oem4f (.text:xdc_runtime_SysMin_exit__E)
                  000067d0    0000001c                                 : System.oem4f (.text:xdc_runtime_System_abort__E)
                  000067ec    0000001a     empty_pem4f.oem4f (.text:ti_sysbios_family_arm_m3_Hwi_Handle__label__S)
                  00006806    0000001a     empty_pem4f.oem4f (.text:ti_sysbios_gates_GateHwi_Handle__label__S)
                  00006820    0000001a     empty_pem4f.oem4f (.text:ti_sysbios_gates_GateMutex_Handle__label__S)
                  0000683a    0000001a     empty_pem4f.oem4f (.text:ti_sysbios_knl_Swi_Handle__label__S)
                  00006854    0000001a     empty_pem4f.oem4f (.text:ti_sysbios_knl_Task_Handle__label__S)
                  0000686e    00000002     --HOLE-- [fill = 0]
                  00006870    0000001a     sysbios.aem4f : BIOS.obj (.text:ti_sysbios_knl_Task_sleepTimeout__I)
                  0000688a    0000001a     empty_pem4f.oem4f (.text:ti_uia_loggers_LoggerStopMode_Handle__label__S)
                  000068a4    0000001a     empty_pem4f.oem4f (.text:xdc_runtime_HeapStd_Handle__label__S)
                  000068be    0000001a     empty_pem4f.oem4f (.text:xdc_runtime_System_aprintf__E)
                  000068d8    0000001a     empty_pem4f.oem4f (.text:xdc_runtime_System_printf__E)
                  000068f2    00000018     driverlib.lib : gpio.obj (.text:GPIOPinTypeGPIOOutput)
                  0000690a    00000002     --HOLE-- [fill = 0]
                  0000690c    00000018     rtsv7M4_T_le_v4SPD16_eabi.lib : args_main.c.obj (.text:_args_main)
                  00006924    00000018     empty_pem4f.oem4f (.text:ti_sysbios_BIOS_rtsUnlock__I)
                  0000693c    00000018     empty_pem4f.oem4f (.text:ti_sysbios_family_arm_lm4_Timer_Module__startupDone__F)
                  00006954    00000018     empty_pem4f.oem4f (.text:ti_sysbios_family_arm_m3_Hwi_Module__startupDone__F)
                  0000696c    00000018     sysbios.aem4f : m3_TaskSupport_asm.obj (.text:ti_sysbios_family_arm_m3_TaskSupport_swap__E)
                  00006984    00000004     --HOLE-- [fill = 0]
                  00006988    00000018                   : BIOS.obj (.text:ti_sysbios_gates_GateMutex_leave__E)
                  000069a0    00000018     ti.targets.arm.rtsarm.aem4f : Error.oem4f (.text:xdc_runtime_Error_check__E)
                  000069b8    00000018                                 : System.oem4f (.text:xdc_runtime_System_exit__E)
                  000069d0    00000018                                 : Text.oem4f (.text:xdc_runtime_Text_ropeText__E)
                  000069e8    00000016     empty_pem4f.oem4f (.text:ti_sysbios_BIOS_exitFunc__I)
                  000069fe    00000016     ti.uia.loggers.aem4f : LoggerStopMode.oem4f (.text:ti_uia_loggers_LoggerStopMode_disable__E)
                  00006a14    00000016                          : LoggerStopMode.oem4f (.text:ti_uia_loggers_LoggerStopMode_enable__E)
                  00006a2a    00000014     driverlib.lib : uart.obj (.text:UARTEnable)
                  00006a3e    00000014     rtsv7M4_T_le_v4SPD16_eabi.lib : strlen.c.obj (.text:strlen)
                  00006a52    00000002     --HOLE-- [fill = 0]
                  00006a54    00000014     empty_pem4f.oem4f (.text:ti_sysbios_family_arm_m3_Hwi_Object__get__S)
                  00006a68    00000014     sysbios.aem4f : BIOS.obj (.text:ti_sysbios_family_arm_m3_Hwi_switchFromBootStack__E)
                  00006a7c    00000014     empty_pem4f.oem4f (.text:ti_sysbios_knl_Swi_Object__get__S)
                  00006a90    00000014     empty_pem4f.oem4f (.text:ti_sysbios_knl_Task_Object__get__S)
                  00006aa4    00000012     driverlib.lib : gpio.obj (.text:GPIOPinTypeADC)
                  00006ab6    00000012                   : gpio.obj (.text:GPIOPinTypeSSI)
                  00006ac8    00000012                   : gpio.obj (.text:GPIOPinTypeUART)
                  00006ada    00000012                   : timer.obj (.text:TimerLoadSet)
                  00006aec    00000004     --HOLE-- [fill = 0]
                  00006af0    00000012     sysbios.aem4f : BIOS.obj (.text:ti_sysbios_hal_Hwi_Module_startup__E)
                  00006b02    00000012     empty_pem4f.oem4f (.text:xdc_runtime_Startup_exec__I)
                  00006b14    00000010     empty_pem4f.oem4f (.text:.bootCodeSection:ti_catalog_arm_cortexm4_tiva_ce_Boot_init__I)
                  00006b24    00000010     driverlib.lib : adc.obj (.text:ADCIntEnable)
                  00006b34    00000010                   : interrupt.obj (.text:IntMasterEnable)
                  00006b44    00000004     --HOLE-- [fill = 0]
                  00006b48    00000010     sysbios.aem4f : BIOS.obj (.text:ti_sysbios_BIOS_getCpuFreq__E)
                  00006b58    00000010                   : BIOS.obj (.text:ti_sysbios_BIOS_setThreadType__E)
                  00006b68    00000010                   : BIOS.obj (.text:ti_sysbios_BIOS_start__E)
                  00006b78    00000010                   : BIOS.obj (.text:ti_sysbios_family_arm_lm4_TimestampProvider_rolloverFunc__E)
                  00006b88    00000010                   : m3_TaskSupport_asm.obj (.text:ti_sysbios_family_arm_m3_TaskSupport_glue)
                  00006b98    00000010                   : BIOS.obj (.text:ti_sysbios_gates_GateMutex_Instance_finalize__E)
                  00006ba8    00000010     empty_pem4f.oem4f (.text:ti_sysbios_heaps_HeapMem_Object__get__S)
                  00006bb8    00000010     empty_pem4f.oem4f (.text:ti_sysbios_knl_Queue_Object__get__S)
                  00006bc8    00000010     sysbios.aem4f : BIOS.obj (.text:ti_sysbios_knl_Semaphore_Instance_finalize__E)
                  00006bd8    00000010                   : BIOS.obj (.text:ti_sysbios_knl_Swi_disable__E)
                  00006be8    00000010                   : BIOS.obj (.text:ti_sysbios_knl_Task_disable__E)
                  00006bf8    00000010     empty_pem4f.oem4f (.text:ti_uia_loggers_LoggerStopMode_Object__get__S)
                  00006c08    00000010     ti.uia.loggers.aem4f : LoggerStopMode.oem4f (.text:ti_uia_loggers_LoggerStopMode_isEmpty__E)
                  00006c18    00000010     ti.targets.arm.rtsarm.aem4f : Gate.oem4f (.text:xdc_runtime_Gate_leaveSystem__E)
                  00006c28    00000010                                 : Memory.oem4f (.text:xdc_runtime_Memory_free__E)
                  00006c38    00000010                                 : SysMin.oem4f (.text:xdc_runtime_SysMin_ready__E)
                  00006c48    00000010                                 : System.oem4f (.text:xdc_runtime_System_vsnprintf__E)
                  00006c58    00000010     empty_pem4f.oem4f (.text:xdc_runtime_Text_visitRope__I)
                  00006c68    0000000e     driverlib.lib : adc.obj (.text:ADCSequenceEnable)
                  00006c76    0000000e                   : timer.obj (.text:TimerEnable)
                  00006c84    0000000e     rtsv7M4_T_le_v4SPD16_eabi.lib : copy_decompress_none.c.obj (.text:decompress:none:__TI_decompress_none)
                  00006c92    00000006     --HOLE-- [fill = 0]
                  00006c98    0000000e     sysbios.aem4f : BIOS.obj (.text:ti_sysbios_knl_Idle_loop__E)
                  00006ca6    00000002     --HOLE-- [fill = 0]
                  00006ca8    0000000e                   : BIOS.obj (.text:ti_sysbios_knl_Queue_empty__E)
                  00006cb6    0000000e     ti.targets.arm.rtsarm.aem4f : HeapStd.oem4f (.text:xdc_runtime_HeapStd_getStats__E)
                  00006cc4    0000000c     driverlib.lib : cpu.obj (.text:CPUcpsie)
                  00006cd0    0000000c                   : uart.obj (.text:UARTCharsAvail)
                  00006cdc    0000000c     rtsv7M4_T_le_v4SPD16_eabi.lib : _lock.c.obj (.text:_register_lock)
                  00006ce8    0000000c                                   : _lock.c.obj (.text:_register_unlock)
                  00006cf4    0000000c                                   : copy_zero_init.c.obj (.text:decompress:ZI:__TI_zero_init)
                  00006d00    0000000c     main_sem.obj (.text:main)
                  00006d0c    00000004     --HOLE-- [fill = 0]
                  00006d10    0000000c     sysbios.aem4f : BIOS.obj (.text:ti_sysbios_family_arm_lm4_Timer_getMaxTicks__E)
                  00006d1c    00000004     --HOLE-- [fill = 0]
                  00006d20    0000000c                   : BIOS.obj (.text:ti_sysbios_family_arm_lm4_TimestampProvider_startTimer__E)
                  00006d2c    00000004     --HOLE-- [fill = 0]
                  00006d30    0000000c                   : BIOS.obj (.text:ti_sysbios_family_arm_m3_Hwi_disableFxn__E)
                  00006d3c    00000004     --HOLE-- [fill = 0]
                  00006d40    0000000c                   : BIOS.obj (.text:ti_sysbios_family_arm_m3_TaskSupport_checkStack__E)
                  00006d4c    00000004     --HOLE-- [fill = 0]
                  00006d50    0000000c                   : BIOS.obj (.text:ti_sysbios_gates_GateHwi_enter__E)
                  00006d5c    00000004     --HOLE-- [fill = 0]
                  00006d60    0000000c                   : BIOS.obj (.text:ti_sysbios_utils_Load_taskRegHook__E)
                  00006d6c    0000000c     ti.targets.arm.rtsarm.aem4f : Error.oem4f (.text:xdc_runtime_Error_init__E)
                  00006d78    0000000c                                 : Gate.oem4f (.text:xdc_runtime_Gate_enterSystem__E)
                  00006d84    0000000c                                 : Memory.oem4f (.text:xdc_runtime_Memory_calloc__E)
                  00006d90    0000000c                                 : Memory.oem4f (.text:xdc_runtime_Memory_getMaxDefaultTypeAlign__E)
                  00006d9c    0000000a     driverlib.lib : ssi.obj (.text:SSIDataPut)
                  00006da6    0000000a                   : ssi.obj (.text:SSIEnable)
                  00006db0    0000000a                   : uart.obj (.text:UARTCharGet)
                  00006dba    0000000a                   : uart.obj (.text:UARTCharPut)
                  00006dc4    0000000a     empty_pem4f.oem4f (.text:xdc_runtime_IHeap_alloc)
                  00006dce    0000000a     empty_pem4f.oem4f (.text:xdc_runtime_IHeap_free)
                  00006dd8    00000008     driverlib.lib : timer.obj (.text:TimerIntEnable)
                  00006de0    00000008     sysbios.aem4f : BIOS.obj (.text:ti_sysbios_family_arm_lm4_Timer_masterDisable__I)
                  00006de8    00000008                   : BIOS.obj (.text:ti_sysbios_family_arm_m3_Hwi_doSwiRestore__I)
                  00006df0    00000008                   : BIOS.obj (.text:ti_sysbios_family_arm_m3_Hwi_startup__E)
                  00006df8    00000006                   : BIOS.obj (.text:ti_sysbios_family_arm_lm4_TimestampProvider_Module_startup__E)
                  00006dfe    00000002     --HOLE-- [fill = 0]
                  00006e00    00000006                   : BIOS.obj (.text:ti_sysbios_family_arm_m3_Hwi_restoreFxn__E)
                  00006e06    00000002     --HOLE-- [fill = 0]
                  00006e08    00000006                   : BIOS.obj (.text:ti_sysbios_gates_GateHwi_leave__E)
                  00006e0e    00000002     --HOLE-- [fill = 0]
                  00006e10    00000006                   : BIOS.obj (.text:ti_sysbios_knl_Queue_Instance_init__E)
                  00006e16    00000002     --HOLE-- [fill = 0]
                  00006e18    00000006                   : BIOS.obj (.text:ti_sysbios_knl_Swi_startup__E)
                  00006e1e    00000002     --HOLE-- [fill = 0]
                  00006e20    00000004                   : BIOS.obj (.text:ti_sysbios_family_arm_lm4_Timer_getPeriod__E)
                  00006e24    00000004     --HOLE-- [fill = 0]
                  00006e28    00000004                   : BIOS.obj (.text:ti_sysbios_gates_GateHwi_query__E)
                  00006e2c    00000004     --HOLE-- [fill = 0]
                  00006e30    00000004                   : BIOS.obj (.text:ti_sysbios_gates_GateMutex_query__E)
                  00006e34    00000004     --HOLE-- [fill = 0]
                  00006e38    00000004                   : BIOS.obj (.text:ti_sysbios_knl_Task_startup__E)
                  00006e3c    00000004     --HOLE-- [fill = 0]
                  00006e40    00000002                   : BIOS.obj (.text:ti_sysbios_gates_GateHwi_Instance_init__E)

.const     0    00006e44    00002b54     
                  00006e44    00001fe7     empty_pem4f.oem4f (.const:xdc_runtime_Text_charTab__A)
                  00008e2b    00000001     empty_pem4f.oem4f (.const:xdc_runtime_Error_policy__C)
                  00008e2c    00000120     Boot.aem4f : Boot_sysctl.oem4f (.const:g_pppui32XTALtoVCO)
                  00008f4c    00000120     driverlib.lib : sysctl.obj (.const:g_pppui32XTALtoVCO)
                  0000906c    00000108     empty_pem4f.oem4f (.const:xdc_runtime_Text_nodeTab__A)
                  00009174    00000090     driverlib.lib : gpio.obj (.const:g_pui32GPIOBaseAddrs)
                  00009204    00000070                   : interrupt.obj (.const)
                  00009274    0000006c     Boot.aem4f : Boot_sysctl.oem4f (.const:g_pui32Xtals)
                  000092e0    0000006c     driverlib.lib : sysctl.obj (.const:g_pui32Xtals)
                  0000934c    00000060     empty_pem4f.oem4f (.const:ti_uia_loggers_LoggerStopMode_Module__FXNS__C)
                  000093ac    00000048     empty_pem4f.oem4f (.const:.string)
                  000093f4    00000030     Boot.aem4f : Boot_sysctl.oem4f (.const:g_sXTALtoMEMTIM)
                  00009424    00000030     driverlib.lib : sysctl.obj (.const:g_sXTALtoMEMTIM)
                  00009454    00000028     empty_pem4f.oem4f (.const:ti_uia_loggers_LoggerStopMode_Object__PARAMS__C)
                  0000947c    00000028     empty_pem4f.oem4f (.const:xdc_runtime_HeapStd_Module__FXNS__C)
                  000094a4    00000028     empty_pem4f.oem4f (.const:xdc_runtime_Startup_sfxnTab__A)
                  000094cc    00000024     empty_pem4f.oem4f (.const:ti_sysbios_gates_GateHwi_Module__FXNS__C)
                  000094f0    00000024     empty_pem4f.oem4f (.const:ti_sysbios_gates_GateMutex_Module__FXNS__C)
                  00009514    00000024     empty_pem4f.oem4f (.const:ti_sysbios_knl_Semaphore_Object__PARAMS__C)
                  00009538    00000020     empty_pem4f.oem4f (.const:ti_sysbios_gates_GateHwi_Object__DESC__C)
                  00009558    00000020     empty_pem4f.oem4f (.const:ti_sysbios_gates_GateMutex_Object__DESC__C)
                  00009578    00000020     empty_pem4f.oem4f (.const:ti_sysbios_knl_Queue_Object__DESC__C)
                  00009598    00000020     empty_pem4f.oem4f (.const:ti_sysbios_knl_Semaphore_Object__DESC__C)
                  000095b8    00000020     empty_pem4f.oem4f (.const:ti_uia_loggers_LoggerStopMode_Object__DESC__C)
                  000095d8    00000020     empty_pem4f.oem4f (.const:xdc_runtime_HeapStd_Object__DESC__C)
                  000095f8    0000001c     empty_pem4f.oem4f (.const)
                  00009614    0000001c     empty_pem4f.oem4f (.const:xdc_runtime_HeapStd_Object__PARAMS__C)
                  00009630    00000018     empty_pem4f.oem4f (.const:ti_sysbios_gates_GateHwi_Object__PARAMS__C)
                  00009648    00000018     empty_pem4f.oem4f (.const:ti_sysbios_gates_GateMutex_Object__PARAMS__C)
                  00009660    00000018     empty_pem4f.oem4f (.const:ti_sysbios_knl_Queue_Object__PARAMS__C)
                  00009678    00000018     empty_pem4f.oem4f (.const:ti_sysbios_knl_Task_hooks__A)
                  00009690    00000014     empty_pem4f.oem4f (.const:xdc_runtime_Startup_firstFxns__A)
                  000096a4    00000014     empty_pem4f.oem4f (.const:xdc_runtime_Startup_sfxnRts__A)
                  000096b8    00000008     Boot.aem4f : Boot_sysctl.oem4f (.const)
                  000096c0    00000008     driverlib.lib : sysctl.obj (.const)
                  000096c8    00000008     empty_pem4f.oem4f (.const:ti_sysbios_family_arm_m3_Hwi_excHookFuncs__A)
                  000096d0    00000008     empty_pem4f.oem4f (.const:ti_sysbios_knl_Idle_funcList__A)
                  000096d8    00000008     empty_pem4f.oem4f (.const:ti_sysbios_knl_Idle_funcList__C)
                  000096e0    00000008     empty_pem4f.oem4f (.const:ti_sysbios_knl_Task_hooks__C)
                  000096e8    00000008     empty_pem4f.oem4f (.const:xdc_runtime_Startup_firstFxns__C)
                  000096f0    00000008     empty_pem4f.oem4f (.const:xdc_runtime_Startup_lastFxns__C)
                  000096f8    00000004     empty_pem4f.oem4f (.const:ti_catalog_arm_cortexm4_tiva_ce_Boot_A_mustNotUseEnhancedClockMode__C)
                  000096fc    00000004     empty_pem4f.oem4f (.const:ti_catalog_arm_cortexm4_tiva_ce_Boot_Module__diagsEnabled__C)
                  00009700    00000004     empty_pem4f.oem4f (.const:ti_catalog_arm_cortexm4_tiva_ce_Boot_Module__diagsIncluded__C)
                  00009704    00000004     empty_pem4f.oem4f (.const:ti_catalog_arm_cortexm4_tiva_ce_Boot_Module__diagsMask__C)
                  00009708    00000004     empty_pem4f.oem4f (.const:ti_sysbios_family_arm_lm4_Timer_enableFunc__C)
                  0000970c    00000004     empty_pem4f.oem4f (.const:ti_sysbios_family_arm_lm4_Timer_numTimerDevices__C)
                  00009710    00000004     empty_pem4f.oem4f (.const:ti_sysbios_family_arm_lm4_Timer_startupNeeded__C)
                  00009714    00000004     empty_pem4f.oem4f (.const:ti_sysbios_family_arm_m3_Hwi_E_NMI__C)
                  00009718    00000004     empty_pem4f.oem4f (.const:ti_sysbios_family_arm_m3_Hwi_E_busFault__C)
                  0000971c    00000004     empty_pem4f.oem4f (.const:ti_sysbios_family_arm_m3_Hwi_E_debugMon__C)
                  00009720    00000004     empty_pem4f.oem4f (.const:ti_sysbios_family_arm_m3_Hwi_E_hardFault__C)
                  00009724    00000004     empty_pem4f.oem4f (.const:ti_sysbios_family_arm_m3_Hwi_E_memFault__C)
                  00009728    00000004     empty_pem4f.oem4f (.const:ti_sysbios_family_arm_m3_Hwi_E_noIsr__C)
                  0000972c    00000004     empty_pem4f.oem4f (.const:ti_sysbios_family_arm_m3_Hwi_E_reserved__C)
                  00009730    00000004     empty_pem4f.oem4f (.const:ti_sysbios_family_arm_m3_Hwi_E_svCall__C)
                  00009734    00000004     empty_pem4f.oem4f (.const:ti_sysbios_family_arm_m3_Hwi_E_usageFault__C)
                  00009738    00000004     empty_pem4f.oem4f (.const:ti_sysbios_family_arm_m3_Hwi_LD_end__C)
                  0000973c    00000004     empty_pem4f.oem4f (.const:ti_sysbios_family_arm_m3_Hwi_LM_begin__C)
                  00009740    00000004     empty_pem4f.oem4f (.const:ti_sysbios_family_arm_m3_Hwi_Module__diagsEnabled__C)
                  00009744    00000004     empty_pem4f.oem4f (.const:ti_sysbios_family_arm_m3_Hwi_Module__diagsIncluded__C)
                  00009748    00000004     empty_pem4f.oem4f (.const:ti_sysbios_family_arm_m3_Hwi_Module__diagsMask__C)
                  0000974c    00000004     empty_pem4f.oem4f (.const:ti_sysbios_family_arm_m3_Hwi_Module__loggerFxn1__C)
                  00009750    00000004     empty_pem4f.oem4f (.const:ti_sysbios_family_arm_m3_Hwi_Module__loggerFxn8__C)
                  00009754    00000004     empty_pem4f.oem4f (.const:ti_sysbios_family_arm_m3_Hwi_Module__loggerObj__C)
                  00009758    00000004     empty_pem4f.oem4f (.const:ti_sysbios_family_arm_m3_Hwi_NUM_INTERRUPTS__C)
                  0000975c    00000004     empty_pem4f.oem4f (.const:ti_sysbios_family_arm_m3_Hwi_Object__count__C)
                  00009760    00000004     empty_pem4f.oem4f (.const:ti_sysbios_family_arm_m3_Hwi_ccr__C)
                  00009764    00000004     empty_pem4f.oem4f (.const:ti_sysbios_family_arm_m3_Hwi_excHandlerFunc__C)
                  00009768    00000004     empty_pem4f.oem4f (.const:ti_sysbios_family_arm_m3_Hwi_excHookFuncs__C)
                  0000976c    00000004     empty_pem4f.oem4f (.const:ti_sysbios_family_arm_m3_Hwi_nullIsrFunc__C)
                  00009770    00000004     empty_pem4f.oem4f (.const:ti_sysbios_family_arm_m3_Hwi_priGroup__C)
                  00009774    00000004     empty_pem4f.oem4f (.const:ti_sysbios_gates_GateMutex_A_badContext__C)
                  00009778    00000004     empty_pem4f.oem4f (.const:ti_sysbios_gates_GateMutex_Instance_State_sem__O)
                  0000977c    00000004     empty_pem4f.oem4f (.const:ti_sysbios_gates_GateMutex_Module__diagsEnabled__C)
                  00009780    00000004     empty_pem4f.oem4f (.const:ti_sysbios_gates_GateMutex_Module__diagsIncluded__C)
                  00009784    00000004     empty_pem4f.oem4f (.const:ti_sysbios_gates_GateMutex_Module__diagsMask__C)
                  00009788    00000004     empty_pem4f.oem4f (.const:ti_sysbios_hal_Hwi_E_stackOverflow__C)
                  0000978c    00000004     empty_pem4f.oem4f (.const:ti_sysbios_heaps_HeapMem_Object__count__C)
                  00009790    00000004     empty_pem4f.oem4f (.const:ti_sysbios_knl_Clock_LM_begin__C)
                  00009794    00000004     empty_pem4f.oem4f (.const:ti_sysbios_knl_Clock_LM_tick__C)
                  00009798    00000004     empty_pem4f.oem4f (.const:ti_sysbios_knl_Clock_LW_delayed__C)
                  0000979c    00000004     empty_pem4f.oem4f (.const:ti_sysbios_knl_Clock_Module_State_clockQ__O)
                  000097a0    00000004     empty_pem4f.oem4f (.const:ti_sysbios_knl_Clock_Module__diagsEnabled__C)
                  000097a4    00000004     empty_pem4f.oem4f (.const:ti_sysbios_knl_Clock_Module__diagsIncluded__C)
                  000097a8    00000004     empty_pem4f.oem4f (.const:ti_sysbios_knl_Clock_Module__diagsMask__C)
                  000097ac    00000004     empty_pem4f.oem4f (.const:ti_sysbios_knl_Clock_Module__loggerFxn1__C)
                  000097b0    00000004     empty_pem4f.oem4f (.const:ti_sysbios_knl_Clock_Module__loggerFxn2__C)
                  000097b4    00000004     empty_pem4f.oem4f (.const:ti_sysbios_knl_Clock_Module__loggerObj__C)
                  000097b8    00000004     empty_pem4f.oem4f (.const:ti_sysbios_knl_Semaphore_A_badContext__C)
                  000097bc    00000004     empty_pem4f.oem4f (.const:ti_sysbios_knl_Semaphore_A_noEvents__C)
                  000097c0    00000004     empty_pem4f.oem4f (.const:ti_sysbios_knl_Semaphore_A_overflow__C)
                  000097c4    00000004     empty_pem4f.oem4f (.const:ti_sysbios_knl_Semaphore_A_pendTaskDisabled__C)
                  000097c8    00000004     empty_pem4f.oem4f (.const:ti_sysbios_knl_Semaphore_Instance_State_pendQ__O)
                  000097cc    00000004     empty_pem4f.oem4f (.const:ti_sysbios_knl_Semaphore_LM_pend__C)
                  000097d0    00000004     empty_pem4f.oem4f (.const:ti_sysbios_knl_Semaphore_LM_post__C)
                  000097d4    00000004     empty_pem4f.oem4f (.const:ti_sysbios_knl_Semaphore_Module__diagsEnabled__C)
                  000097d8    00000004     empty_pem4f.oem4f (.const:ti_sysbios_knl_Semaphore_Module__diagsIncluded__C)
                  000097dc    00000004     empty_pem4f.oem4f (.const:ti_sysbios_knl_Semaphore_Module__diagsMask__C)
                  000097e0    00000004     empty_pem4f.oem4f (.const:ti_sysbios_knl_Semaphore_Module__loggerFxn2__C)
                  000097e4    00000004     empty_pem4f.oem4f (.const:ti_sysbios_knl_Semaphore_Module__loggerFxn4__C)
                  000097e8    00000004     empty_pem4f.oem4f (.const:ti_sysbios_knl_Semaphore_Module__loggerObj__C)
                  000097ec    00000004     empty_pem4f.oem4f (.const:ti_sysbios_knl_Swi_LD_end__C)
                  000097f0    00000004     empty_pem4f.oem4f (.const:ti_sysbios_knl_Swi_LM_begin__C)
                  000097f4    00000004     empty_pem4f.oem4f (.const:ti_sysbios_knl_Swi_LM_post__C)
                  000097f8    00000004     empty_pem4f.oem4f (.const:ti_sysbios_knl_Swi_Module__diagsEnabled__C)
                  000097fc    00000004     empty_pem4f.oem4f (.const:ti_sysbios_knl_Swi_Module__diagsIncluded__C)
                  00009800    00000004     empty_pem4f.oem4f (.const:ti_sysbios_knl_Swi_Module__diagsMask__C)
                  00009804    00000004     empty_pem4f.oem4f (.const:ti_sysbios_knl_Swi_Module__loggerFxn1__C)
                  00009808    00000004     empty_pem4f.oem4f (.const:ti_sysbios_knl_Swi_Module__loggerFxn4__C)
                  0000980c    00000004     empty_pem4f.oem4f (.const:ti_sysbios_knl_Swi_Module__loggerObj__C)
                  00009810    00000004     empty_pem4f.oem4f (.const:ti_sysbios_knl_Swi_Object__count__C)
                  00009814    00000004     empty_pem4f.oem4f (.const:ti_sysbios_knl_Task_A_badTimeout__C)
                  00009818    00000004     empty_pem4f.oem4f (.const:ti_sysbios_knl_Task_A_sleepTaskDisabled__C)
                  0000981c    00000004     empty_pem4f.oem4f (.const:ti_sysbios_knl_Task_E_spOutOfBounds__C)
                  00009820    00000004     empty_pem4f.oem4f (.const:ti_sysbios_knl_Task_E_stackOverflow__C)
                  00009824    00000004     empty_pem4f.oem4f (.const:ti_sysbios_knl_Task_LD_block__C)
                  00009828    00000004     empty_pem4f.oem4f (.const:ti_sysbios_knl_Task_LD_exit__C)
                  0000982c    00000004     empty_pem4f.oem4f (.const:ti_sysbios_knl_Task_LD_ready__C)
                  00009830    00000004     empty_pem4f.oem4f (.const:ti_sysbios_knl_Task_LM_sleep__C)
                  00009834    00000004     empty_pem4f.oem4f (.const:ti_sysbios_knl_Task_LM_switch__C)
                  00009838    00000004     empty_pem4f.oem4f (.const:ti_sysbios_knl_Task_Module_State_inactiveQ__O)
                  0000983c    00000004     empty_pem4f.oem4f (.const:ti_sysbios_knl_Task_Module__diagsEnabled__C)
                  00009840    00000004     empty_pem4f.oem4f (.const:ti_sysbios_knl_Task_Module__diagsIncluded__C)
                  00009844    00000004     empty_pem4f.oem4f (.const:ti_sysbios_knl_Task_Module__diagsMask__C)
                  00009848    00000004     empty_pem4f.oem4f (.const:ti_sysbios_knl_Task_Module__loggerFxn2__C)
                  0000984c    00000004     empty_pem4f.oem4f (.const:ti_sysbios_knl_Task_Module__loggerFxn4__C)
                  00009850    00000004     empty_pem4f.oem4f (.const:ti_sysbios_knl_Task_Module__loggerObj__C)
                  00009854    00000004     empty_pem4f.oem4f (.const:ti_sysbios_knl_Task_Object__count__C)
                  00009858    00000004     empty_pem4f.oem4f (.const:ti_sysbios_knl_Task_Object__heap__C)
                  0000985c    00000004     empty_pem4f.oem4f (.const:ti_sysbios_knl_Task_allBlockedFunc__C)
                  00009860    00000004     empty_pem4f.oem4f (.const:ti_sysbios_knl_Task_numConstructedTasks__C)
                  00009864    00000004     empty_pem4f.oem4f (.const:ti_sysbios_utils_Load_LS_cpuLoad__C)
                  00009868    00000004     empty_pem4f.oem4f (.const:ti_sysbios_utils_Load_LS_taskLoad__C)
                  0000986c    00000004     empty_pem4f.oem4f (.const:ti_sysbios_utils_Load_Module_State_taskList__O)
                  00009870    00000004     empty_pem4f.oem4f (.const:ti_sysbios_utils_Load_Module__diagsEnabled__C)
                  00009874    00000004     empty_pem4f.oem4f (.const:ti_sysbios_utils_Load_Module__diagsIncluded__C)
                  00009878    00000004     empty_pem4f.oem4f (.const:ti_sysbios_utils_Load_Module__diagsMask__C)
                  0000987c    00000004     empty_pem4f.oem4f (.const:ti_sysbios_utils_Load_Module__loggerFxn1__C)
                  00009880    00000004     empty_pem4f.oem4f (.const:ti_sysbios_utils_Load_Module__loggerFxn4__C)
                  00009884    00000004     empty_pem4f.oem4f (.const:ti_sysbios_utils_Load_Module__loggerObj__C)
                  00009888    00000004     empty_pem4f.oem4f (.const:ti_sysbios_utils_Load_postUpdate__C)
                  0000988c    00000004     empty_pem4f.oem4f (.const:ti_sysbios_utils_Load_windowInMs__C)
                  00009890    00000004     empty_pem4f.oem4f (.const:ti_uia_loggers_LoggerStopMode_Module__diagsEnabled__C)
                  00009894    00000004     empty_pem4f.oem4f (.const:ti_uia_loggers_LoggerStopMode_Module__diagsIncluded__C)
                  00009898    00000004     empty_pem4f.oem4f (.const:ti_uia_loggers_LoggerStopMode_Module__diagsMask__C)
                  0000989c    00000004     empty_pem4f.oem4f (.const:ti_uia_loggers_LoggerStopMode_Object__count__C)
                  000098a0    00000004     empty_pem4f.oem4f (.const:ti_uia_runtime_ILoggerSnapshot_Interface__BASE__C)
                  000098a4    00000004     empty_pem4f.oem4f (.const:ti_uia_runtime_IUIATransfer_Interface__BASE__C)
                  000098a8    00000004     empty_pem4f.oem4f (.const:xdc_runtime_Assert_E_assertFailed__C)
                  000098ac    00000004     empty_pem4f.oem4f (.const:xdc_runtime_Core_A_initializedParams__C)
                  000098b0    00000004     empty_pem4f.oem4f (.const:xdc_runtime_Core_Module__diagsEnabled__C)
                  000098b4    00000004     empty_pem4f.oem4f (.const:xdc_runtime_Core_Module__diagsIncluded__C)
                  000098b8    00000004     empty_pem4f.oem4f (.const:xdc_runtime_Core_Module__diagsMask__C)
                  000098bc    00000004     empty_pem4f.oem4f (.const:xdc_runtime_Error_E_memory__C)
                  000098c0    00000004     empty_pem4f.oem4f (.const:xdc_runtime_Error_Module__diagsEnabled__C)
                  000098c4    00000004     empty_pem4f.oem4f (.const:xdc_runtime_Error_Module__diagsIncluded__C)
                  000098c8    00000004     empty_pem4f.oem4f (.const:xdc_runtime_Error_Module__diagsMask__C)
                  000098cc    00000004     empty_pem4f.oem4f (.const:xdc_runtime_Error_Module__loggerFxn8__C)
                  000098d0    00000004     empty_pem4f.oem4f (.const:xdc_runtime_Error_Module__loggerObj__C)
                  000098d4    00000004     empty_pem4f.oem4f (.const:xdc_runtime_Error_policyFxn__C)
                  000098d8    00000004     empty_pem4f.oem4f (.const:xdc_runtime_Error_raiseHook__C)
                  000098dc    00000004     empty_pem4f.oem4f (.const:xdc_runtime_HeapStd_A_align__C)
                  000098e0    00000004     empty_pem4f.oem4f (.const:xdc_runtime_HeapStd_A_invalidTotalFreeSize__C)
                  000098e4    00000004     empty_pem4f.oem4f (.const:xdc_runtime_HeapStd_A_zeroSize__C)
                  000098e8    00000004     empty_pem4f.oem4f (.const:xdc_runtime_HeapStd_E_noRTSMemory__C)
                  000098ec    00000004     empty_pem4f.oem4f (.const:xdc_runtime_HeapStd_Module__diagsEnabled__C)
                  000098f0    00000004     empty_pem4f.oem4f (.const:xdc_runtime_HeapStd_Module__diagsIncluded__C)
                  000098f4    00000004     empty_pem4f.oem4f (.const:xdc_runtime_HeapStd_Module__diagsMask__C)
                  000098f8    00000004     empty_pem4f.oem4f (.const:xdc_runtime_IFilterLogger_Interface__BASE__C)
                  000098fc    00000004     empty_pem4f.oem4f (.const:xdc_runtime_IGateProvider_Interface__BASE__C)
                  00009900    00000004     empty_pem4f.oem4f (.const:xdc_runtime_IHeap_Interface__BASE__C)
                  00009904    00000004     empty_pem4f.oem4f (.const:xdc_runtime_ILogger_Interface__BASE__C)
                  00009908    00000004     empty_pem4f.oem4f (.const:xdc_runtime_IModule_Interface__BASE__C)
                  0000990c    00000004     empty_pem4f.oem4f (.const:xdc_runtime_Log_L_error__C)
                  00009910    00000004     empty_pem4f.oem4f (.const:xdc_runtime_Memory_defaultHeapInstance__C)
                  00009914    00000004     empty_pem4f.oem4f (.const:xdc_runtime_Startup_execImpl__C)
                  00009918    00000004     empty_pem4f.oem4f (.const:xdc_runtime_Startup_lastFxns__A)
                  0000991c    00000004     empty_pem4f.oem4f (.const:xdc_runtime_Startup_maxPasses__C)
                  00009920    00000004     empty_pem4f.oem4f (.const:xdc_runtime_Startup_sfxnRts__C)
                  00009924    00000004     empty_pem4f.oem4f (.const:xdc_runtime_Startup_sfxnTab__C)
                  00009928    00000004     empty_pem4f.oem4f (.const:xdc_runtime_SysMin_bufSize__C)
                  0000992c    00000004     empty_pem4f.oem4f (.const:xdc_runtime_SysMin_outputFunc__C)
                  00009930    00000004     empty_pem4f.oem4f (.const:xdc_runtime_System_Module__gateObj__C)
                  00009934    00000004     empty_pem4f.oem4f (.const:xdc_runtime_System_abortFxn__C)
                  00009938    00000004     empty_pem4f.oem4f (.const:xdc_runtime_System_exitFxn__C)
                  0000993c    00000004     empty_pem4f.oem4f (.const:xdc_runtime_System_extendFxn__C)
                  00009940    00000004     empty_pem4f.oem4f (.const:xdc_runtime_System_maxAtexitHandlers__C)
                  00009944    00000004     empty_pem4f.oem4f (.const:xdc_runtime_Text_charTab__C)
                  00009948    00000004     empty_pem4f.oem4f (.const:xdc_runtime_Text_nameEmpty__C)
                  0000994c    00000004     empty_pem4f.oem4f (.const:xdc_runtime_Text_nameStatic__C)
                  00009950    00000004     empty_pem4f.oem4f (.const:xdc_runtime_Text_nameUnknown__C)
                  00009954    00000004     empty_pem4f.oem4f (.const:xdc_runtime_Text_nodeTab__C)
                  00009958    00000004     empty_pem4f.oem4f (.const:xdc_runtime_Text_visitRopeFxn__C)
                  0000995c    00000002     empty_pem4f.oem4f (.const:ti_catalog_arm_cortexm4_tiva_ce_Boot_Module__id__C)
                  0000995e    00000002     empty_pem4f.oem4f (.const:ti_sysbios_family_arm_lm4_TimestampProvider_useClockTimer__C)
                  00009960    00000002     empty_pem4f.oem4f (.const:ti_sysbios_family_arm_m3_Hwi_Module__id__C)
                  00009962    00000002     empty_pem4f.oem4f (.const:ti_sysbios_family_arm_m3_Hwi_Module__loggerDefined__C)
                  00009964    00000002     empty_pem4f.oem4f (.const:ti_sysbios_gates_GateMutex_Module__id__C)
                  00009966    00000002     empty_pem4f.oem4f (.const:ti_sysbios_hal_Hwi_Module__id__C)
                  00009968    00000002     empty_pem4f.oem4f (.const:ti_sysbios_knl_Clock_Module__id__C)
                  0000996a    00000002     empty_pem4f.oem4f (.const:ti_sysbios_knl_Clock_Module__loggerDefined__C)
                  0000996c    00000002     empty_pem4f.oem4f (.const:ti_sysbios_knl_Semaphore_Module__id__C)
                  0000996e    00000002     empty_pem4f.oem4f (.const:ti_sysbios_knl_Semaphore_Module__loggerDefined__C)
                  00009970    00000002     empty_pem4f.oem4f (.const:ti_sysbios_knl_Swi_Module__id__C)
                  00009972    00000002     empty_pem4f.oem4f (.const:ti_sysbios_knl_Swi_Module__loggerDefined__C)
                  00009974    00000002     empty_pem4f.oem4f (.const:ti_sysbios_knl_Task_Module__id__C)
                  00009976    00000002     empty_pem4f.oem4f (.const:ti_sysbios_knl_Task_Module__loggerDefined__C)
                  00009978    00000002     empty_pem4f.oem4f (.const:ti_sysbios_utils_Load_Module__id__C)
                  0000997a    00000002     empty_pem4f.oem4f (.const:ti_sysbios_utils_Load_Module__loggerDefined__C)
                  0000997c    00000002     empty_pem4f.oem4f (.const:ti_sysbios_utils_Load_autoAddTasks__C)
                  0000997e    00000002     empty_pem4f.oem4f (.const:ti_sysbios_utils_Load_updateInIdle__C)
                  00009980    00000002     empty_pem4f.oem4f (.const:ti_uia_loggers_LoggerStopMode_Module__id__C)
                  00009982    00000002     empty_pem4f.oem4f (.const:ti_uia_loggers_LoggerStopMode_isTimestampEnabled__C)
                  00009984    00000002     empty_pem4f.oem4f (.const:xdc_runtime_Core_Module__id__C)
                  00009986    00000002     empty_pem4f.oem4f (.const:xdc_runtime_Error_Module__loggerDefined__C)
                  00009988    00000002     empty_pem4f.oem4f (.const:xdc_runtime_Error_maxDepth__C)
                  0000998a    00000002     empty_pem4f.oem4f (.const:xdc_runtime_HeapStd_Module__id__C)
                  0000998c    00000002     empty_pem4f.oem4f (.const:xdc_runtime_Memory_Module__id__C)
                  0000998e    00000002     empty_pem4f.oem4f (.const:xdc_runtime_SysMin_flushAtExit__C)
                  00009990    00000002     empty_pem4f.oem4f (.const:xdc_runtime_Text_charCnt__C)
                  00009992    00000002     empty_pem4f.oem4f (.const:xdc_runtime_Text_isLoaded__C)
                  00009994    00000002     empty_pem4f.oem4f (.const:xdc_runtime_Text_registryModsLastId__C)
                  00009996    00000002     empty_pem4f.oem4f (.const:xdc_runtime_Text_unnamedModsLastId__C)

.cinit     0    00009998    000002f0     
                  00009998    000002bc     (.cinit..data.load) [load image, compression = lzss]
                  00009c54    0000000c     (__TI_handler_table)
                  00009c60    00000008     (.cinit..bss.load) [load image, compression = zero_init]
                  00009c68    00000008     (.cinit..vecs.load) [load image, compression = zero_init]
                  00009c70    00000018     (__TI_cinit_table)

.init_array 
*          0    00000000    00000000     UNINITIALIZED

.resetVecs 
*          0    00000000    0000003c     
                  00000000    0000003c     empty_pem4f.oem4f (.resetVecs)

.bss       0    20000380    00002c30     UNINITIALIZED
                  20000380    00001800     empty_pem4f.oem4f (.bss:taskStackSection)
                  20001b80    00000400     (.common:ti_uia_loggers_LoggerStopMode_Instance_State_1_packetArray__A)
                  20001f80    00000400     (.common:ti_uia_loggers_LoggerStopMode_Instance_State_2_packetArray__A)
                  20002380    00000400     (.common:xdc_runtime_SysMin_Module_State_0_outbuf__A)
                  20002780    00000360     (.common:ti_sysbios_family_arm_m3_Hwi_dispatchTable)
                  20002ae0    00000008     (.common:parmbuf)
                  20002ae8    00000004     (.common:reloj)
                  20002aec    00000004     (.common:ti_sysbios_knl_Task_Instance_State_0_hookEnv__A)
                  20002af0    00000004     (.common:ti_sysbios_knl_Task_Instance_State_1_hookEnv__A)
                  20002af4    00000004     (.common:ti_sysbios_knl_Task_Instance_State_2_hookEnv__A)
                  20002af8    00000008     --HOLE--
                  20002b00    00000200     (.common:ti_uia_loggers_LoggerStopMode_Instance_State_0_packetArray__A)
                  20002d00    00000120     rtsv7M4_T_le_v4SPD16_eabi.lib : trgmsg.c.obj (.bss:_CIOBUF_)
                  20002e20    00000060     --HOLE--
                  20002e80    00000030     (.common:ti_uia_loggers_LoggerStopMode_Instance_State_0_hdr__A)
                  20002eb0    00000050     --HOLE--
                  20002f00    00000030     (.common:ti_uia_loggers_LoggerStopMode_Instance_State_1_hdr__A)
                  20002f30    00000050     --HOLE--
                  20002f80    00000030     (.common:ti_uia_loggers_LoggerStopMode_Instance_State_2_hdr__A)

.data      0    20002fb0    0000071c     UNINITIALIZED
                  20002fb0    000000f0     empty_pem4f.oem4f (.data:ti_sysbios_knl_Task_Object__table__V)
                  200030a0    0000009c     empty_pem4f.oem4f (.data:ti_uia_loggers_LoggerStopMode_Object__table__V)
                  2000313c    00000098     empty_pem4f.oem4f (.data:ti_sysbios_utils_Load_Module__state__V)
                  200031d4    00000080     empty_pem4f.oem4f (.data:ti_sysbios_family_arm_lm4_Timer_Object__table__V)
                  20003254    00000080     empty_pem4f.oem4f (.data:ti_sysbios_knl_Swi_Module_State_0_readyQ__A)
                  200032d4    00000080     empty_pem4f.oem4f (.data:ti_sysbios_knl_Task_Module_State_0_readyQ__A)
                  20003354    00000054     empty_pem4f.oem4f (.data:ti_sysbios_utils_Load_Module_State_0_taskEnv__A)
                  200033a8    00000048     empty_pem4f.oem4f (.data:ti_sysbios_family_arm_m3_Hwi_Object__table__V)
                  200033f0    00000044     empty_pem4f.oem4f (.data:ti_sysbios_knl_Task_Module__state__V)
                  20003434    00000040     empty_pem4f.oem4f (.data:ti_sysbios_family_arm_lm4_Timer_Module_State_0_device__A)
                  20003474    0000003c     empty_pem4f.oem4f (.data:ti_sysbios_knl_Semaphore_Object__table__V)
                  200034b0    00000038     empty_pem4f.oem4f (.data:ti_sysbios_gates_GateMutex_Object__table__V)
                  200034e8    00000034     empty_pem4f.oem4f (.data:ti_sysbios_family_arm_m3_Hwi_Module__state__V)
                  2000351c    00000030     empty_pem4f.oem4f (.data:ti_sysbios_knl_Swi_Object__table__V)
                  2000354c    0000002c     empty_pem4f.oem4f (.data:ti_sysbios_knl_Clock_Module__state__V)
                  20003578    00000024     empty_pem4f.oem4f (.data:ti_sysbios_BIOS_Module__state__V)
                  2000359c    00000020     empty_pem4f.oem4f (.data:ti_sysbios_family_arm_lm4_Timer_Module_State_0_handles__A)
                  200035bc    00000020     empty_pem4f.oem4f (.data:xdc_runtime_System_Module_State_0_atexitHandlers__A)
                  200035dc    0000001c     empty_pem4f.oem4f (.data:ti_sysbios_knl_Swi_Module__state__V)
                  200035f8    0000000c     empty_pem4f.oem4f (.data:ti_sysbios_family_arm_lm4_Timer_Module__state__V)
                  20003604    0000000c     empty_pem4f.oem4f (.data:ti_sysbios_knl_Task_Module__root__V)
                  20003610    0000000c     empty_pem4f.oem4f (.data:ti_uia_runtime_QueueDescriptor_Module__state__V)
                  2000361c    0000000c     empty_pem4f.oem4f (.data:xdc_runtime_HeapStd_Object__table__V)
                  20003628    0000000c     empty_pem4f.oem4f (.data:xdc_runtime_SysMin_Module__state__V)
                  20003634    00000008     rtsv7M4_T_le_v4SPD16_eabi.lib : _lock.c.obj (.data:$O1$$)
                  2000363c    00000008     ti.uia.runtime.aem4f : QueueDescriptor.oem4f (.data)
                  20003644    00000008     empty_pem4f.oem4f (.data:ti_sysbios_family_arm_lm4_TimestampProvider_Module__state__V)
                  2000364c    00000008     empty_pem4f.oem4f (.data:ti_sysbios_gates_GateHwi_Module__root__V)
                  20003654    00000008     empty_pem4f.oem4f (.data:ti_sysbios_gates_GateMutex_Module__root__V)
                  2000365c    00000008     empty_pem4f.oem4f (.data:ti_sysbios_hal_Hwi_Object__table__V)
                  20003664    00000008     empty_pem4f.oem4f (.data:ti_sysbios_knl_Queue_Module__root__V)
                  2000366c    00000008     empty_pem4f.oem4f (.data:ti_sysbios_knl_Queue_Object__table__V)
                  20003674    00000008     empty_pem4f.oem4f (.data:ti_sysbios_knl_Semaphore_Module__root__V)
                  2000367c    00000008     empty_pem4f.oem4f (.data:ti_uia_loggers_LoggerStopMode_Module__root__V)
                  20003684    00000008     empty_pem4f.oem4f (.data:xdc_runtime_HeapStd_Module__root__V)
                  2000368c    00000008     empty_pem4f.oem4f (.data:xdc_runtime_Registry_Module__state__V)
                  20003694    00000008     empty_pem4f.oem4f (.data:xdc_runtime_Startup_Module__state__V)
                  2000369c    00000008     empty_pem4f.oem4f (.data:xdc_runtime_System_Module__state__V)
                  200036a4    00000004     rtsv7M4_T_le_v4SPD16_eabi.lib : stkdepth_vars.c.obj (.data)
                  200036a8    00000004     empty_pem4f.oem4f (.data:ti_sysbios_family_arm_m3_Hwi_Module_State_0_excContext__A)
                  200036ac    00000004     empty_pem4f.oem4f (.data:ti_sysbios_family_arm_m3_Hwi_Module_State_0_excStack__A)
                  200036b0    00000004     empty_pem4f.oem4f (.data:ti_sysbios_gates_GateHwi_Object__table__V)
                  200036b4    00000004     empty_pem4f.oem4f (.data:ti_sysbios_knl_Task_Module_State_0_idleTask__A)
                  200036b8    00000004     empty_pem4f.oem4f (.data:ti_sysbios_utils_Load_Module_State_0_runningTask__A)
                  200036bc    00000004     empty_pem4f.oem4f (.data:ti_sysbios_utils_Load_Module_State_0_taskStartTime__A)
                  200036c0    00000004     empty_pem4f.oem4f (.data:xdc_runtime_HeapStd_Module__state__V)
                  200036c4    00000004     empty_pem4f.oem4f (.data:xdc_runtime_Memory_Module__state__V)
                  200036c8    00000002     empty_pem4f.oem4f (.data:ti_sysbios_family_arm_m3_Hwi_Module_State_0_excActive__A)
                  200036ca    00000002     empty_pem4f.oem4f (.data:xdc_runtime_Error_Module__state__V)

.stack     0    200036d0    00000400     UNINITIALIZED
                  200036d0    00000400     --HOLE--

.bootVecs 
*          0    00000000    00000008     DSECT
                  00000000    00000008     boot.aem4f : boot.oem4f (.bootVecs)

.vecs      0    20000000    00000360     UNINITIALIZED
                  20000000    00000360     empty_pem4f.oem4f (.vecs)

xdc.meta   0    00000000    000000e1     COPY SECTION
                  00000000    000000e1     empty_pem4f.oem4f (xdc.meta)

MODULE SUMMARY

       Module                       code    ro data   rw data
       ------                       ----    -------   -------
    .\
       main_sem.obj                 1576    0         4      
    +--+----------------------------+-------+---------+---------+
       Total:                       1576    0         4      
                                                             
    C:\Users\inano\Desktop\ProySepa\Proy_sem\Debug\configPkg\package\cfg\
       empty_pem4f.oem4f            3122    9992      13412  
    +--+----------------------------+-------+---------+---------+
       Total:                       3122    9992      13412  
                                                             
    C:/ti/tirtos_tivac_2_16_00_08/products/TivaWare_C_Series-2.1.1.71b/driverlib/ccs/Debug/driverlib.lib
       sysctl.obj                   936     452       0      
       gpio.obj                     502     144       0      
       interrupt.obj                120     112       0      
       adc.obj                      214     0         0      
       uart.obj                     146     0         0      
       timer.obj                    140     0         0      
       ssi.obj                      80      0         0      
       cpu.obj                      12      0         0      
    +--+----------------------------+-------+---------+---------+
       Total:                       2150    708       0      
                                                             
    C:\Users\inano\Desktop\ProySepa\Proy_sem\src\sysbios\sysbios.aem4f
       BIOS.obj                     13302   0         0      
       m3_Hwi_asm.obj               314     0         0      
       m3_TaskSupport_asm.obj       180     0         0      
       m3_Hwi_asm_switch.obj        118     0         0      
    +--+----------------------------+-------+---------+---------+
       Total:                       13914   0         0      
                                                             
    C:\ti\ccsv8\tools\compiler\ti-cgt-arm_18.1.3.LTS\lib\rtsv7M4_T_le_v4SPD16_eabi.lib
       trgmsg.c.obj                 108     0         288    
       memcpy_t2.asm.obj            156     0         0      
       memset_t2.asm.obj            122     0         0      
       copy_decompress_lzss.c.obj   104     0         0      
       hostwrite.c.obj              88      0         0      
       cpy_tbl.c.obj                76      0         0      
       u_divt2.asm.obj              64      0         0      
       _lock.c.obj                  26      0         8      
       args_main.c.obj              24      0         0      
       strlen.c.obj                 20      0         0      
       copy_decompress_none.c.obj   14      0         0      
       copy_zero_init.c.obj         12      0         0      
       hostopen.c.obj               0       0         8      
       exit.c.obj                   4       0         0      
       stkdepth_vars.c.obj          0       0         4      
       div0.asm.obj                 2       0         0      
    +--+----------------------------+-------+---------+---------+
       Total:                       820     0         308    
                                                             
    C:\ti\tirtos_tivac_2_16_00_08\products\bios_6_45_01_29\packages\ti\catalog\arm\cortexm4\tiva\ce\lib\Boot.aem4f
       Boot_sysctl.oem4f            628     452       0      
       Boot.oem4f                   152     0         0      
    +--+----------------------------+-------+---------+---------+
       Total:                       780     452       0      
                                                             
    C:\ti\tirtos_tivac_2_16_00_08\products\bios_6_45_01_29\packages\ti\targets\arm\rtsarm\lib\auto_init.aem4f
       auto_init.oem4f              160     0         0      
    +--+----------------------------+-------+---------+---------+
       Total:                       160     0         0      
                                                             
    C:\ti\tirtos_tivac_2_16_00_08\products\bios_6_45_01_29\packages\ti\targets\arm\rtsarm\lib\boot.aem4f
       boot.oem4f                   88      0         0      
    +--+----------------------------+-------+---------+---------+
       Total:                       88      0         0      
                                                             
    C:\ti\tirtos_tivac_2_16_00_08\products\bios_6_45_01_29\packages\ti\targets\arm\rtsarm\lib\ti.targets.arm.rtsarm.aem4f
       System.oem4f                 1255    0         0      
       HeapStd.oem4f                714     0         0      
       Text.oem4f                   672     0         0      
       Error.oem4f                  524     0         0      
       Core-mem.oem4f               358     0         0      
       Startup.oem4f                328     0         0      
       SysMin.oem4f                 248     0         0      
       Core-smem.oem4f              204     0         0      
       Memory.oem4f                 176     0         0      
       Assert.oem4f                 84      0         0      
       Core-params.oem4f            70      0         0      
       Core-label.oem4f             52      0         0      
       Registry.oem4f               32      0         0      
       Gate.oem4f                   28      0         0      
    +--+----------------------------+-------+---------+---------+
       Total:                       4745    0         0      
                                                             
    C:\ti\tirtos_tivac_2_16_00_08\products\uia_2_00_05_50\packages\ti\uia\loggers\lib\release\ti.uia.loggers.aem4f
       LoggerStopMode.oem4f         552     0         0      
    +--+----------------------------+-------+---------+---------+
[...]
00009750  ti_sysbios_family_arm_m3_Hwi_Module__loggerFxn8__C                   
00009754  ti_sysbios_family_arm_m3_Hwi_Module__loggerObj__C                    
00009758  ti_sysbios_family_arm_m3_Hwi_NUM_INTERRUPTS__C                       
0000975c  ti_sysbios_family_arm_m3_Hwi_Object__count__C                        
00009760  ti_sysbios_family_arm_m3_Hwi_ccr__C                                  
00009764  ti_sysbios_family_arm_m3_Hwi_excHandlerFunc__C                       
00009768  ti_sysbios_family_arm_m3_Hwi_excHookFuncs__C                         
0000976c  ti_sysbios_family_arm_m3_Hwi_nullIsrFunc__C                          
00009770  ti_sysbios_family_arm_m3_Hwi_priGroup__C                             
00009774  ti_sysbios_gates_GateMutex_A_badContext__C                           
00009778  ti_sysbios_gates_GateMutex_Instance_State_sem__O                     
0000977c  ti_sysbios_gates_GateMutex_Module__diagsEnabled__C                   
00009780  ti_sysbios_gates_GateMutex_Module__diagsIncluded__C                  
00009784  ti_sysbios_gates_GateMutex_Module__diagsMask__C                      
00009788  ti_sysbios_hal_Hwi_E_stackOverflow__C                                
0000978c  ti_sysbios_heaps_HeapMem_Object__count__C                            
00009790  ti_sysbios_knl_Clock_LM_begin__C                                     
00009794  ti_sysbios_knl_Clock_LM_tick__C                                      
00009798  ti_sysbios_knl_Clock_LW_delayed__C                                   
0000979c  ti_sysbios_knl_Clock_Module_State_clockQ__O                          
000097a0  ti_sysbios_knl_Clock_Module__diagsEnabled__C                         
000097a4  ti_sysbios_knl_Clock_Module__diagsIncluded__C                        
000097a8  ti_sysbios_knl_Clock_Module__diagsMask__C                            
000097ac  ti_sysbios_knl_Clock_Module__loggerFxn1__C                           
000097b0  ti_sysbios_knl_Clock_Module__loggerFxn2__C                           
000097b4  ti_sysbios_knl_Clock_Module__loggerObj__C                            
000097b8  ti_sysbios_knl_Semaphore_A_badContext__C                             
000097bc  ti_sysbios_knl_Semaphore_A_noEvents__C                               
000097c0  ti_sysbios_knl_Semaphore_A_overflow__C                               
000097c4  ti_sysbios_knl_Semaphore_A_pendTaskDisabled__C                       
000097c8  ti_sysbios_knl_Semaphore_Instance_State_pendQ__O                     
000097cc  ti_sysbios_knl_Semaphore_LM_pend__C                                  
000097d0  ti_sysbios_knl_Semaphore_LM_post__C                                  
000097d4  ti_sysbios_knl_Semaphore_Module__diagsEnabled__C                     
000097d8  ti_sysbios_knl_Semaphore_Module__diagsIncluded__C                    
000097dc  ti_sysbios_knl_Semaphore_Module__diagsMask__C                        
000097e0  ti_sysbios_knl_Semaphore_Module__loggerFxn2__C                       
000097e4  ti_sysbios_knl_Semaphore_Module__loggerFxn4__C                       
000097e8  ti_sysbios_knl_Semaphore_Module__loggerObj__C                        
000097ec  ti_sysbios_knl_Swi_LD_end__C                                         
000097f0  ti_sysbios_knl_Swi_LM_begin__C                                       
000097f4  ti_sysbios_knl_Swi_LM_post__C                                        
000097f8  ti_sysbios_knl_Swi_Module__diagsEnabled__C                           
000097fc  ti_sysbios_knl_Swi_Module__diagsIncluded__C                          
00009800  ti_sysbios_knl_Swi_Module__diagsMask__C                              
00009804  ti_sysbios_knl_Swi_Module__loggerFxn1__C                             
00009808  ti_sysbios_knl_Swi_Module__loggerFxn4__C                             
0000980c  ti_sysbios_knl_Swi_Module__loggerObj__C                              
00009810  ti_sysbios_knl_Swi_Object__count__C                                  
00009814  ti_sysbios_knl_Task_A_badTimeout__C                                  
00009818  ti_sysbios_knl_Task_A_sleepTaskDisabled__C                           
0000981c  ti_sysbios_knl_Task_E_spOutOfBounds__C                               
00009820  ti_sysbios_knl_Task_E_stackOverflow__C                               
00009824  ti_sysbios_knl_Task_LD_block__C                                      
00009828  ti_sysbios_knl_Task_LD_exit__C                                       
0000982c  ti_sysbios_knl_Task_LD_ready__C                                      
00009830  ti_sysbios_knl_Task_LM_sleep__C                                      
00009834  ti_sysbios_knl_Task_LM_switch__C                                     
00009838  ti_sysbios_knl_Task_Module_State_inactiveQ__O                        
0000983c  ti_sysbios_knl_Task_Module__diagsEnabled__C                          
00009840  ti_sysbios_knl_Task_Module__diagsIncluded__C                         
00009844  ti_sysbios_knl_Task_Module__diagsMask__C                             
00009848  ti_sysbios_knl_Task_Module__loggerFxn2__C                            
0000984c  ti_sysbios_knl_Task_Module__loggerFxn4__C                            
00009850  ti_sysbios_knl_Task_Module__loggerObj__C                             
00009854  ti_sysbios_knl_Task_Object__count__C                                 
00009858  ti_sysbios_knl_Task_Object__heap__C                                  
0000985c  ti_sysbios_knl_Task_allBlockedFunc__C                                
00009860  ti_sysbios_knl_Task_numConstructedTasks__C                           
00009864  ti_sysbios_utils_Load_LS_cpuLoad__C                                  
00009868  ti_sysbios_utils_Load_LS_taskLoad__C                                 
0000986c  ti_sysbios_utils_Load_Module_State_taskList__O                       
00009870  ti_sysbios_utils_Load_Module__diagsEnabled__C                        
00009874  ti_sysbios_utils_Load_Module__diagsIncluded__C                       
00009878  ti_sysbios_utils_Load_Module__diagsMask__C                           
0000987c  ti_sysbios_utils_Load_Module__loggerFxn1__C                          
00009880  ti_sysbios_utils_Load_Module__loggerFxn4__C                          
00009884  ti_sysbios_utils_Load_Module__loggerObj__C                           
00009888  ti_sysbios_utils_Load_postUpdate__C                                  
0000988c  ti_sysbios_utils_Load_windowInMs__C                                  
00009890  ti_uia_loggers_LoggerStopMode_Module__diagsEnabled__C                
00009894  ti_uia_loggers_LoggerStopMode_Module__diagsIncluded__C               
00009898  ti_uia_loggers_LoggerStopMode_Module__diagsMask__C                   
0000989c  ti_uia_loggers_LoggerStopMode_Object__count__C                       
000098a0  ti_uia_runtime_ILoggerSnapshot_Interface__BASE__C                    
000098a4  ti_uia_runtime_IUIATransfer_Interface__BASE__C                       
000098a8  xdc_runtime_Assert_E_assertFailed__C                                 
000098ac  xdc_runtime_Core_A_initializedParams__C                              
000098b0  xdc_runtime_Core_Module__diagsEnabled__C                             
000098b4  xdc_runtime_Core_Module__diagsIncluded__C                            
000098b8  xdc_runtime_Core_Module__diagsMask__C                                
000098bc  xdc_runtime_Error_E_memory__C                                        
000098c0  xdc_runtime_Error_Module__diagsEnabled__C                            
000098c4  xdc_runtime_Error_Module__diagsIncluded__C                           
000098c8  xdc_runtime_Error_Module__diagsMask__C                               
000098cc  xdc_runtime_Error_Module__loggerFxn8__C                              
000098d0  xdc_runtime_Error_Module__loggerObj__C                               
000098d4  xdc_runtime_Error_policyFxn__C                                       
000098d8  xdc_runtime_Error_raiseHook__C                                       
000098dc  xdc_runtime_HeapStd_A_align__C                                       
000098e0  xdc_runtime_HeapStd_A_invalidTotalFreeSize__C                        
000098e4  xdc_runtime_HeapStd_A_zeroSize__C                                    
000098e8  xdc_runtime_HeapStd_E_noRTSMemory__C                                 
000098ec  xdc_runtime_HeapStd_Module__diagsEnabled__C                          
000098f0  xdc_runtime_HeapStd_Module__diagsIncluded__C                         
000098f4  xdc_runtime_HeapStd_Module__diagsMask__C                             
000098f8  xdc_runtime_IFilterLogger_Interface__BASE__C                         
000098fc  xdc_runtime_IGateProvider_Interface__BASE__C                         
00009900  xdc_runtime_IHeap_Interface__BASE__C                                 
00009904  xdc_runtime_ILogger_Interface__BASE__C                               
00009908  xdc_runtime_IModule_Interface__BASE__C                               
0000990c  xdc_runtime_Log_L_error__C                                           
00009910  xdc_runtime_Memory_defaultHeapInstance__C                            
00009914  xdc_runtime_Startup_execImpl__C                                      
00009918  xdc_runtime_Startup_lastFxns__A                                      
0000991c  xdc_runtime_Startup_maxPasses__C                                     
00009920  xdc_runtime_Startup_sfxnRts__C                                       
00009924  xdc_runtime_Startup_sfxnTab__C                                       
00009928  xdc_runtime_SysMin_bufSize__C                                        
0000992c  xdc_runtime_SysMin_outputFunc__C                                     
00009930  xdc_runtime_System_Module__gateObj__C                                
00009934  xdc_runtime_System_abortFxn__C                                       
00009938  xdc_runtime_System_exitFxn__C                                        
0000993c  xdc_runtime_System_extendFxn__C                                      
00009940  xdc_runtime_System_maxAtexitHandlers__C                              
00009944  xdc_runtime_Text_charTab__C                                          
00009948  xdc_runtime_Text_nameEmpty__C                                        
0000994c  xdc_runtime_Text_nameStatic__C                                       
00009950  xdc_runtime_Text_nameUnknown__C                                      
00009954  xdc_runtime_Text_nodeTab__C                                          
00009958  xdc_runtime_Text_visitRopeFxn__C                                     
0000995c  ti_catalog_arm_cortexm4_tiva_ce_Boot_Module__id__C                   
0000995e  ti_sysbios_family_arm_lm4_TimestampProvider_useClockTimer__C         
00009960  ti_sysbios_family_arm_m3_Hwi_Module__id__C                           
00009962  ti_sysbios_family_arm_m3_Hwi_Module__loggerDefined__C                
00009964  ti_sysbios_gates_GateMutex_Module__id__C                             
00009966  ti_sysbios_hal_Hwi_Module__id__C                                     
00009968  ti_sysbios_knl_Clock_Module__id__C                                   
0000996a  ti_sysbios_knl_Clock_Module__loggerDefined__C                        
0000996c  ti_sysbios_knl_Semaphore_Module__id__C                               
0000996e  ti_sysbios_knl_Semaphore_Module__loggerDefined__C                    
00009970  ti_sysbios_knl_Swi_Module__id__C                                     
00009972  ti_sysbios_knl_Swi_Module__loggerDefined__C                          
00009974  ti_sysbios_knl_Task_Module__id__C                                    
00009976  ti_sysbios_knl_Task_Module__loggerDefined__C                         
00009978  ti_sysbios_utils_Load_Module__id__C                                  
0000997a  ti_sysbios_utils_Load_Module__loggerDefined__C                       
0000997c  ti_sysbios_utils_Load_autoAddTasks__C                                
0000997e  ti_sysbios_utils_Load_updateInIdle__C                                
00009980  ti_uia_loggers_LoggerStopMode_Module__id__C                          
00009982  ti_uia_loggers_LoggerStopMode_isTimestampEnabled__C                  
00009984  xdc_runtime_Core_Module__id__C                                       
00009986  xdc_runtime_Error_Module__loggerDefined__C                           
00009988  xdc_runtime_Error_maxDepth__C                                        
0000998a  xdc_runtime_HeapStd_Module__id__C                                    
0000998c  xdc_runtime_Memory_Module__id__C                                     
0000998e  xdc_runtime_SysMin_flushAtExit__C                                    
00009990  xdc_runtime_Text_charCnt__C                                          
00009992  xdc_runtime_Text_isLoaded__C                                         
00009994  xdc_runtime_Text_registryModsLastId__C                               
00009996  xdc_runtime_Text_unnamedModsLastId__C                                
00009998  __TI_static_base__                                                   
00009c54  __TI_Handler_Table_Base                                              
00009c60  __TI_Handler_Table_Limit                                             
00009c70  __TI_CINIT_Base                                                      
00009c88  __TI_CINIT_Limit                                                     
20000000  ti_sysbios_family_arm_m3_Hwi_ramVectors                              
20000380  ti_sysbios_knl_Task_Instance_State_0_stack__A                        
20000b80  ti_sysbios_knl_Task_Instance_State_1_stack__A                        
20001380  ti_sysbios_knl_Task_Instance_State_2_stack__A                        
20001b80  ti_uia_loggers_LoggerStopMode_Instance_State_1_packetArray__A        
20001f80  ti_uia_loggers_LoggerStopMode_Instance_State_2_packetArray__A        
20002380  xdc_runtime_SysMin_Module_State_0_outbuf__A                          
20002780  ti_sysbios_family_arm_m3_Hwi_dispatchTable                           
20002ae0  parmbuf                                                              
20002ae8  reloj                                                                
20002aec  ti_sysbios_knl_Task_Instance_State_0_hookEnv__A                      
20002af0  ti_sysbios_knl_Task_Instance_State_1_hookEnv__A                      
20002af4  ti_sysbios_knl_Task_Instance_State_2_hookEnv__A                      
20002b00  ti_uia_loggers_LoggerStopMode_Instance_State_0_packetArray__A        
20002d00  __CIOBUF_                                                            
20002e80  ti_uia_loggers_LoggerStopMode_Instance_State_0_hdr__A                
20002f00  ti_uia_loggers_LoggerStopMode_Instance_State_1_hdr__A                
20002f80  ti_uia_loggers_LoggerStopMode_Instance_State_2_hdr__A                
20002fb0  ti_sysbios_knl_Task_Object__table__V                                 
200030a0  ti_uia_loggers_LoggerStopMode_Object__table__V                       
2000313c  ti_sysbios_utils_Load_Module__state__V                               
200031d4  ti_sysbios_family_arm_lm4_Timer_Object__table__V                     
20003254  ti_sysbios_knl_Swi_Module_State_0_readyQ__A                          
200032d4  ti_sysbios_knl_Task_Module_State_0_readyQ__A                         
20003354  ti_sysbios_utils_Load_Module_State_0_taskEnv__A                      
200033a8  ti_sysbios_family_arm_m3_Hwi_Object__table__V                        
200033f0  ti_sysbios_knl_Task_Module__state__V                                 
20003434  ti_sysbios_family_arm_lm4_Timer_Module_State_0_device__A             
20003474  ti_sysbios_knl_Semaphore_Object__table__V                            
200034b0  ti_sysbios_gates_GateMutex_Object__table__V                          
200034e8  ti_sysbios_family_arm_m3_Hwi_Module__state__V                        
2000351c  ti_sysbios_knl_Swi_Object__table__V                                  
2000354c  ti_sysbios_knl_Clock_Module__state__V                                
20003578  ti_sysbios_BIOS_Module__state__V                                     
2000359c  ti_sysbios_family_arm_lm4_Timer_Module_State_0_handles__A            
200035bc  xdc_runtime_System_Module_State_0_atexitHandlers__A                  
200035dc  ti_sysbios_knl_Swi_Module__state__V                                  
200035f8  ti_sysbios_family_arm_lm4_Timer_Module__state__V                     
20003604  ti_sysbios_knl_Task_Module__root__V                                  
20003610  ti_uia_runtime_QueueDescriptor_Module__state__V                      
2000361c  xdc_runtime_HeapStd_Object__table__V                                 
20003628  xdc_runtime_SysMin_Module__state__V                                  
20003634  _lock                                                                
20003638  _unlock                                                              
2000363c  ti_uia_runtime_QueueDescriptor_gPtrToFirstDescriptor                 
20003640  ti_uia_runtime_QueueDescriptor_gUpdateCount                          
20003644  ti_sysbios_family_arm_lm4_TimestampProvider_Module__state__V         
2000364c  ti_sysbios_gates_GateHwi_Module__root__V                             
20003654  ti_sysbios_gates_GateMutex_Module__root__V                           
2000365c  ti_sysbios_hal_Hwi_Object__table__V                                  
20003664  ti_sysbios_knl_Queue_Module__root__V                                 
2000366c  ti_sysbios_knl_Queue_Object__table__V                                
20003674  ti_sysbios_knl_Semaphore_Module__root__V                             
2000367c  ti_uia_loggers_LoggerStopMode_Module__root__V                        
20003684  xdc_runtime_HeapStd_Module__root__V                                  
2000368c  xdc_runtime_Registry_Module__state__V                                
20003694  xdc_runtime_Startup_Module__state__V                                 
2000369c  xdc_runtime_System_Module__state__V                                  
200036a4  main_func_sp                                                         
200036a8  ti_sysbios_family_arm_m3_Hwi_Module_State_0_excContext__A            
200036ac  ti_sysbios_family_arm_m3_Hwi_Module_State_0_excStack__A              
200036b0  ti_sysbios_gates_GateHwi_Object__table__V                            
200036b4  ti_sysbios_knl_Task_Module_State_0_idleTask__A                       
200036b8  ti_sysbios_utils_Load_Module_State_0_runningTask__A                  
200036bc  ti_sysbios_utils_Load_Module_State_0_taskStartTime__A                
200036c0  xdc_runtime_HeapStd_Module__state__V                                 
200036c4  xdc_runtime_Memory_Module__state__V                                  
200036c8  ti_sysbios_family_arm_m3_Hwi_Module_State_0_excActive__A             
200036ca  xdc_runtime_Error_Module__state__V                                   
200036d0  __stack                                                              
20003ad0  __STACK_END                                                          
e000e000  ti_sysbios_family_arm_m3_Hwi_nvic                                    
ffffffff  __TI_pprof_out_hndl                                                  
ffffffff  __TI_prof_data_size                                                  
ffffffff  __TI_prof_data_start                                                 
ffffffff  __binit__                                                            
ffffffff  __c_args__                                                           
ffffffff  binit                                                                
UNDEFED   SHT$$INIT_ARRAY$$Base                                                
UNDEFED   SHT$$INIT_ARRAY$$Limit                                               

[699 symbols]
